Component: ARM Compiler 5.05 update 2 (build 169) Tool: armlink [4d35a8]

==============================================================================

Section Cross References

    cpucfg.o(i.BootClrReqInfo) refers to flash.o(i.HT_Flash_PageErase) for HT_Flash_PageErase
    cpucfg.o(i.BootSetReqInfo) refers to flash.o(i.HT_Flash_PageErase) for HT_Flash_PageErase
    cpucfg.o(i.BootSetReqInfo) refers to flash.o(i.HT_Flash_ByteWrite) for HT_Flash_ByteWrite
    cpucfg.o(i.BootSetReqInfo) refers to cpucfg.o(.data) for updateInfo
    cpucfg.o(i.HardFault_Handler) refers to printf8.o(i.__0printf$8) for __2printf
    main.o(i.LoadSysCfgInfo) refers to flash.o(i.FlashReadSysInfo) for FlashReadSysInfo
    main.o(i.LoadSysCfgInfo) refers to rtc.o(i.GetCurrentTime) for GetCurrentTime
    main.o(i.LoadSysCfgInfo) refers to printf8.o(i.__0printf$8) for __2printf
    main.o(i.LoadSysCfgInfo) refers to main.o(i.SysCfgInit) for SysCfgInit
    main.o(i.LoadSysCfgInfo) refers to memseta.o(.text) for __aeabi_memclr4
    main.o(i.LoadSysCfgInfo) refers to memmovea.o(.text) for __aeabi_memcpy
    main.o(i.LoadSysCfgInfo) refers to flash.o(i.FlashWriteSysInfo) for FlashWriteSysInfo
    main.o(i.LoadSysCfgInfo) refers to flash.o(i.FlashWriteGunInfo) for FlashWriteGunInfo
    main.o(i.LoadSysCfgInfo) refers to history_order.o(i.Clear_RecordOrder) for Clear_RecordOrder
    main.o(i.LoadSysCfgInfo) refers to server.o(.bss) for system_info
    main.o(i.LoadSysCfgInfo) refers to main.o(.constdata) for __func__
    main.o(i.LoadSysCfgInfo) refers to gun.o(.bss) for gun_info
    main.o(i.MainTask) refers to simuart.o(i.SimuartInit) for SimuartInit
    main.o(i.MainTask) refers to tasks.o(i.vTaskDelay) for vTaskDelay
    main.o(i.MainTask) refers to printf8.o(i.__0printf$8) for __2printf
    main.o(i.MainTask) refers to lcd.o(i.Lcd_Init) for Lcd_Init
    main.o(i.MainTask) refers to lcd.o(i.LcdEnterInitStu) for LcdEnterInitStu
    main.o(i.MainTask) refers to ntcad.o(i.InitTmp) for InitTmp
    main.o(i.MainTask) refers to rtc.o(i.RtcInit) for RtcInit
    main.o(i.MainTask) refers to i2c.o(i.I2C_Init) for I2C_Init
    main.o(i.MainTask) refers to main.o(i.LoadSysCfgInfo) for LoadSysCfgInfo
    main.o(i.MainTask) refers to server.o(i.ChargerInfoProc) for ChargerInfoProc
    main.o(i.MainTask) refers to gun.o(i.GunInit) for GunInit
    main.o(i.MainTask) refers to sc8042.o(i.Sc8042b_Init) for Sc8042b_Init
    main.o(i.MainTask) refers to outnetproto.o(i.OutNetInit) for OutNetInit
    main.o(i.MainTask) refers to history_order.o(i.HistoryOrder_Init) for HistoryOrder_Init
    main.o(i.MainTask) refers to memseta.o(.text) for __aeabi_memclr4
    main.o(i.MainTask) refers to tasks.o(i.xTaskCreate) for xTaskCreate
    main.o(i.MainTask) refers to rtc.o(i.GetCurrentTime) for GetCurrentTime
    main.o(i.MainTask) refers to server.o(i.ShowCostTemplate) for ShowCostTemplate
    main.o(i.MainTask) refers to gun.o(i.RestoreGunStatus) for RestoreGunStatus
    main.o(i.MainTask) refers to rtc.o(i.GetRtcCount) for GetRtcCount
    main.o(i.MainTask) refers to memcmp.o(.text) for memcmp
    main.o(i.MainTask) refers to proto.o(i.SendStartUpNotice) for SendStartUpNotice
    main.o(i.MainTask) refers to proto.o(i.SendRegister) for SendRegister
    main.o(i.MainTask) refers to ui.o(i.SwitchToUi_Standby) for SwitchToUi_Standby
    main.o(i.MainTask) refers to server.o(i.StartChargingSend) for StartChargingSend
    main.o(i.MainTask) refers to server.o(i.SendHistoryOrder) for SendHistoryOrder
    main.o(i.MainTask) refers to sim800c.o(i.GprsSocketStateCheck) for GprsSocketStateCheck
    main.o(i.MainTask) refers to sim800c.o(i.GprsSendCmd) for GprsSendCmd
    main.o(i.MainTask) refers to uidiv.o(.text) for __aeabi_uidivmod
    main.o(i.MainTask) refers to proto.o(i.HeartBeatHandle) for HeartBeatHandle
    main.o(i.MainTask) refers to ui.o(i.SetPrintSwitch) for SetPrintSwitch
    main.o(i.MainTask) refers to main.o(i.TempProc) for TempProc
    main.o(i.MainTask) refers to proto.o(i.CostTemplateReq) for CostTemplateReq
    main.o(i.MainTask) refers to server.o(i.ChargingCtrlProc) for ChargingCtrlProc
    main.o(i.MainTask) refers to server.o(i.ProcNetStatus) for ProcNetStatus
    main.o(i.MainTask) refers to server.o(i.ChargingProc) for ChargingProc
    main.o(i.MainTask) refers to outnetproto.o(i.CheckDialValue) for CheckDialValue
    main.o(i.MainTask) refers to sc8042.o(i.CheckVoiceChipPower) for CheckVoiceChipPower
    main.o(i.MainTask) refers to server.o(i.ProcGunStatus) for ProcGunStatus
    main.o(i.MainTask) refers to blueproto.o(i.BlueTimingOpen) for BlueTimingOpen
    main.o(i.MainTask) refers to blueproto.o(i.BlueSendHeartBeat) for BlueSendHeartBeat
    main.o(i.MainTask) refers to blueproto.o(i.ProcBtHeartBeat) for ProcBtHeartBeat
    main.o(i.MainTask) refers to main.o(i.ProcTradeRecord) for ProcTradeRecord
    main.o(i.MainTask) refers to blueproto.o(i.BlueRegister) for BlueRegister
    main.o(i.MainTask) refers to server.o(.bss) for gChgInfo
[...]
    UiDisplay_ErrCode                        0x000138a9   Thumb Code    72  ui.o(i.UiDisplay_ErrCode)
    UiDisplay_KeyBuf                         0x000138f1   Thumb Code   108  ui.o(i.UiDisplay_KeyBuf)
    UiDisplay_MonthDay                       0x0001395d   Thumb Code    90  ui.o(i.UiDisplay_MonthDay)
    UiDisplay_PosData                        0x000139b9   Thumb Code    48  ui.o(i.UiDisplay_PosData)
    UiDisplay_SignalVal                      0x000139ed   Thumb Code    44  ui.o(i.UiDisplay_SignalVal)
    UiDisplay_SocketNum                      0x00013a19   Thumb Code    86  ui.o(i.UiDisplay_SocketNum)
    UiDisplay_Time                           0x00013a6f   Thumb Code   136  ui.o(i.UiDisplay_Time)
    UiDisplay_Version                        0x00013af9   Thumb Code    56  ui.o(i.UiDisplay_Version)
    UiKeyHandle_AdministratorTestMode        0x00013b35   Thumb Code   290  ui.o(i.UiKeyHandle_AdministratorTestMode)
    UiKeyHandle_EventNoticeTest              0x00013c5d   Thumb Code   240  ui.o(i.UiKeyHandle_EventNoticeTest)
    UiKeyHandle_InputChargerMoney            0x00013db1   Thumb Code   346  ui.o(i.UiKeyHandle_InputChargerMoney)
    UiKeyHandle_InputChargerSn               0x00013f65   Thumb Code   212  ui.o(i.UiKeyHandle_InputChargerSn)
    UiKeyHandle_InputDeviceId                0x00014055   Thumb Code   132  ui.o(i.UiKeyHandle_InputDeviceId)
    UiKeyHandle_InputSocketNum               0x000140e1   Thumb Code   402  ui.o(i.UiKeyHandle_InputSocketNum)
    UiKeyHandle_RelayTest                    0x000142b1   Thumb Code   274  ui.o(i.UiKeyHandle_RelayTest)
    UiKeyHandle_SetPrintSwitch               0x00014441   Thumb Code   106  ui.o(i.UiKeyHandle_SetPrintSwitch)
    UiKeyHandle_Standby                      0x000144b1   Thumb Code   208  ui.o(i.UiKeyHandle_Standby)
    UiProgressLoop                           0x000145b9   Thumb Code   160  ui.o(i.UiProgressLoop)
    UiStateLoop                              0x0001465d   Thumb Code   766  ui.o(i.UiStateLoop)
    Ui_InputChargerMoney                     0x00014971   Thumb Code    24  ui.o(i.Ui_InputChargerMoney)
    Ui_InputSocketNum                        0x00014989   Thumb Code    24  ui.o(i.Ui_InputSocketNum)
    Ui_SocketException                       0x000149a1   Thumb Code    34  ui.o(i.Ui_SocketException)
    Ui_SocketNumNotExsit                     0x000149c3   Thumb Code    34  ui.o(i.Ui_SocketNumNotExsit)
    Ui_SocketOccupy                          0x000149e5   Thumb Code    34  ui.o(i.Ui_SocketOccupy)
    Ui_StartChargingFailure                  0x00014a07   Thumb Code    34  ui.o(i.Ui_StartChargingFailure)
    UpdataGunDataSum                         0x00014a29   Thumb Code    52  server.o(i.UpdataGunDataSum)
    UpdateNewUiState                         0x00014a65   Thumb Code    62  ui.o(i.UpdateNewUiState)
    UpgradeTimeOutProc                       0x00014ae1   Thumb Code   152  outnetproto.o(i.UpgradeTimeOutProc)
    Upgrade_FlashCheck                       0x00014bb5   Thumb Code    98  upgrade.o(i.Upgrade_FlashCheck)
    Upgrade_Init                             0x00014c5d   Thumb Code    42  upgrade.o(i.Upgrade_Init)
    Upgrade_Write                            0x00014c8d   Thumb Code   406  upgrade.o(i.Upgrade_Write)
    UsartFlush                               0x00014f1d   Thumb Code    22  usart.o(i.UsartFlush)
    UsartGetOneData                          0x00014f39   Thumb Code    26  usart.o(i.UsartGetOneData)
    UsartGetline                             0x00014f59   Thumb Code   146  sim800c.o(i.UsartGetline)
    UsartInit                                0x00014ff1   Thumb Code    54  usart.o(i.UsartInit)
    UsartSend                                0x0001502d   Thumb Code    64  usart.o(i.UsartSend)
    Val                                      0x00015071   Thumb Code    56  server.o(i.Val)
    WholeModuleHandle                        0x000150a9   Thumb Code   416  card.o(i.WholeModuleHandle)
    WriteCfgInfo                             0x00015309   Thumb Code   152  server.o(i.WriteCfgInfo)
    WritePayCardHandle                       0x000153a1   Thumb Code   164  card.o(i.WritePayCardHandle)
    WriteToCardBlock                         0x00015481   Thumb Code    94  card.o(i.WriteToCardBlock)
    WriteUpdateInfo                          0x000154ed   Thumb Code    24  flash.o(i.WriteUpdateInfo)
    Write_HistoryOrder                       0x0001550d   Thumb Code   292  history_order.o(i.Write_HistoryOrder)
    WritecalparaByGunId                      0x000156c9   Thumb Code    24  emu.o(i.WritecalparaByGunId)
    __0printf$8                              0x000156e5   Thumb Code    24  printf8.o(i.__0printf$8)
    __1printf$8                              0x000156e5   Thumb Code     0  printf8.o(i.__0printf$8)
    __2printf                                0x000156e5   Thumb Code     0  printf8.o(i.__0printf$8)
    __0sprintf$8                             0x00015705   Thumb Code    36  printf8.o(i.__0sprintf$8)
    __1sprintf$8                             0x00015705   Thumb Code     0  printf8.o(i.__0sprintf$8)
    __2sprintf                               0x00015705   Thumb Code     0  printf8.o(i.__0sprintf$8)
    __ARM_clz                                0x0001572d   Thumb Code    46  depilogue.o(i.__ARM_clz)
    __ARM_common_switch8                     0x0001575b   Thumb Code    28  blueproto.o(i.__ARM_common_switch8)
    __aeabi_errno_addr                       0x00015779   Thumb Code     4  errno.o(i.__aeabi_errno_addr)
    __rt_errno_addr                          0x00015779   Thumb Code     0  errno.o(i.__aeabi_errno_addr)
    __scatterload_copy                       0x00015781   Thumb Code    14  handlers.o(i.__scatterload_copy)
    __scatterload_null                       0x0001578f   Thumb Code     2  handlers.o(i.__scatterload_null)
    __scatterload_zeroinit                   0x00015791   Thumb Code    14  handlers.o(i.__scatterload_zeroinit)
    at24c64_eepromRead                       0x00015c1f   Thumb Code    26  flash.o(i.at24c64_eepromRead)
    at24c64_eepromWrite                      0x00015c39   Thumb Code   396  flash.o(i.at24c64_eepromWrite)
    ceil10                                   0x00015dd9   Thumb Code    22  ui.o(i.ceil10)
    check7017_sum                            0x00015def   Thumb Code    44  emu.o(i.check7017_sum)
    check_sum                                0x00015e1b   Thumb Code    56  simuart.o(i.check_sum)
    clearKeyBuf                              0x00015e53   Thumb Code    18  ui.o(i.clearKeyBuf)
    delCharFormKeyBuf                        0x00015e65   Thumb Code    20  ui.o(i.delCharFormKeyBuf)
    delay                                    0x00015e79   Thumb Code    16  main.o(i.delay)
    delay_us                                 0x00015e89   Thumb Code    44  cpucfg.o(i.delay_us)
    emuTask                                  0x00015eb5   Thumb Code   600  emu.o(i.emuTask)
    filterValue                              0x000161e9   Thumb Code    46  emu.o(i.filterValue)
    fputc                                    0x0001621d   Thumb Code    80  server.o(i.fputc)
    gprs_power_off                           0x00016275   Thumb Code    42  sim800c.o(i.gprs_power_off)
    gprs_power_on                            0x000162cd   Thumb Code    70  sim800c.o(i.gprs_power_on)
    invNxN                                   0x00016349   Thumb Code   834  emu.o(i.invNxN)
    isEmergencyCode                          0x0001668d   Thumb Code   434  ui.o(i.isEmergencyCode)
    isTradeIndexTrue                         0x000168f5   Thumb Code   126  history_order.o(i.isTradeIndexTrue)
    main                                     0x00016979   Thumb Code    82  main.o(i.main)
    matprod                                  0x000169f5   Thumb Code    74  emu.o(i.matprod)
    putCharToKeyBuf                          0x00016e4d   Thumb Code    30  ui.o(i.putCharToKeyBuf)
    pvPortMalloc                             0x00016e71   Thumb Code   264  heap_4.o(i.pvPortMalloc)
    pxPortInitialiseStack                    0x00016f8d   Thumb Code    26  port.o(i.pxPortInitialiseStack)
    readAlldata                              0x00016fad   Thumb Code  1344  emu.o(i.readAlldata)
    readCur                                  0x00017531   Thumb Code   150  emu.o(i.readCur)
    readPow                                  0x000175d5   Thumb Code   184  emu.o(i.readPow)
    readVol                                  0x0001769d   Thumb Code   124  emu.o(i.readVol)
    restoi                                   0x00017725   Thumb Code    66  sim800c.o(i.restoi)
    sim800_check_ATE                         0x00017769   Thumb Code    50  sim800c.o(i.sim800_check_ATE)
    sim800_check_ATI                         0x000177b9   Thumb Code    50  sim800c.o(i.sim800_check_ATI)
    sim800_check_CCID                        0x00017809   Thumb Code    50  sim800c.o(i.sim800_check_CCID)
    sim800_check_CGATT                       0x00017859   Thumb Code    50  sim800c.o(i.sim800_check_CGATT)
    sim800_check_CIICR                       0x000178a9   Thumb Code    76  sim800c.o(i.sim800_check_CIICR)
    sim800_check_CIPMUX                      0x00017915   Thumb Code    50  sim800c.o(i.sim800_check_CIPMUX)
    sim800_check_CIPRXGET                    0x00017965   Thumb Code    50  sim800c.o(i.sim800_check_CIPRXGET)
    sim800_check_CIPSHUT                     0x000179b5   Thumb Code    50  sim800c.o(i.sim800_check_CIPSHUT)
    sim800_check_CREG                        0x00017a05   Thumb Code    50  sim800c.o(i.sim800_check_CREG)
    sim800_check_CSCLK                       0x00017a55   Thumb Code    50  sim800c.o(i.sim800_check_CSCLK)
    sim800_check_CSQ                         0x00017aa5   Thumb Code   106  sim800c.o(i.sim800_check_CSQ)
    sim800_check_CSTT                        0x00017b39   Thumb Code    50  sim800c.o(i.sim800_check_CSTT)
    sim800_check_ack                         0x00017b89   Thumb Code    50  sim800c.o(i.sim800_check_ack)
    sim800_check_cpin                        0x00017bd9   Thumb Code    50  sim800c.o(i.sim800_check_cpin)
    sim800_check_reset                       0x00017c29   Thumb Code   188  sim800c.o(i.sim800_check_reset)
    sim800_default                           0x00017d65   Thumb Code    24  sim800c.o(i.sim800_default)
    sim800_ipopen                            0x00017d81   Thumb Code   180  sim800c.o(i.sim800_ipopen)
    timer2_init                              0x00017e79   Thumb Code    56  emu.o(i.timer2_init)
    trim                                     0x00017ec9   Thumb Code    42  sim800c.o(i.trim)
    updateMatrix                             0x00017ef5   Thumb Code    70  emu.o(i.updateMatrix)
    uxListRemove                             0x00017f41   Thumb Code    40  list.o(i.uxListRemove)
    vListInitialise                          0x00017f69   Thumb Code    26  list.o(i.vListInitialise)
    vListInitialiseItem                      0x00017f83   Thumb Code     6  list.o(i.vListInitialiseItem)
    vListInsert                              0x00017f89   Thumb Code    54  list.o(i.vListInsert)
    vListInsertEnd                           0x00017fbf   Thumb Code    24  list.o(i.vListInsertEnd)
    vPortEnterCritical                       0x00017fd9   Thumb Code    22  port.o(i.vPortEnterCritical)
    vPortExitCritical                        0x00017ff5   Thumb Code    36  port.o(i.vPortExitCritical)
    vPortFree                                0x0001801d   Thumb Code   120  heap_4.o(i.vPortFree)
    vPortYield                               0x0001809d   Thumb Code    18  port.o(i.vPortYield)
    vTaskDelay                               0x000180b5   Thumb Code    62  tasks.o(i.vTaskDelay)
    vTaskDelete                              0x000180f9   Thumb Code   150  tasks.o(i.vTaskDelete)
    vTaskStartScheduler                      0x000181ad   Thumb Code    80  tasks.o(i.vTaskStartScheduler)
    vTaskSuspendAll                          0x00018219   Thumb Code    12  tasks.o(i.vTaskSuspendAll)
    vTaskSwitchContext                       0x00018229   Thumb Code   108  tasks.o(i.vTaskSwitchContext)
    writecalpara                             0x000182a9   Thumb Code   450  emu.o(i.writecalpara)
    xPortStartScheduler                      0x00018471   Thumb Code    48  port.o(i.xPortStartScheduler)
    xTaskCreate                              0x000184a9   Thumb Code    92  tasks.o(i.xTaskCreate)
    xTaskGetCurrentTaskHandle                0x00018505   Thumb Code     6  tasks.o(i.xTaskGetCurrentTaskHandle)
    xTaskIncrementTick                       0x00018511   Thumb Code   218  tasks.o(i.xTaskIncrementTick)
    xTaskResumeAll                           0x00018611   Thumb Code   196  tasks.o(i.xTaskResumeAll)
    gStationId                               0x000186f4   Data           8  main.o(.constdata)
    gBuffToEmuIndex                          0x00018990   Data          10  emu.o(.constdata)
    EMUID                                    0x0001899a   Data           7  emu.o(.constdata)
    EMUDATA                                  0x000189a4   Data         600  emu.o(.constdata)
    defaultMA                                0x00018bfc   Data         576  emu.o(.constdata)
    Gun_GPIO_PortTable                       0x00018e88   Data          96  gun.o(.constdata)
    gZeroArray                               0x000191db   Data          64  server.o(.constdata)
    ipinit_tab                               0x000192c4   Data         380  sim800c.o(.constdata)
    TestCode                                 0x0001964c   Data           4  ui.o(.constdata)
    __ctype_table                            0x0001b975   Data         129  ctype_o.o(.constdata)
    Region$$Table$$Base                      0x0001bf9c   Number         0  anon$$obj.o(Region$$Table)
    Region$$Table$$Limit                     0x0001bfbc   Number         0  anon$$obj.o(Region$$Table)
    updateInfo                               0x20000000   Data           8  cpucfg.o(.data)
    MainTaskHandle_t                         0x20000008   Data           4  main.o(.data)
    ServerTaskHandle_t                       0x2000000c   Data           4  main.o(.data)
    gEmuTaskHandle_t                         0x20000010   Data           4  main.o(.data)
    SendTradeRecordNoticeTime                0x20000014   Data           4  main.o(.data)
    SendStartChargingNoticeTime              0x20000018   Data           4  main.o(.data)
    oneUploadTradeNum                        0x2000001c   Data           2  main.o(.data)
    uploadHistoryOrderTimes                  0x20000020   Data           4  main.o(.data)
    gLastResetReason                         0x20000024   Data           4  main.o(.data)
    current_send_order_gunid                 0x20000029   Data           1  blueproto.o(.data)
    readCardFlg                              0x2000002c   Data           1  card.o(.data)
    gWaitMsgAck                              0x2000002d   Data           1  card.o(.data)
    gCKBSendMux                              0x20000030   Data           8  card.o(.data)
    direction                                0x2000005c   Data           2  emu.o(.data)
    readerror                                0x2000005e   Data           7  emu.o(.data)
    gEmuResetFlag                            0x20000065   Data           1  emu.o(.data)
    chargingOldTime                          0x20000068   Data           4  gun.o(.data)
    gTradeRecordMux                          0x2000006c   Data           8  history_order.o(.data)
    gSendPktLen                              0x20000076   Data           2  outnetproto.o(.data)
    TestKeyFlag                              0x20000078   Data           1  producttest.o(.data)
    TestCardFlag                             0x20000079   Data           1  producttest.o(.data)
    gProtoSendMux                            0x2000007c   Data           8  proto.o(.data)
    gCardReqFlag                             0x20000084   Data           1  proto.o(.data)
    gSendHearBeatCnt                         0x20000085   Data           1  proto.o(.data)
    AesKeyUpdateFlag                         0x20000086   Data           1  proto.o(.data)
    SysToken                                 0x20000087   Data          16  proto.o(.data)
    gWrite                                   0x20000098   Data           2  server.o(.data)
    SendRecordTimers                         0x2000009a   Data           1  server.o(.data)
    gGprsSendMux                             0x200000a4   Data           8  sim800c.o(.data)
    gNetSignal                               0x200000ac   Data           1  sim800c.o(.data)
    gGprsRxLen                               0x200000ae   Data           2  sim800c.o(.data)
    gSimStatus                               0x200000b0   Data           4  sim800c.o(.data)
    istage                                   0x200000b4   Data           1  sim800c.o(.data)
    ui_Info                                  0x200000bc   Data           8  ui.o(.data)
    ProgressloopCnt                          0x200000c4   Data           4  ui.o(.data)
    I2C_sla                                  0x200000c8   Data           1  i2c.o(.data)
    I2C_suba                                 0x200000ca   Data           2  i2c.o(.data)
    I2C_suba_num                             0x200000cc   Data           1  i2c.o(.data)
    I2C_buf                                  0x200000d0   Data           4  i2c.o(.data)
    I2C_num                                  0x200000d4   Data           2  i2c.o(.data)
    I2C_end                                  0x200000d6   Data           1  i2c.o(.data)
    I2C_suba_en                              0x200000d7   Data           1  i2c.o(.data)
    gI2cMux                                  0x200000d8   Data           8  i2c.o(.data)
    keyHappenEvent                           0x200000e0   Data           1  i2c.o(.data)
    gSysSecond                               0x200000e4   Data           4  rtc.o(.data)
    voiceUndateTime                          0x200000e8   Data           4  sc8042.o(.data)
    powerOnFlag                              0x200000ec   Data           1  sc8042.o(.data)
    UART8_RxBuff                             0x200000f0   Data           4  usart.o(.data)
    gUartInitFun                             0x200000f4   Data          40  usart.o(.data)
    pxCurrentTCB                             0x2000011c   Data           4  tasks.o(.data)
    __stdout                                 0x20000178   Data           4  stdout.o(.data)
    gBlueStatus                              0x20000180   Data          24  blueproto.o(.bss)
    gCKBSendBuff                             0x20000198   Data         350  card.o(.bss)
    gBlueInfo                                0x200002f6   Data          39  card.o(.bss)
    gBlueRxData                              0x2000031d   Data         350  card.o(.bss)
    EmuCalation                              0x2000058c   Data         584  emu.o(.bss)
    invMatrixA                               0x200007d4   Data         576  emu.o(.bss)
    sampleVol                                0x20000a14   Data          48  emu.o(.bss)
    sampleCur                                0x20000a44   Data          48  emu.o(.bss)
    checkCur                                 0x20000a74   Data          48  emu.o(.bss)
    samplePower                              0x20000aa4   Data          48  emu.o(.bss)
    checkPower                               0x20000ad4   Data          48  emu.o(.bss)
    powerF                                   0x20000b04   Data          48  emu.o(.bss)
    gEmuCtrl                                 0x20000b34   Data         104  emu.o(.bss)
    gun                                      0x20000b9c   Data         156  emu.o(.bss)
    gEmuStatic                               0x20000c38   Data          84  emu.o(.bss)
    gun_info                                 0x20000c8c   Data        1320  gun.o(.bss)
    orderHeadFlag                            0x200011b4   Data          32  history_order.o(.bss)
    gBuff                                    0x200011d4   Data        1024  history_order.o(.bss)
    gOutNetStatus                            0x200015d4   Data          16  outnetproto.o(.bss)
    gSendPktBuff                             0x200015e4   Data         350  outnetproto.o(.bss)
    gRecvPktBuff                             0x20001742   Data        1056  outnetproto.o(.bss)
    req_cnt                                  0x20001b62   Data          12  proto.o(.bss)
    gProtoSendBuff                           0x20001b6e   Data         350  proto.o(.bss)
    gID2                                     0x20001ccc   Data          25  proto.o(.bss)
    system_info                              0x20001ce8   Data         704  server.o(.bss)
    gPrintBuff                               0x20001fa8   Data         350  server.o(.bss)
    gChgInfo                                 0x20002108   Data        1804  server.o(.bss)
    gSocketPktRxCtrl                         0x20002814   Data          16  sim800c.o(.bss)
    gGprsRxBuff                              0x20002824   Data         512  sim800c.o(.bss)
    gprsBuffer                               0x20002a24   Data         520  sim800c.o(.bss)
    keyVal                                   0x20002c2c   Data          20  ui.o(.bss)
    upgradeInfo                              0x20002c40   Data          20  upgrade.o(.bss)
    gTimeStr                                 0x20002c54   Data          16  rtc.o(.bss)
    gSimUartCtrl                             0x20002c64   Data          48  simuart.o(.bss)
    UART0_RxBuff                             0x20002c94   Data         520  usart.o(.bss)
    UART1_RxBuff                             0x20002e9c   Data         350  usart.o(.bss)
    UART2_RxBuff                             0x20002ffa   Data        1056  usart.o(.bss)
    UART3_RxBuff                             0x2000341a   Data          64  usart.o(.bss)
    UART4_RxBuff                             0x2000345a   Data          64  usart.o(.bss)
    UART5_RxBuff                             0x2000349a   Data          64  usart.o(.bss)
    UART6_RxBuff                             0x200034da   Data          64  usart.o(.bss)
    UART7_RxBuff                             0x2000351a   Data          64  usart.o(.bss)
    UART9_RxBuff                             0x2000355a   Data          64  usart.o(.bss)
    gUartPortAddr                            0x2000359c   Data         360  usart.o(.bss)
    __initial_sp                             0x200073a8   Data           0  startup_ht6x3x.o(STACK)



==============================================================================

Memory Map of the image

  Image Entry point : 0x000020c1

  Load Region LR_IROM1 (Base: 0x00002000, Size: 0x0001a13c, Max: 0x0001b800, ABSOLUTE, COMPRESSED[0x0001a004])

    Execution Region ER_IROM1 (Base: 0x00002000, Size: 0x00019fbc, Max: 0x0001b800, ABSOLUTE)

    Base Addr    Size         Type   Attr      Idx    E Section Name        Object

    0x00002000   0x000000c0   Data   RO         4003    RESET               startup_ht6x3x.o
    0x000020c0   0x00000000   Code   RO         4736  * .ARM.Collect$$$$00000000  mc_p.l(entry.o)
    0x000020c0   0x00000004   Code   RO         5081    .ARM.Collect$$$$00000001  mc_p.l(entry2.o)
    0x000020c4   0x00000004   Code   RO         5084    .ARM.Collect$$$$00000004  mc_p.l(entry5.o)
    0x000020c8   0x00000000   Code   RO         5086    .ARM.Collect$$$$00000008  mc_p.l(entry7b.o)
    0x000020c8   0x00000000   Code   RO         5088    .ARM.Collect$$$$0000000A  mc_p.l(entry8b.o)
    0x000020c8   0x00000008   Code   RO         5089    .ARM.Collect$$$$0000000B  mc_p.l(entry9a.o)
    0x000020d0   0x00000000   Code   RO         5091    .ARM.Collect$$$$0000000D  mc_p.l(entry10a.o)
    0x000020d0   0x00000000   Code   RO         5093    .ARM.Collect$$$$0000000F  mc_p.l(entry11a.o)
    0x000020d0   0x00000004   Code   RO         5082    .ARM.Collect$$$$00002712  mc_p.l(entry2.o)
    0x000020d4   0x00000078   Code   RO         4611    .emb_text           port.o
    0x0000214c   0x0000001c   Code   RO         4005    .text               startup_ht6x3x.o
    0x00002168   0x0000002c   Code   RO         4739    .text               mc_p.l(uidiv.o)
    0x00002194   0x00000028   Code   RO         4741    .text               mc_p.l(idiv.o)
    0x000021bc   0x0000008c   Code   RO         4747    .text               mc_p.l(mktime.o)
    0x00002248   0x00000040   Code   RO         4752    .text               mc_p.l(memmovea.o)
    0x00002288   0x00000024   Code   RO         4754    .text               mc_p.l(memseta.o)
    0x000022ac   0x00000018   Code   RO         4756    .text               mc_p.l(strcat.o)
    0x000022c4   0x00000028   Code   RO         4758    .text               mc_p.l(strstr.o)
    0x000022ec   0x0000001a   Code   RO         4760    .text               mc_p.l(strncpy.o)
    0x00002306   0x00000014   Code   RO         4762    .text               mc_p.l(strchr.o)
    0x0000231a   0x0000000e   Code   RO         4764    .text               mc_p.l(strlen.o)
    0x00002328   0x0000001a   Code   RO         4766    .text               mc_p.l(memcmp.o)
    0x00002342   0x0000001e   Code   RO         4768    .text               mc_p.l(strncmp.o)
    0x00002360   0x00000048   Code   RO         4770    .text               mc_p.l(strtok.o)
    0x000023a8   0x00000014   Code   RO         5041    .text               mc_p.l(uread4.o)
    0x000023bc   0x00000012   Code   RO         5043    .text               mc_p.l(uwrite4.o)
    0x000023ce   0x00000002   PAD
    0x000023d0   0x0000003c   Code   RO         5045    .text               mc_p.l(__0sscanf.o)
    0x0000240c   0x000000e8   Code   RO         5047    .text               mc_p.l(_scanf_str.o)
    0x000024f4   0x0000001a   Code   RO         5049    .text               mc_p.l(atoi.o)
    0x0000250e   0x000000b2   Code   RO         5051    .text               mf_p.l(fadd.o)
    0x000025c0   0x0000007a   Code   RO         5053    .text               mf_p.l(fmul.o)
    0x0000263a   0x0000007c   Code   RO         5055    .text               mf_p.l(fdiv.o)
    0x000026b6   0x00000002   PAD
    0x000026b8   0x00000164   Code   RO         5057    .text               mf_p.l(dadd.o)
    0x0000281c   0x000000d0   Code   RO         5059    .text               mf_p.l(dmul.o)
    0x000028ec   0x00000016   Code   RO         5061    .text               mf_p.l(fflti.o)
    0x00002902   0x0000000e   Code   RO         5063    .text               mf_p.l(ffltui.o)
    0x00002910   0x00000028   Code   RO         5065    .text               mf_p.l(dflti.o)
    0x00002938   0x00000028   Code   RO         5067    .text               mf_p.l(ffixui.o)
    0x00002960   0x00000048   Code   RO         5069    .text               mf_p.l(dfixi.o)
    0x000029a8   0x00000028   Code   RO         5071    .text               mf_p.l(f2d.o)
    0x000029d0   0x00000028   Code   RO         5073    .text               mf_p.l(cdcmple.o)
    0x000029f8   0x00000038   Code   RO         5075    .text               mf_p.l(d2f.o)
    0x00002a30   0x00000014   Code   RO         5077    .text               mf_p.l(cfcmple.o)
    0x00002a44   0x00000014   Code   RO         5079    .text               mf_p.l(cfrcmple.o)
    0x00002a58   0x00000060   Code   RO         5096    .text               mc_p.l(uldiv.o)
    0x00002ab8   0x00000020   Code   RO         5098    .text               mc_p.l(llshl.o)
    0x00002ad8   0x00000022   Code   RO         5100    .text               mc_p.l(llushr.o)
    0x00002afa   0x00000026   Code   RO         5102    .text               mc_p.l(llsshr.o)
    0x00002b20   0x00000010   Code   RO         5104    .text               mc_p.l(localtime_w.o)
    0x00002b30   0x00000074   Code   RO         5107    .text               mc_p.l(localtime_i.o)
    0x00002ba4   0x0000002c   Code   RO         5117    .text               mc_p.l(scanf_char.o)
    0x00002bd0   0x00000044   Code   RO         5119    .text               mc_p.l(_sgetc.o)
    0x00002c14   0x00000070   Code   RO         5121    .text               mc_p.l(strtol.o)
    0x00002c84   0x00000000   Code   RO         5123    .text               mc_p.l(iusefp.o)
    0x00002c84   0x00000082   Code   RO         5124    .text               mf_p.l(fepilogue.o)
    0x00002d06   0x000000be   Code   RO         5126    .text               mf_p.l(depilogue.o)
    0x00002dc4   0x00000024   Code   RO         5136    .text               mc_p.l(init.o)
    0x00002de8   0x00000008   Code   RO         5140    .text               mc_p.l(ctype_o.o)
    0x00002df0   0x00000012   Code   RO         5162    .text               mc_p.l(isspace_o.o)
    0x00002e02   0x00000002   PAD
    0x00002e04   0x00000338   Code   RO         5168    .text               mc_p.l(_scanf.o)
    0x0000313c   0x000000a6   Code   RO         5170    .text               mc_p.l(_strtoul.o)
    0x000031e2   0x0000001e   Code   RO         5175    .text               mc_p.l(_chval.o)
    0x00003200   0x00000056   Code   RO         5185    .text               mc_p.l(__dczerorl2.o)
    0x00003256   0x00000002   PAD
    0x00003258   0x000003cc   Code   RO         2628    i.AES_encrypt       aes.o
    0x00003624   0x000002f4   Code   RO         2630    i.AES_set_encrypt_key  aes.o
    0x00003918   0x0000017c   Code   RO          792    i.AutoLearnMatrix   emu.o
    0x00003a94   0x000000bc   Code   RO          290    i.BlueCostTemplateDown  blueproto.o
    0x00003b50   0x00000080   Code   RO          291    i.BlueCostTemplateReq  blueproto.o
    0x00003bd0   0x000000e8   Code   RO          292    i.BlueCostTemplateUpload  blueproto.o
    0x00003cb8   0x00000094   Code   RO          293    i.BlueDevRegisterACK  blueproto.o
    0x00003d4c   0x000000a8   Code   RO          294    i.BlueFWDownLoad    blueproto.o
    0x00003df4   0x0000015c   Code   RO          295    i.BlueFWUpgradeNotice  blueproto.o
    0x00003f50   0x00000148   Code   RO          296    i.BlueHistoryOrderEnsure  blueproto.o
    0x00004098   0x0000003c   Code   RO          297    i.BlueHistoryOrderUpload_ACK  blueproto.o
    0x000040d4   0x00000334   Code   RO          298    i.BlueProtoProc     blueproto.o
    0x00004408   0x00000090   Code   RO          299    i.BlueRegister      blueproto.o
    0x00004498   0x00000020   Code   RO          300    i.BlueReqBreak      blueproto.o
    0x000044b8   0x00000030   Code   RO          301    i.BlueSendCostTemplate  blueproto.o
    0x000044e8   0x000000e4   Code   RO          302    i.BlueSendHeartBeat  blueproto.o
    0x000045cc   0x00000098   Code   RO          303    i.BlueSendStartChargingAck  blueproto.o
    0x00004664   0x000000d4   Code   RO          304    i.BlueSendStopChargingAck  blueproto.o
    0x00004738   0x0000017c   Code   RO          305    i.BlueStartCharging  blueproto.o
    0x000048b4   0x0000014c   Code   RO          306    i.BlueStopCharging  blueproto.o
    0x00004a00   0x00000030   Code   RO          307    i.BlueTimingOpen    blueproto.o
    0x00004a30   0x0000018c   Code   RO          308    i.BlueUpLoadHistoryOrder  blueproto.o
    0x00004bbc   0x00000020   Code   RO            3    i.BootSetReqInfo    cpucfg.o
    0x00004bdc   0x000001ac   Code   RO          527    i.BtModuleHandle    card.o
    0x00004d88   0x00000020   Code   RO          309    i.BtRemoCtrlCloseGun  blueproto.o
    0x00004da8   0x00000024   Code   RO          310    i.BtRemoCtrlOpenGun  blueproto.o
    0x00004dcc   0x0000001e   Code   RO          311    i.BtRemoCtrlPrint   blueproto.o
    0x00004dea   0x00000012   Code   RO          312    i.BtRemoCtrlReset   blueproto.o
    0x00004dfc   0x0000001e   Code   RO          313    i.BtSetChargeChangePower  blueproto.o
    0x00004e1a   0x00000002   PAD
    0x00004e1c   0x00000080   Code   RO          314    i.BtSetChargerDeviceId  blueproto.o
    0x00004e9c   0x000000d0   Code   RO          315    i.BtSetChargerSn    blueproto.o
    0x00004f6c   0x00000098   Code   RO          316    i.BtSetFullTime     blueproto.o
    0x00005004   0x0000006c   Code   RO          317    i.BtSetPullGunTime  blueproto.o
    0x00005070   0x000000b0   Code   RO          528    i.BuleStatusSendProc  card.o
    0x00005120   0x00000340   Code   RO          529    i.CardModuleHandle  card.o
    0x00005460   0x00000110   Code   RO          530    i.CardReadIDHandle  card.o
    0x00005570   0x00000068   Code   RO         1652    i.ChargerInfoProc   server.o
    0x000055d8   0x00000298   Code   RO         1653    i.ChargingCtrlProc  server.o
    0x00005870   0x00000244   Code   RO         1654    i.ChargingProc      server.o
    0x00005ab4   0x000000b0   Code   RO          531    i.CheckBlueInfo     card.o
    0x00005b64   0x00000034   Code   RO          318    i.CheckBlueUpgrade  blueproto.o
    0x00005b98   0x00000020   Code   RO         1313    i.CheckCostTemplate  proto.o
    0x00005bb8   0x00000080   Code   RO         1139    i.CheckDialValue    outnetproto.o
    0x00005c38   0x000000c0   Code   RO          962    i.CheckGunStatu     gun.o
    0x00005cf8   0x0000004c   Code   RO         1860    i.CheckModeCmd      sim800c.o
    0x00005d44   0x00000016   Code   RO         1034    i.CheckOrderBuffStatus  history_order.o
    0x00005d5a   0x00000002   PAD
    0x00005d5c   0x000000b0   Code   RO         1035    i.CheckOrderInfo    history_order.o
    0x00005e0c   0x000001c0   Code   RO         1314    i.CheckStartPara    proto.o
    0x00005fcc   0x00000078   Code   RO         3508    i.CheckVoiceChipPower  sc8042.o
    0x00006044   0x00000058   Code   RO          532    i.CkbPowerOff       card.o
    0x0000609c   0x00000024   Code   RO          533    i.CkbPowerOn        card.o
    0x000060c0   0x00000084   Code   RO          534    i.CkbTask           card.o
    0x00006144   0x00000044   Code   RO         1036    i.Clear_RecordOrder  history_order.o
    0x00006188   0x00000034   Code   RO         2675    i.Close_Hrc         cmu.o
    0x000061bc   0x00000150   Code   RO         1315    i.CostTempCopy      proto.o
    0x0000630c   0x00000024   Code   RO         1316    i.CostTemplateProc  proto.o
    0x00006330   0x00000060   Code   RO         1317    i.CostTemplateReq   proto.o
    0x00006390   0x00000028   Code   RO         2677    i.Delay_mSec        cmu.o
    0x000063b8   0x00000038   Code   RO         1656    i.DeviceBcd2str     server.o
    0x000063f0   0x00000020   Code   RO         2787    i.E2promReadDataEx  flash.o
    0x00006410   0x00000014   Code   RO         2788    i.E2promWriteDataEx  flash.o
    0x00006424   0x0000004c   Code   RO         3615    i.EXTI4_IRQHandler  simuart.o
    0x00006470   0x00000018   Code   RO         2957    i.EXTI6_IRQHandler  i2c.o
    0x00006488   0x00000030   Code   RO         2789    i.EepromWriteData   flash.o
    0x000064b8   0x0000003c   Code   RO          793    i.ElecHandle        emu.o
    0x000064f4   0x00000120   Code   RO          794    i.EmuMatrixInit     emu.o
    0x00006614   0x00000050   Code   RO         2632    i.EncrypData        aes.o
    0x00006664   0x00000154   Code   RO          536    i.EntranceGuardCardReadIDHandle  card.o
    0x000067b8   0x00000148   Code   RO          537    i.EntranceGuardPayCardReadIDHandle  card.o
    0x00006900   0x00000010   Code   RO         2735    i.FIFO_S_CountUsed  fifo.o
    0x00006910   0x00000018   Code   RO         2736    i.FIFO_S_Flush      fifo.o
    0x00006928   0x00000038   Code   RO         2737    i.FIFO_S_Get        fifo.o
    0x00006960   0x00000030   Code   RO         2739    i.FIFO_S_Init       fifo.o
    0x00006990   0x00000056   Code   RO         2741    i.FIFO_S_Put        fifo.o
    0x000069e6   0x0000001a   Code   RO         2790    i.FlashEraseAppBackup  flash.o
    0x00006a00   0x00000020   Code   RO         2791    i.FlashReadDataEx   flash.o
    0x00006a20   0x00000022   Code   RO         2792    i.FlashReadGunInfo  flash.o
    0x00006a42   0x00000022   Code   RO         2793    i.FlashReadMatrix   flash.o
    0x00006a64   0x0000001e   Code   RO         2794    i.FlashReadSysInfo  flash.o
    0x00006a82   0x00000020   Code   RO         2795    i.FlashWritMatrix   flash.o
    0x00006aa2   0x00000014   Code   RO         2796    i.FlashWriteAppBackup  flash.o
    0x00006ab6   0x00000034   Code   RO         2797    i.FlashWriteGunInfo  flash.o
    0x00006aea   0x00000032   Code   RO         2798    i.FlashWriteSysInfo  flash.o
    0x00006b1c   0x00000a64   Code   RO         1861    i.FtpGet            sim800c.o
    0x00007580   0x00000022   Code   RO         2908    i.GPIO_Cfg          gpio.o
    0x000075a2   0x00000014   Code   RO         2909    i.GPIO_ReadInputDataBit  gpio.o
    0x000075b6   0x00000008   Code   RO         2910    i.GPIO_ResetBits    gpio.o
    0x000075be   0x00000008   Code   RO         2911    i.GPIO_SetBits      gpio.o
    0x000075c6   0x00000002   PAD
    0x000075c8   0x000000a0   Code   RO         1862    i.GetCcidSn         sim800c.o
    0x00007668   0x00000024   Code   RO          963    i.GetChargingGunCnt  gun.o
    0x0000768c   0x00000298   Code   RO         1657    i.GetChargingTime   server.o
    0x00007924   0x0000003c   Code   RO          538    i.GetCkbPcbSn       card.o
    0x00007960   0x0000000c   Code   RO         1658    i.GetCostMode       server.o
    0x0000796c   0x0000004c   Code   RO         3400    i.GetCpuTemp        ntcad.o
    0x000079b8   0x0000004c   Code   RO         3422    i.GetCurrentTime    rtc.o
    0x00007a04   0x00000020   Code   RO         1659    i.GetDialValue      server.o
    0x00007a24   0x00000098   Code   RO         1863    i.GetGPRSBuffer     sim800c.o
    0x00007abc   0x0000001c   Code   RO          795    i.GetGunStatus      emu.o
    0x00007ad8   0x00000064   Code   RO         1319    i.GetLeftChargingTime  proto.o
    0x00007b3c   0x0000000c   Code   RO         1864    i.GetNetSignal      sim800c.o
    0x00007b48   0x0000001a   Code   RO         1320    i.GetNoZeroSum      proto.o
    0x00007b62   0x00000002   PAD
    0x00007b64   0x0000002c   Code   RO         1037    i.GetOrderCnt       history_order.o
    0x00007b90   0x0000001a   Code   RO         1321    i.GetPktSum         proto.o
    0x00007baa   0x00000002   PAD
    0x00007bac   0x0000000c   Code   RO         3492    i.GetRtcCount       rtc.o
    0x00007bb8   0x00000064   Code   RO         3423    i.GetRtcTime        rtc.o
    0x00007c1c   0x000000b8   Code   RO         1865    i.GetSocketState    sim800c.o
    0x00007cd4   0x0000004c   Code   RO         3424    i.GetTimeStamp      rtc.o
    0x00007d20   0x00000014   Code   RO         3766    i.GetUsartOverFlow  usart.o
    0x00007d34   0x000001b4   Code   RO         1866    i.GprsCheckRes      sim800c.o
    0x00007ee8   0x000000b0   Code   RO         1867    i.GprsCmdChkNoSpace  sim800c.o
    0x00007f98   0x00000088   Code   RO         1868    i.GprsInit          sim800c.o
    0x00008020   0x00000018   Code   RO         1869    i.GprsReset         sim800c.o
    0x00008038   0x00000068   Code   RO         1870    i.GprsSendCmd       sim800c.o
    0x000080a0   0x00000194   Code   RO         1871    i.GprsSendCmdChkNoSpace  sim800c.o
    0x00008234   0x00000038   Code   RO         1872    i.GprsSendData      sim800c.o
    0x0000826c   0x00000148   Code   RO         1873    i.GprsSocketStateCheck  sim800c.o
    0x000083b4   0x00000604   Code   RO         1660    i.GunChargingProc   server.o
    0x000089b8   0x0000004c   Code   RO          964    i.GunGpioInit       gun.o
    0x00008a04   0x00000060   Code   RO          965    i.GunInit           gun.o
    0x00008a64   0x00000030   Code   RO          966    i.GunTurnOff        gun.o
    0x00008a94   0x00000078   Code   RO          967    i.GunTurnOn         gun.o
    0x00008b0c   0x00000184   Code   RO          796    i.HT7017_Read       emu.o
    0x00008c90   0x00000190   Code   RO          797    i.HT7017_Write      emu.o
    0x00008e20   0x00000048   Code   RO         2678    i.HT_CMU_ClkCtrl0Config  cmu.o
    0x00008e68   0x00000040   Code   RO         2679    i.HT_CMU_ClkCtrl1Config  cmu.o
    0x00008ea8   0x00000020   Code   RO         2799    i.HT_Flash_ByteRead  flash.o
    0x00008ec8   0x0000006c   Code   RO         2800    i.HT_Flash_ByteWrite  flash.o
    0x00008f34   0x00000060   Code   RO         2801    i.HT_Flash_PageErase  flash.o
    0x00008f94   0x000000a4   Code   RO         2913    i.HT_GPIO_Init      gpio.o
    0x00009038   0x00000024   Code   RO         3048    i.HT_LCD_Init       lcd.o
    0x0000905c   0x00000010   Code   RO         3049    i.HT_LCD_Read       lcd.o
    0x0000906c   0x000000a4   Code   RO          539    i.HandleCKBData     card.o
    0x00009110   0x00000018   Code   RO            4    i.HardFault_Handler  cpucfg.o
    0x00009128   0x00000094   Code   RO         1322    i.HeartBeatHandle   proto.o
    0x000091bc   0x000000e0   Code   RO         1038    i.HistoryOrder_Init  history_order.o
    0x0000929c   0x00000018   Code   RO         2959    i.I2C_ClrSi         i2c.o
    0x000092b4   0x00000230   Code   RO         2960    i.I2C_IRQHandler    i2c.o
    0x000094e4   0x000000b0   Code   RO         2961    i.I2C_Init          i2c.o
    0x00009594   0x00000104   Code   RO         2962    i.I2C_ReadNByte     i2c.o
    0x00009698   0x00000014   Code   RO         2963    i.I2C_Start         i2c.o
    0x000096ac   0x00000014   Code   RO         2964    i.I2C_Stop          i2c.o
    0x000096c0   0x00000138   Code   RO         2965    i.I2C_WriteNByte    i2c.o
    0x000097f8   0x00000068   Code   RO         3617    i.IO_USART_TX_PutVal  simuart.o
    0x00009860   0x000000a0   Code   RO         1323    i.InitChargingCtrlPara  proto.o
    0x00009900   0x00000040   Code   RO         3401    i.InitTmp           ntcad.o
    0x00009940   0x0000007c   Code   RO         3770    i.Init_Uart0        usart.o
    0x000099bc   0x0000007c   Code   RO         3771    i.Init_Uart1        usart.o
    0x00009a38   0x00000080   Code   RO         3772    i.Init_Uart2        usart.o
    0x00009ab8   0x0000007c   Code   RO         3773    i.Init_Uart3        usart.o
    0x00009b34   0x0000007c   Code   RO         3774    i.Init_Uart4        usart.o
    0x00009bb0   0x0000007c   Code   RO         3775    i.Init_Uart5        usart.o
    0x00009c2c   0x0000007c   Code   RO         3776    i.Init_Uart6        usart.o
    0x00009ca8   0x00000028   Code   RO         3777    i.Init_Uart7        usart.o
    0x00009cd0   0x00000028   Code   RO         3778    i.Init_Uart8        usart.o
    0x00009cf8   0x00000028   Code   RO         3779    i.Init_Uart9        usart.o
    0x00009d20   0x0000005c   Code   RO          798    i.IsOneGunCharging  emu.o
    0x00009d7c   0x00000020   Code   RO         1661    i.IsSysOnLine       server.o
    0x00009d9c   0x00000150   Code   RO          540    i.KeyCardConfirmAddEntranceGuard  card.o
    0x00009eec   0x00000088   Code   RO          541    i.KeyModuleHandle   card.o
    0x00009f74   0x000000d0   Code   RO         2168    i.KeyToUiProc       ui.o
    0x0000a044   0x0000001c   Code   RO         3050    i.LcdAllOff         lcd.o
    0x0000a060   0x0000001c   Code   RO         3051    i.LcdAllOn          lcd.o
    0x0000a07c   0x0000012c   Code   RO         3052    i.LcdClrData        lcd.o
    0x0000a1a8   0x00000030   Code   RO         3053    i.LcdDisplay        lcd.o
    0x0000a1d8   0x000000e2   Code   RO         3054    i.LcdDisplayAll     lcd.o
    0x0000a2ba   0x0000001c   Code   RO         3055    i.LcdDisplayAllEdge  lcd.o
    0x0000a2d6   0x00000010   Code   RO         3056    i.LcdDisplayBackStageConnect  lcd.o
    0x0000a2e6   0x00000010   Code   RO         3057    i.LcdDisplayBlutooth  lcd.o
    0x0000a2f6   0x00000010   Code   RO         3058    i.LcdDisplayCardBalance  lcd.o
    0x0000a306   0x00000010   Code   RO         3059    i.LcdDisplayChargeing  lcd.o
    0x0000a316   0x00000010   Code   RO         3060    i.LcdDisplayChargeingMoney  lcd.o
    0x0000a326   0x00000010   Code   RO         3061    i.LcdDisplayChgMethod  lcd.o
    0x0000a336   0x00000010   Code   RO         3062    i.LcdDisplayClockDial  lcd.o
    0x0000a346   0x0000002e   Code   RO         3063    i.LcdDisplayCol     lcd.o
    0x0000a374   0x00000010   Code   RO         3064    i.LcdDisplayEdge    lcd.o
    0x0000a384   0x00000080   Code   RO         3065    i.LcdDisplayEight   lcd.o
    0x0000a404   0x00000010   Code   RO         3066    i.LcdDisplayFailure  lcd.o
    0x0000a414   0x00000080   Code   RO         3067    i.LcdDisplayFive    lcd.o
    0x0000a494   0x00000104   Code   RO         3068    i.LcdDisplayFour    lcd.o
    0x0000a598   0x00000010   Code   RO         3069    i.LcdDisplayInvalid  lcd.o
    0x0000a5a8   0x00000080   Code   RO         3070    i.LcdDisplayNine    lcd.o
    0x0000a628   0x00000010   Code   RO         3071    i.LcdDisplayNoSingnal  lcd.o
    0x0000a638   0x00000010   Code   RO         3072    i.LcdDisplayNum     lcd.o
    0x0000a648   0x00000060   Code   RO         3073    i.LcdDisplayOne     lcd.o
    0x0000a6a8   0x0000003e   Code   RO         3074    i.LcdDisplayPoint   lcd.o
    0x0000a6e6   0x00000010   Code   RO         3075    i.LcdDisplayProgressBar1  lcd.o
    0x0000a6f6   0x00000010   Code   RO         3076    i.LcdDisplayProgressBar2  lcd.o
    0x0000a706   0x00000010   Code   RO         3077    i.LcdDisplayProgressBar3  lcd.o
    0x0000a716   0x00000010   Code   RO         3078    i.LcdDisplayProgressBar4  lcd.o
    0x0000a726   0x00000010   Code   RO         3079    i.LcdDisplayRemainingTime  lcd.o
    0x0000a736   0x00000002   PAD
    0x0000a738   0x00000080   Code   RO         3080    i.LcdDisplaySeven   lcd.o
    0x0000a7b8   0x00000010   Code   RO         3081    i.LcdDisplaySingnal  lcd.o
    0x0000a7c8   0x00000080   Code   RO         3082    i.LcdDisplaySix     lcd.o
    0x0000a848   0x00000010   Code   RO         3083    i.LcdDisplaySocketFault  lcd.o
    0x0000a858   0x00000010   Code   RO         3084    i.LcdDisplaySocketIdle  lcd.o
    0x0000a868   0x00000010   Code   RO         3085    i.LcdDisplaySocketNum  lcd.o
    0x0000a878   0x00000010   Code   RO         3086    i.LcdDisplaySocketOccupied  lcd.o
    0x0000a888   0x00000010   Code   RO         3087    i.LcdDisplaySuccess  lcd.o
    0x0000a898   0x00000010   Code   RO         3088    i.LcdDisplayTab1Edge  lcd.o
    0x0000a8a8   0x00000010   Code   RO         3089    i.LcdDisplayTab2Edge  lcd.o
    0x0000a8b8   0x00000010   Code   RO         3090    i.LcdDisplayTab3Edge  lcd.o
    0x0000a8c8   0x00000080   Code   RO         3091    i.LcdDisplayThree   lcd.o
    0x0000a948   0x00000080   Code   RO         3092    i.LcdDisplayTwo     lcd.o
    0x0000a9c8   0x00000010   Code   RO         3093    i.LcdDisplayYuan    lcd.o
    0x0000a9d8   0x00000080   Code   RO         3094    i.LcdDisplayZero    lcd.o
    0x0000aa58   0x0000000c   Code   RO         3095    i.LcdEnterInitStu   lcd.o
    0x0000aa64   0x0000004c   Code   RO         1662    i.LcdStatusCheck    server.o
    0x0000aab0   0x00000058   Code   RO         1271    i.LcdTest           producttest.o
    0x0000ab08   0x00000060   Code   RO         3096    i.LcdTurnOffLed     lcd.o
    0x0000ab68   0x0000002c   Code   RO         3097    i.LcdTurnOnLed      lcd.o
    0x0000ab94   0x00000068   Code   RO         3098    i.Lcd_All_SegCom_IO_Config  lcd.o
    0x0000abfc   0x0000006c   Code   RO         3099    i.Lcd_Init          lcd.o
    0x0000ac68   0x00000034   Code   RO         3425    i.LinuxTickToDay    rtc.o
    0x0000ac9c   0x00000110   Code   RO          161    i.LoadSysCfgInfo    main.o
    0x0000adac   0x00000440   Code   RO          162    i.MainTask          main.o
    0x0000b1ec   0x000000c0   Code   RO         1324    i.MakeGunHearBeatInfo  proto.o
    0x0000b2ac   0x00000184   Code   RO         1039    i.MakeTradeInfo     history_order.o
    0x0000b430   0x0000006c   Code   RO          542    i.MiYaoCardReadIDHandle  card.o
    0x0000b49c   0x00000064   Code   RO         1663    i.MuxSempGive       server.o
    0x0000b500   0x00000054   Code   RO         1664    i.MuxSempTake       server.o
    0x0000b554   0x00000014   Code   RO         2966    i.NVIC_ClearPendingIRQ  i2c.o
    0x0000b568   0x00000014   Code   RO         3618    i.NVIC_ClearPendingIRQ  simuart.o
    0x0000b57c   0x00000014   Code   RO         3780    i.NVIC_ClearPendingIRQ  usart.o
    0x0000b590   0x00000014   Code   RO         3781    i.NVIC_DisableIRQ   usart.o
    0x0000b5a4   0x00000014   Code   RO         2967    i.NVIC_EnableIRQ    i2c.o
    0x0000b5b8   0x00000014   Code   RO         3619    i.NVIC_EnableIRQ    simuart.o
    0x0000b5cc   0x00000014   Code   RO         3782    i.NVIC_EnableIRQ    usart.o
    0x0000b5e0   0x00000078   Code   RO         2968    i.NVIC_SetPriority  i2c.o
    0x0000b658   0x00000078   Code   RO         3426    i.NVIC_SetPriority  rtc.o
    0x0000b6d0   0x00000078   Code   RO         3620    i.NVIC_SetPriority  simuart.o
    0x0000b748   0x00000078   Code   RO         3740    i.NVIC_SetPriority  systick.o
    0x0000b7c0   0x00000078   Code   RO         3783    i.NVIC_SetPriority  usart.o
    0x0000b838   0x0000000c   Code   RO          543    i.OpenBluetoothRadio  card.o
    0x0000b844   0x000000a0   Code   RO         1325    i.OpenGunEmergency  proto.o
    0x0000b8e4   0x00000040   Code   RO         1665    i.OpenNetDevice     server.o
    0x0000b924   0x00000064   Code   RO         3621    i.OpenTimer         simuart.o
    0x0000b988   0x00000068   Code   RO          544    i.OperateMaintain   card.o
    0x0000b9f0   0x00000002   Code   RO          319    i.OppoSiteAuthProc  blueproto.o
    0x0000b9f2   0x00000002   PAD
    0x0000b9f4   0x0000008c   Code   RO         3509    i.OptFailNotice     sc8042.o
    0x0000ba80   0x00000070   Code   RO         3510    i.OptSuccessNotice  sc8042.o
    0x0000baf0   0x0000003c   Code   RO         1140    i.Out485NetRecvProc  outnetproto.o
    0x0000bb2c   0x00000058   Code   RO         1141    i.OutNetConnetProc  outnetproto.o
    0x0000bb84   0x0000002c   Code   RO         1142    i.OutNetInit        outnetproto.o
    0x0000bbb0   0x00000060   Code   RO         1143    i.OutNetRecvProc    outnetproto.o
    0x0000bc10   0x00000024   Code   RO         1144    i.OutNetUpgradeProc  outnetproto.o
    0x0000bc34   0x00000118   Code   RO         1145    i.OutSizeNetCheck   outnetproto.o
    0x0000bd4c   0x000001b8   Code   RO          545    i.PayCardConfirmAddEntranceGuard  card.o
    0x0000bf04   0x00000016   Code   RO         2169    i.PaymentCardSpeechStartCharge  ui.o
    0x0000bf1a   0x00000002   PAD
    0x0000bf1c   0x00000338   Code   RO         1146    i.PktRecvProc       outnetproto.o
    0x0000c254   0x000000a8   Code   RO         1666    i.PrintSysCfgInfo   server.o
    0x0000c2fc   0x0000009c   Code   RO         1667    i.PrintfData        server.o
    0x0000c398   0x00000038   Code   RO          320    i.ProcBtHeartBeat   blueproto.o
    0x0000c3d0   0x000000c8   Code   RO         1326    i.ProcChargerInfo   proto.o
    0x0000c498   0x00000080   Code   RO         1327    i.ProcEventNoticeAck  proto.o
    0x0000c518   0x000000a4   Code   RO         1668    i.ProcFuseBreak     server.o
    0x0000c5bc   0x000000e4   Code   RO         1669    i.ProcGunStatus     server.o
    0x0000c6a0   0x0000037c   Code   RO          546    i.ProcKBData        card.o
    0x0000ca1c   0x00000078   Code   RO          547    i.ProcKbStatus      card.o
    0x0000ca94   0x0000006c   Code   RO         1670    i.ProcNetStatus     server.o
    0x0000cb00   0x00000044   Code   RO          163    i.ProcTradeRecord   main.o
    0x0000cb44   0x0000012c   Code   RO         1147    i.PutOut485NetPkt   outnetproto.o
    0x0000cc70   0x0000002c   Code   RO         1148    i.PutOutNetPkt      outnetproto.o
    0x0000cc9c   0x0000002c   Code   RO         3427    i.RTC_IRQHandler    rtc.o
    0x0000ccc8   0x00000100   Code   RO          548    i.ReadAuthCardIDHandle  card.o
    0x0000cdc8   0x00000074   Code   RO          549    i.ReadCardNumReq    card.o
    0x0000ce3c   0x00000034   Code   RO          799    i.ReadCheckSum      emu.o
    0x0000ce70   0x000001ac   Code   RO          550    i.ReadPayCardBlock8Handle  card.o
    0x0000d01c   0x00000180   Code   RO          551    i.ReadPayCardBlock9Handle  card.o
    0x0000d19c   0x000000c8   Code   RO          552    i.ReadPayCardIDHandle  card.o
    0x0000d264   0x000000b4   Code   RO         1040    i.Read_HistoryOrder_first  history_order.o
    0x0000d318   0x00000084   Code   RO         1041    i.Read_HistoryOrder_next  history_order.o
    0x0000d39c   0x0000005c   Code   RO         1042    i.Read_HistoryOrder_t  history_order.o
    0x0000d3f8   0x00000228   Code   RO         1671    i.RecoverInfo       server.o
    0x0000d620   0x000000cc   Code   RO         1149    i.RecvAckProc       outnetproto.o
    0x0000d6ec   0x00000250   Code   RO          553    i.RecvBtData        card.o
    0x0000d93c   0x000009d4   Code   RO         1328    i.RecvServerData    proto.o
    0x0000e310   0x00000066   Code   RO          321    i.RemoCtrlProc      blueproto.o
    0x0000e376   0x00000020   Code   RO         1329    i.RemoSetChargeChangePower  proto.o
    0x0000e396   0x00000002   PAD
    0x0000e398   0x00000078   Code   RO         1330    i.RemoteCloseGun    proto.o
    0x0000e410   0x0000012c   Code   RO         1331    i.RemoteCtrlProc    proto.o
    0x0000e53c   0x0000008c   Code   RO         1332    i.RemoteOpenGun     proto.o
    0x0000e5c8   0x00000250   Code   RO         1043    i.Remove_RecordOrder  history_order.o
    0x0000e818   0x000000ac   Code   RO         1044    i.Remove_RecordOrder_first  history_order.o
    0x0000e8c4   0x0000004c   Code   RO          554    i.ResetKeyBoard     card.o
    0x0000e910   0x00000038   Code   RO         1672    i.ResetSysTem       server.o
    0x0000e948   0x000001a0   Code   RO          968    i.RestoreGunStatus  gun.o
    0x0000eae8   0x00000124   Code   RO         3428    i.RtcInit           rtc.o
    0x0000ec0c   0x00000128   Code   RO         1874    i.SOCKET_open_set   sim800c.o
    0x0000ed34   0x00000024   Code   RO          800    i.SaveEmuCalation   emu.o
    0x0000ed58   0x00000220   Code   RO         3513    i.Sc8042bSpeech     sc8042.o
    0x0000ef78   0x000000b8   Code   RO         3514    i.Sc8042b_Init      sc8042.o
    0x0000f030   0x00000068   Code   RO          555    i.SendBasicInfoReportAck  card.o
    0x0000f098   0x000000d8   Code   RO          556    i.SendBlueNetPkt    card.o
    0x0000f170   0x0000002e   Code   RO          322    i.SendBtRemoCtrlAck  blueproto.o
    0x0000f19e   0x00000050   Code   RO          557    i.SendCKBPkt        card.o
    0x0000f1ee   0x00000002   PAD
    0x0000f1f0   0x00000108   Code   RO         1333    i.SendCardAuthReq   proto.o
    0x0000f2f8   0x00000068   Code   RO          558    i.SendCardInfoReportAck  card.o
    0x0000f360   0x0000005c   Code   RO         1150    i.SendChargerInfo   outnetproto.o
    0x0000f3bc   0x00000068   Code   RO          559    i.SendCkbPcbSn      card.o
    0x0000f424   0x00000074   Code   RO         1334    i.SendCostTemplateAck  proto.o
    0x0000f498   0x00000014   Code   RO          801    i.SendData_HT7017   emu.o
    0x0000f4ac   0x000000ac   Code   RO         1336    i.SendEventNotice   proto.o
    0x0000f558   0x00000038   Code   RO         1151    i.SendFwInfo        outnetproto.o
    0x0000f590   0x0000002e   Code   RO          323    i.SendFwUpgradeNoticeAck  blueproto.o
    0x0000f5be   0x00000002   PAD
    0x0000f5c0   0x000000b8   Code   RO         1337    i.SendHeartBeatFun  proto.o
    0x0000f678   0x00000088   Code   RO         1673    i.SendHistoryOrder  server.o
    0x0000f700   0x00000064   Code   RO          560    i.SendKeyReportAck  card.o
    0x0000f764   0x0000004c   Code   RO         1152    i.SendOutNetPkt     outnetproto.o
    0x0000f7b0   0x000000ac   Code   RO         1153    i.SendOutNetPktFuncy  outnetproto.o
    0x0000f85c   0x000001e8   Code   RO         1338    i.SendProtoPkt      proto.o
    0x0000fa44   0x000000c0   Code   RO         1339    i.SendRegister      proto.o
    0x0000fb04   0x00000064   Code   RO         1340    i.SendRemoCtrlAck   proto.o
    0x0000fb68   0x00000070   Code   RO         1341    i.SendReqCostTemplate  proto.o
    0x0000fbd8   0x0000003c   Code   RO         1154    i.SendReqFwUpdata   outnetproto.o
    0x0000fc14   0x0000007c   Code   RO         1342    i.SendStartChargingAck  proto.o
    0x0000fc90   0x00000114   Code   RO         1343    i.SendStartChargingNotice  proto.o
    0x0000fda4   0x00000154   Code   RO         1344    i.SendStartUpNotice  proto.o
    0x0000fef8   0x00000074   Code   RO         1345    i.SendStopChargingAck  proto.o
    0x0000ff6c   0x00000058   Code   RO         1272    i.SendTestPktAck    producttest.o
    0x0000ffc4   0x00000190   Code   RO         1347    i.SendTradeRecordNotice  proto.o
    0x00010154   0x000004a4   Code   RO         1674    i.ServerTask        server.o
    0x000105f8   0x00000064   Code   RO          561    i.SetBtName         card.o
    0x0001065c   0x0000005c   Code   RO         1349    i.SetChargeChangePowerFuncy  proto.o
    0x000106b8   0x00000084   Code   RO         1350    i.SetChargerFullStop  proto.o
    0x0001073c   0x00000098   Code   RO         1351    i.SetChargingTime   proto.o
    0x000107d4   0x00000028   Code   RO         2170    i.SetPrintSwitch    ui.o
    0x000107fc   0x00000020   Code   RO         1352    i.SetPrintfSwitch   proto.o
    0x0001081c   0x00000084   Code   RO         1353    i.SetPullGunStop    proto.o
    0x000108a0   0x0000006c   Code   RO         1354    i.SetPullGunStopTime  proto.o
    0x0001090c   0x00000058   Code   RO         1355    i.SetPullGunStopTimeFuncy  proto.o
    0x00010964   0x00000194   Code   RO         3429    i.SetRtcCompensate  rtc.o
    0x00010af8   0x00000020   Code   RO         3430    i.SetRtcCount       rtc.o
    0x00010b18   0x00000074   Code   RO         3431    i.SetRtcTime        rtc.o
    0x00010b8c   0x00000138   Code   RO         1356    i.SetUpgradeInfo    proto.o
    0x00010cc4   0x00000016   Code   RO         3784    i.Set_Uart_Bandrate  usart.o
    0x00010cda   0x00000002   PAD
    0x00010cdc   0x00000128   Code   RO          324    i.ShakeReqProc      blueproto.o
    0x00010e04   0x000002b8   Code   RO         1675    i.ShowCostTemplate  server.o
    0x000110bc   0x000001d8   Code   RO         1875    i.Sim800cReconnect  sim800c.o
    0x00011294   0x0000004c   Code   RO         3623    i.SimUartSendByte   simuart.o
    0x000112e0   0x000000e8   Code   RO         3624    i.SimuUartRecvByte  simuart.o
    0x000113c8   0x00000084   Code   RO         3625    i.SimuUartSendData  simuart.o
    0x0001144c   0x000000f0   Code   RO         3626    i.SimuartGpioInit   simuart.o
    0x0001153c   0x00000094   Code   RO         3627    i.SimuartInit       simuart.o
    0x000115d0   0x0000026c   Code   RO         1876    i.SocketSendData    sim800c.o
    0x0001183c   0x00000070   Code   RO         3515    i.SoundCode         sc8042.o
    0x000118ac   0x000000b8   Code   RO         3516    i.SoundNumber       sc8042.o
    0x00011964   0x00000074   Code   RO         3517    i.SpeechCardBalance  sc8042.o
    0x000119d8   0x0000002e   Code   RO         3518    i.SpeechChargeing   sc8042.o
    0x00011a06   0x0000004c   Code   RO         3519    i.SpeechPile        sc8042.o
    0x00011a52   0x00000016   Code   RO         3520    i.SpeechStartCharge  sc8042.o
    0x00011a68   0x0000005c   Code   RO         3521    i.StartChargeSpeech  sc8042.o
    0x00011ac4   0x00000268   Code   RO         1357    i.StartCharging     proto.o
    0x00011d2c   0x0000009c   Code   RO         1676    i.StartChargingSend  server.o
    0x00011dc8   0x00000180   Code   RO         1358    i.StopCharging      proto.o
    0x00011f48   0x00000066   Code   RO         1677    i.StrToHex          server.o
    0x00011fae   0x00000002   PAD
    0x00011fb0   0x0000002c   Code   RO         2171    i.SwitchToUI_ReadCardSuccess  ui.o
    0x00011fdc   0x0000002a   Code   RO         2172    i.SwitchToUI_ShowBalance  ui.o
    0x00012006   0x00000002   PAD
    0x00012008   0x0000005c   Code   RO         2173    i.SwitchToUi_AdministratorTestMode  ui.o
    0x00012064   0x00000048   Code   RO         2174    i.SwitchToUi_BanlanceInsufficient  ui.o
    0x000120ac   0x00000060   Code   RO         2175    i.SwitchToUi_Charging  ui.o
    0x0001210c   0x0000000e   Code   RO         2177    i.SwitchToUi_EquipUpgrade  ui.o
    0x0001211a   0x00000032   Code   RO         2178    i.SwitchToUi_EventNoticeTest  ui.o
    0x0001214c   0x0000000e   Code   RO         2179    i.SwitchToUi_InputChargerMoney  ui.o
    0x0001215a   0x00000002   PAD
    0x0001215c   0x00000068   Code   RO         2180    i.SwitchToUi_InputChargerSn  ui.o
    0x000121c4   0x0000001a   Code   RO         2181    i.SwitchToUi_InputDeviceId  ui.o
    0x000121de   0x0000000e   Code   RO         2182    i.SwitchToUi_InputSocketNum  ui.o
    0x000121ec   0x00000048   Code   RO         2183    i.SwitchToUi_PaymentCardBanlanceInsufficient  ui.o
    0x00012234   0x00000054   Code   RO         2184    i.SwitchToUi_PaymentCardStartCharging  ui.o
    0x00012288   0x00000024   Code   RO         2185    i.SwitchToUi_PowerOn  ui.o
    0x000122ac   0x0000000e   Code   RO         2186    i.SwitchToUi_ProductTest  ui.o
    0x000122ba   0x00000002   PAD
    0x000122bc   0x00000018   Code   RO         2187    i.SwitchToUi_ReadingCard  ui.o
    0x000122d4   0x0000001a   Code   RO         2188    i.SwitchToUi_RelayTest  ui.o
    0x000122ee   0x0000001a   Code   RO         2189    i.SwitchToUi_SetPrintSwitch  ui.o
    0x00012308   0x0000000e   Code   RO         2190    i.SwitchToUi_SocketException  ui.o
    0x00012316   0x0000000e   Code   RO         2191    i.SwitchToUi_SocketNumNotExsit  ui.o
    0x00012324   0x0000000e   Code   RO         2192    i.SwitchToUi_SocketOccupy  ui.o
    0x00012332   0x00000002   PAD
    0x00012334   0x00000034   Code   RO         2193    i.SwitchToUi_Standby  ui.o
    0x00012368   0x00000054   Code   RO         2194    i.SwitchToUi_StartCharging  ui.o
    0x000123bc   0x0000000e   Code   RO         2195    i.SwitchToUi_StartChargingFailure  ui.o
    0x000123ca   0x00000002   PAD
    0x000123cc   0x0000003c   Code   RO         2196    i.SwitchToUi_VerifyCardFailure  ui.o
    0x00012408   0x00000048   Code   RO         2682    i.SwitchTo_Fpll     cmu.o
    0x00012450   0x00000014   Code   RO         1678    i.SycTimeCount      server.o
    0x00012464   0x00000208   Code   RO          164    i.SysCfgInit        main.o
    0x0001266c   0x000002a0   Code   RO         1155    i.SysTask           outnetproto.o
    0x0001290c   0x00000024   Code   RO         4612    i.SysTick_Handler   port.o
    0x00012930   0x00000044   Code   RO         3741    i.SysTick_Init      systick.o
    0x00012974   0x00000044   Code   RO          165    i.SystemClockInit   main.o
    0x000129b8   0x00000002   Code   RO         3977    i.SystemInit        system_ht6xxx.o
    0x000129ba   0x00000002   PAD
    0x000129bc   0x00000084   Code   RO         3628    i.TIMER_0_IRQHandler  simuart.o
    0x00012a40   0x00000084   Code   RO         3629    i.TIMER_1_IRQHandler  simuart.o
    0x00012ac4   0x00000048   Code   RO          802    i.TIMER_2_IRQHandler  emu.o
    0x00012b0c   0x00000084   Code   RO         3630    i.TIMER_3_IRQHandler  simuart.o
    0x00012b90   0x00000078   Code   RO         3631    i.TIM_Cmd           simuart.o
    0x00012c08   0x000000d8   Code   RO         3522    i.TempNotice        sc8042.o
    0x00012ce0   0x0000005c   Code   RO          166    i.TempProc          main.o
    0x00012d3c   0x0000008c   Code   RO         1359    i.TestCloseGun      proto.o
    0x00012dc8   0x0000007c   Code   RO         1360    i.TestCloseGunProc  proto.o
    0x00012e44   0x000004c4   Code   RO         1273    i.TestDataHandle    producttest.o
    0x00013308   0x00000088   Code   RO         1361    i.TestOpenGunProc   proto.o
    0x00013390   0x00000040   Code   RO         1045    i.TradeIndex_Add    history_order.o
    0x000133d0   0x00000018   Code   RO         1046    i.TradeIndex_Clear  history_order.o
    0x000133e8   0x00000024   Code   RO          969    i.TurnOffAllGun     gun.o
    0x0001340c   0x0000007c   Code   RO         3785    i.UART0_IRQHandler  usart.o
    0x00013488   0x00000060   Code   RO         3786    i.UART1_IRQHandler  usart.o
    0x000134e8   0x00000068   Code   RO         3787    i.UART2_IRQHandler  usart.o
    0x00013550   0x00000060   Code   RO         3788    i.UART3_IRQHandler  usart.o
    0x000135b0   0x00000060   Code   RO         3789    i.UART4_IRQHandler  usart.o
    0x00013610   0x00000060   Code   RO         3790    i.UART5_IRQHandler  usart.o
    0x00013670   0x00000060   Code   RO         3791    i.UART6_IRQHandler  usart.o
    0x000136d0   0x0000000c   Code   RO         2197    i.UIGetState        ui.o
    0x000136dc   0x00000040   Code   RO         3792    i.UartSendData      usart.o
    0x0001371c   0x0000002a   Code   RO         2198    i.UiClearKeyVal     ui.o
    0x00013746   0x00000002   PAD
    0x00013748   0x00000030   Code   RO         2199    i.UiDisplayCurrentSocket  ui.o
    0x00013778   0x00000038   Code   RO         2200    i.UiDisplayNomalInfo  ui.o
    0x000137b0   0x000000f8   Code   RO         2201    i.UiDisplay_CardMoney  ui.o
    0x000138a8   0x00000048   Code   RO         2202    i.UiDisplay_ErrCode  ui.o
    0x000138f0   0x0000006c   Code   RO         2203    i.UiDisplay_KeyBuf  ui.o
    0x0001395c   0x0000005a   Code   RO         2204    i.UiDisplay_MonthDay  ui.o
    0x000139b6   0x00000002   PAD
    0x000139b8   0x00000034   Code   RO         2205    i.UiDisplay_PosData  ui.o
    0x000139ec   0x0000002c   Code   RO         2207    i.UiDisplay_SignalVal  ui.o
    0x00013a18   0x00000056   Code   RO         2208    i.UiDisplay_SocketNum  ui.o
    0x00013a6e   0x00000088   Code   RO         2209    i.UiDisplay_Time    ui.o
    0x00013af6   0x00000002   PAD
    0x00013af8   0x0000003c   Code   RO         2210    i.UiDisplay_Version  ui.o
    0x00013b34   0x00000128   Code   RO         2211    i.UiKeyHandle_AdministratorTestMode  ui.o
    0x00013c5c   0x00000154   Code   RO         2212    i.UiKeyHandle_EventNoticeTest  ui.o
    0x00013db0   0x000001b4   Code   RO         2213    i.UiKeyHandle_InputChargerMoney  ui.o
    0x00013f64   0x000000f0   Code   RO         2214    i.UiKeyHandle_InputChargerSn  ui.o
    0x00014054   0x0000008c   Code   RO         2215    i.UiKeyHandle_InputDeviceId  ui.o
    0x000140e0   0x000001d0   Code   RO         2216    i.UiKeyHandle_InputSocketNum  ui.o
    0x000142b0   0x00000190   Code   RO         2219    i.UiKeyHandle_RelayTest  ui.o
    0x00014440   0x00000070   Code   RO         2220    i.UiKeyHandle_SetPrintSwitch  ui.o
    0x000144b0   0x00000108   Code   RO         2221    i.UiKeyHandle_Standby  ui.o
    0x000145b8   0x000000a4   Code   RO         2222    i.UiProgressLoop    ui.o
    0x0001465c   0x00000314   Code   RO         2223    i.UiStateLoop       ui.o
    0x00014970   0x00000018   Code   RO         2224    i.Ui_InputChargerMoney  ui.o
    0x00014988   0x00000018   Code   RO         2225    i.Ui_InputSocketNum  ui.o
    0x000149a0   0x00000022   Code   RO         2226    i.Ui_SocketException  ui.o
    0x000149c2   0x00000022   Code   RO         2227    i.Ui_SocketNumNotExsit  ui.o
    0x000149e4   0x00000022   Code   RO         2228    i.Ui_SocketOccupy   ui.o
    0x00014a06   0x00000022   Code   RO         2229    i.Ui_StartChargingFailure  ui.o
    0x00014a28   0x0000003c   Code   RO         1679    i.UpdataGunDataSum  server.o
    0x00014a64   0x0000007c   Code   RO         2230    i.UpdateNewUiState  ui.o
    0x00014ae0   0x000000d4   Code   RO         1156    i.UpgradeTimeOutProc  outnetproto.o
    0x00014bb4   0x000000a8   Code   RO         2592    i.Upgrade_FlashCheck  upgrade.o
    0x00014c5c   0x00000030   Code   RO         2593    i.Upgrade_Init      upgrade.o
    0x00014c8c   0x00000290   Code   RO         2594    i.Upgrade_Write     upgrade.o
    0x00014f1c   0x0000001c   Code   RO         3793    i.UsartFlush        usart.o
    0x00014f38   0x00000020   Code   RO         3794    i.UsartGetOneData   usart.o
    0x00014f58   0x00000098   Code   RO         1877    i.UsartGetline      sim800c.o
    0x00014ff0   0x0000003c   Code   RO         3795    i.UsartInit         usart.o
    0x0001502c   0x00000044   Code   RO         3797    i.UsartSend         usart.o
    0x00015070   0x00000038   Code   RO         1680    i.Val               server.o
    0x000150a8   0x00000260   Code   RO          562    i.WholeModuleHandle  card.o
    0x00015308   0x00000098   Code   RO         1681    i.WriteCfgInfo      server.o
    0x000153a0   0x000000e0   Code   RO          564    i.WritePayCardHandle  card.o
    0x00015480   0x0000006c   Code   RO          565    i.WriteToCardBlock  card.o
    0x000154ec   0x00000020   Code   RO         2802    i.WriteUpdateInfo   flash.o
    0x0001550c   0x000001bc   Code   RO         1047    i.Write_HistoryOrder  history_order.o
    0x000156c8   0x0000001c   Code   RO          803    i.WritecalparaByGunId  emu.o
    0x000156e4   0x00000020   Code   RO         4987    i.__0printf$8       mc_p.l(printf8.o)
    0x00015704   0x00000028   Code   RO         4989    i.__0sprintf$8      mc_p.l(printf8.o)
    0x0001572c   0x0000002e   Code   RO         5128    i.__ARM_clz         mf_p.l(depilogue.o)
    0x0001575a   0x0000001c   Code   RO          512    i.__ARM_common_switch8  blueproto.o
    0x00015776   0x00000002   PAD
    0x00015778   0x00000008   Code   RO         5110    i.__aeabi_errno_addr  mc_p.l(errno.o)
    0x00015780   0x0000000e   Code   RO         5179    i.__scatterload_copy  mc_p.l(handlers.o)
    0x0001578e   0x00000002   Code   RO         5180    i.__scatterload_null  mc_p.l(handlers.o)
    0x00015790   0x0000000e   Code   RO         5181    i.__scatterload_zeroinit  mc_p.l(handlers.o)
    0x0001579e   0x00000002   PAD
    0x000157a0   0x00000428   Code   RO         4994    i._printf_core      mc_p.l(printf8.o)
    0x00015bc8   0x00000020   Code   RO         4995    i._printf_post_padding  mc_p.l(printf8.o)
    0x00015be8   0x0000002c   Code   RO         4996    i._printf_pre_padding  mc_p.l(printf8.o)
    0x00015c14   0x0000000a   Code   RO         4998    i._sputc            mc_p.l(printf8.o)
    0x00015c1e   0x0000001a   Code   RO         2803    i.at24c64_eepromRead  flash.o
    0x00015c38   0x000001a0   Code   RO         2804    i.at24c64_eepromWrite  flash.o
    0x00015dd8   0x00000016   Code   RO         2231    i.ceil10            ui.o
    0x00015dee   0x0000002c   Code   RO          804    i.check7017_sum     emu.o
    0x00015e1a   0x00000038   Code   RO         3632    i.check_sum         simuart.o
    0x00015e52   0x00000012   Code   RO         2232    i.clearKeyBuf       ui.o
    0x00015e64   0x00000014   Code   RO         2233    i.delCharFormKeyBuf  ui.o
    0x00015e78   0x00000010   Code   RO          167    i.delay             main.o
    0x00015e88   0x0000002c   Code   RO            6    i.delay_us          cpucfg.o
    0x00015eb4   0x00000334   Code   RO          806    i.emuTask           emu.o
    0x000161e8   0x00000034   Code   RO          807    i.filterValue       emu.o
    0x0001621c   0x00000058   Code   RO         1682    i.fputc             server.o
    0x00016274   0x00000058   Code   RO         1878    i.gprs_power_off    sim800c.o
    0x000162cc   0x0000007c   Code   RO         1879    i.gprs_power_on     sim800c.o
    0x00016348   0x00000342   Code   RO          808    i.invNxN            emu.o
    0x0001668a   0x00000002   PAD
    0x0001668c   0x00000268   Code   RO         2234    i.isEmergencyCode   ui.o
    0x000168f4   0x00000084   Code   RO         1048    i.isTradeIndexTrue  history_order.o
    0x00016978   0x0000007c   Code   RO          168    i.main              main.o
    0x000169f4   0x0000004a   Code   RO          809    i.matprod           emu.o
    0x00016a3e   0x00000002   PAD
    0x00016a40   0x0000007c   Code   RO         4284    i.prvAddCurrentTaskToDelayedList  tasks.o
    0x00016abc   0x000000a0   Code   RO         4285    i.prvAddNewTaskToReadyList  tasks.o
    0x00016b5c   0x00000068   Code   RO         4286    i.prvCheckTasksWaitingTermination  tasks.o
    0x00016bc4   0x00000012   Code   RO         4287    i.prvDeleteTCB      tasks.o
    0x00016bd6   0x00000002   PAD
    0x00016bd8   0x0000007c   Code   RO         4687    i.prvHeapInit       heap_4.o
    0x00016c54   0x0000000c   Code   RO         4288    i.prvIdleTask       tasks.o
    0x00016c60   0x000000b0   Code   RO         4289    i.prvInitialiseNewTask  tasks.o
    0x00016d10   0x00000064   Code   RO         4290    i.prvInitialiseTaskLists  tasks.o
    0x00016d74   0x00000068   Code   RO         4688    i.prvInsertBlockIntoFreeList  heap_4.o
    0x00016ddc   0x00000038   Code   RO         4292    i.prvResetNextTaskUnblockTime  tasks.o
    0x00016e14   0x00000014   Code   RO         4613    i.prvSetupTimerInterrupt  port.o
    0x00016e28   0x00000024   Code   RO         4614    i.prvTaskExitError  port.o
    0x00016e4c   0x00000024   Code   RO         2235    i.putCharToKeyBuf   ui.o
    0x00016e70   0x0000011c   Code   RO         4689    i.pvPortMalloc      heap_4.o
    0x00016f8c   0x00000020   Code   RO         4615    i.pxPortInitialiseStack  port.o
    0x00016fac   0x00000584   Code   RO          810    i.readAlldata       emu.o
    0x00017530   0x000000a4   Code   RO          811    i.readCur           emu.o
    0x000175d4   0x000000c8   Code   RO          812    i.readPow           emu.o
    0x0001769c   0x00000088   Code   RO          813    i.readVol           emu.o
    0x00017724   0x00000042   Code   RO         1880    i.restoi            sim800c.o
    0x00017766   0x00000002   PAD
    0x00017768   0x00000050   Code   RO         1881    i.sim800_check_ATE  sim800c.o
    0x000177b8   0x00000050   Code   RO         1882    i.sim800_check_ATI  sim800c.o
    0x00017808   0x00000050   Code   RO         1884    i.sim800_check_CCID  sim800c.o
    0x00017858   0x00000050   Code   RO         1885    i.sim800_check_CGATT  sim800c.o
    0x000178a8   0x0000006c   Code   RO         1886    i.sim800_check_CIICR  sim800c.o
    0x00017914   0x00000050   Code   RO         1888    i.sim800_check_CIPMUX  sim800c.o
    0x00017964   0x00000050   Code   RO         1890    i.sim800_check_CIPRXGET  sim800c.o
    0x000179b4   0x00000050   Code   RO         1891    i.sim800_check_CIPSHUT  sim800c.o
    0x00017a04   0x00000050   Code   RO         1892    i.sim800_check_CREG  sim800c.o
    0x00017a54   0x00000050   Code   RO         1893    i.sim800_check_CSCLK  sim800c.o
    0x00017aa4   0x00000094   Code   RO         1894    i.sim800_check_CSQ  sim800c.o
    0x00017b38   0x00000050   Code   RO         1895    i.sim800_check_CSTT  sim800c.o
    0x00017b88   0x00000050   Code   RO         1896    i.sim800_check_ack  sim800c.o
    0x00017bd8   0x00000050   Code   RO         1897    i.sim800_check_cpin  sim800c.o
    0x00017c28   0x0000013c   Code   RO         1898    i.sim800_check_reset  sim800c.o
    0x00017d64   0x0000001c   Code   RO         1899    i.sim800_default    sim800c.o
    0x00017d80   0x000000f8   Code   RO         1900    i.sim800_ipopen     sim800c.o
    0x00017e78   0x00000050   Code   RO          814    i.timer2_init       emu.o
    0x00017ec8   0x0000002a   Code   RO         1901    i.trim              sim800c.o
    0x00017ef2   0x00000002   PAD
    0x00017ef4   0x0000004c   Code   RO          815    i.updateMatrix      emu.o
    0x00017f40   0x00000028   Code   RO         4011    i.uxListRemove      list.o
    0x00017f68   0x0000001a   Code   RO         4012    i.vListInitialise   list.o
    0x00017f82   0x00000006   Code   RO         4013    i.vListInitialiseItem  list.o
    0x00017f88   0x00000036   Code   RO         4014    i.vListInsert       list.o
    0x00017fbe   0x00000018   Code   RO         4015    i.vListInsertEnd    list.o
    0x00017fd6   0x00000002   PAD
    0x00017fd8   0x0000001c   Code   RO         4617    i.vPortEnterCritical  port.o
    0x00017ff4   0x00000028   Code   RO         4618    i.vPortExitCritical  port.o
    0x0001801c   0x00000080   Code   RO         4690    i.vPortFree         heap_4.o
    0x0001809c   0x00000018   Code   RO         4620    i.vPortYield        port.o
    0x000180b4   0x00000044   Code   RO         4303    i.vTaskDelay        tasks.o
    0x000180f8   0x000000b4   Code   RO         4305    i.vTaskDelete       tasks.o
    0x000181ac   0x0000006c   Code   RO         4317    i.vTaskStartScheduler  tasks.o
    0x00018218   0x00000010   Code   RO         4319    i.vTaskSuspendAll   tasks.o
    0x00018228   0x00000080   Code   RO         4320    i.vTaskSwitchContext  tasks.o
    0x000182a8   0x000001c8   Code   RO          816    i.writecalpara      emu.o
    0x00018470   0x00000038   Code   RO         4621    i.xPortStartScheduler  port.o
    0x000184a8   0x0000005c   Code   RO         4322    i.xTaskCreate       tasks.o
    0x00018504   0x0000000c   Code   RO         4325    i.xTaskGetCurrentTaskHandle  tasks.o
    0x00018510   0x00000100   Code   RO         4328    i.xTaskIncrementTick  tasks.o
    0x00018610   0x000000e4   Code   RO         4334    i.xTaskResumeAll    tasks.o
    0x000186f4   0x0000002b   Data   RO          169    .constdata          main.o
    0x0001871f   0x000000d6   Data   RO          326    .constdata          blueproto.o
    0x000187f5   0x0000019b   Data   RO          567    .constdata          card.o
    0x00018990   0x000004f7   Data   RO          818    .constdata          emu.o
    0x00018e87   0x00000001   PAD
    0x00018e88   0x00000091   Data   RO          972    .constdata          gun.o
    0x00018f19   0x0000008f   Data   RO         1050    .constdata          history_order.o
    0x00018fa8   0x00000086   Data   RO         1158    .constdata          outnetproto.o
    0x0001902e   0x00000017   Data   RO         1274    .constdata          producttest.o
    0x00019045   0x00000196   Data   RO         1364    .constdata          proto.o
    0x000191db   0x000000e9   Data   RO         1684    .constdata          server.o
    0x000192c4   0x00000386   Data   RO         1903    .constdata          sim800c.o
    0x0001964a   0x00000002   PAD
    0x0001964c   0x000000f5   Data   RO         2237    .constdata          ui.o
    0x00019741   0x00000021   Data   RO         2596    .constdata          upgrade.o
    0x00019762   0x00000002   PAD
    0x00019764   0x00002128   Data   RO         2633    .constdata          aes.o
    0x0001b88c   0x00000008   Data   RO         2683    .constdata          cmu.o
    0x0001b894   0x0000001c   Data   RO         2805    .constdata          flash.o
    0x0001b8b0   0x00000008   Data   RO         2914    .constdata          gpio.o
    0x0001b8b8   0x0000000f   Data   RO         2969    .constdata          i2c.o
    0x0001b8c7   0x00000017   Data   RO         3100    .constdata          lcd.o
    0x0001b8de   0x00000002   PAD
    0x0001b8e0   0x00000024   Data   RO         3433    .constdata          rtc.o
    0x0001b904   0x00000059   Data   RO         3523    .constdata          sc8042.o
    0x0001b95d   0x0000000c   Data   RO         4748    .constdata          mc_p.l(mktime.o)
    0x0001b969   0x0000000c   Data   RO         5108    .constdata          mc_p.l(localtime_i.o)
    0x0001b975   0x00000081   Data   RO         5141    .constdata          mc_p.l(ctype_o.o)
    0x0001b9f6   0x00000002   PAD
    0x0001b9f8   0x00000004   Data   RO         5142    .constdata          mc_p.l(ctype_o.o)
    0x0001b9fc   0x000000ed   Data   RO          327    .conststring        blueproto.o
    0x0001bae9   0x00000003   PAD
    0x0001baec   0x00000141   Data   RO         1159    .conststring        outnetproto.o
    0x0001bc2d   0x00000003   PAD
    0x0001bc30   0x0000008f   Data   RO         1365    .conststring        proto.o
    0x0001bcbf   0x00000001   PAD
    0x0001bcc0   0x00000173   Data   RO         1685    .conststring        server.o
    0x0001be33   0x00000001   PAD
    0x0001be34   0x000000df   Data   RO         1904    .conststring        sim800c.o
    0x0001bf13   0x00000001   PAD
    0x0001bf14   0x00000086   Data   RO         2806    .conststring        flash.o
    0x0001bf9a   0x00000002   PAD
    0x0001bf9c   0x00000020   Data   RO         5177    Region$$Table       anon$$obj.o


    Execution Region RW_IRAM1 (Base: 0x20000000, Size: 0x000073a8, Max: 0x00080000, ABSOLUTE, COMPRESSED[0x00000048])

    Base Addr    Size         Type   Attr      Idx    E Section Name        Object

    0x20000000   0x00000008   Data   RW            7    .data               cpucfg.o
    0x20000008   0x00000021   Data   RW          170    .data               main.o
    0x20000029   0x00000001   Data   RW          328    .data               blueproto.o
    0x2000002a   0x00000002   PAD
    0x2000002c   0x00000030   Data   RW          568    .data               card.o
    0x2000005c   0x0000000a   Data   RW          819    .data               emu.o
    0x20000066   0x00000002   PAD
    0x20000068   0x00000004   Data   RW          973    .data               gun.o
    0x2000006c   0x0000000a   Data   RW         1051    .data               history_order.o
    0x20000076   0x00000002   Data   RW         1160    .data               outnetproto.o
    0x20000078   0x00000002   Data   RW         1275    .data               producttest.o
    0x2000007a   0x00000002   PAD
    0x2000007c   0x0000001b   Data   RW         1366    .data               proto.o
    0x20000097   0x00000001   PAD
    0x20000098   0x0000000c   Data   RW         1686    .data               server.o
    0x200000a4   0x00000018   Data   RW         1905    .data               sim800c.o
    0x200000bc   0x0000000c   Data   RW         2238    .data               ui.o
    0x200000c8   0x00000019   Data   RW         2970    .data               i2c.o
    0x200000e1   0x00000003   PAD
    0x200000e4   0x00000004   Data   RW         3434    .data               rtc.o
    0x200000e8   0x00000005   Data   RW         3524    .data               sc8042.o
    0x200000ed   0x00000003   PAD
    0x200000f0   0x0000002c   Data   RW         3799    .data               usart.o
    0x2000011c   0x0000003c   Data   RW         4337    .data               tasks.o
    0x20000158   0x00000004   Data   RW         4622    .data               port.o
    0x2000015c   0x00000018   Data   RW         4695    .data               heap_4.o
    0x20000174   0x00000004   Data   RW         4771    .data               mc_p.l(strtok.o)
    0x20000178   0x00000004   Data   RW         5095    .data               mc_p.l(stdout.o)
    0x2000017c   0x00000004   Data   RW         5113    .data               mc_p.l(errno.o)
    0x20000180   0x00000018   Zero   RW          325    .bss                blueproto.o
    0x20000198   0x000003f3   Zero   RW          566    .bss                card.o
    0x2000058b   0x00000001   PAD
    0x2000058c   0x00000700   Zero   RW          817    .bss                emu.o
    0x20000c8c   0x00000528   Zero   RW          971    .bss                gun.o
    0x200011b4   0x00000420   Zero   RW         1049    .bss                history_order.o
    0x200015d4   0x0000058e   Zero   RW         1157    .bss                outnetproto.o
    0x20001b62   0x00000183   Zero   RW         1363    .bss                proto.o
    0x20001ce5   0x00000003   PAD
    0x20001ce8   0x00000b2c   Zero   RW         1683    .bss                server.o
    0x20002814   0x00000418   Zero   RW         1902    .bss                sim800c.o
    0x20002c2c   0x00000014   Zero   RW         2236    .bss                ui.o
    0x20002c40   0x00000014   Zero   RW         2595    .bss                upgrade.o
    0x20002c54   0x00000010   Zero   RW         3432    .bss                rtc.o
    0x20002c64   0x00000030   Zero   RW         3633    .bss                simuart.o
    0x20002c94   0x00000a70   Zero   RW         3798    .bss                usart.o
    0x20003704   0x00000078   Zero   RW         4336    .bss                tasks.o
    0x2000377c   0x00002c00   Zero   RW         4694    .bss                heap_4.o
    0x2000637c   0x0000002c   Zero   RW         5105    .bss                mc_p.l(localtime_w.o)
    0x200063a8   0x00001000   Zero   RW         4001    STACK               startup_ht6x3x.o



  Load Region LR$$.ARM.__at_0x0FC0 (Base: 0x00000fc0, Size: 0x00000004, Max: 0x00000004, ABSOLUTE)

    Execution Region ER$$.ARM.__at_0x0FC0 (Base: 0x00000fc0, Size: 0x00000004, Max: 0x00000004, ABSOLUTE, UNINIT)

    Base Addr    Size         Type   Attr      Idx    E Section Name        Object

    0x00000fc0   0x00000004   Code   RO         4004    .ARM.__at_0x0FC0    startup_ht6x3x.o


==============================================================================

Image component sizes


      Code (inc. data)   RO Data    RW Data    ZI Data      Debug   Object Name

      1808         50       8488          0          0       3677   aes.o
      5762       1576        451          1         24      26901   blueproto.o
      8980       2212        411         48       1011      37351   card.o
       300         64          8          0          0       2901   cmu.o
       100         20          0          8          0      82657   cpucfg.o
      6192        950       1271         10       1792      29303   emu.o
       230          0          0          0          0       3014   fifo.o
      1120         84        162          0          0      11980   flash.o
       234         14          8          0          0       3218   gpio.o
      1020        370        145          4       1320       6198   gun.o
       640         60          0         24      11264       3995   heap_4.o
      2754        684        143         10       1056      10029   history_order.o
      1556        264         15         25          0      14610   i2c.o
      2994        522         23          0          0      26757   lcd.o
       150          0          0          0          0       4370   list.o
      2248        624         43         33          0      17225   main.o
       140         46          0          0          0        895   ntcad.o
      3444        886        455          2       1422      18527   outnetproto.o
       392         56          0          4          0       5550   port.o
      1396        272         23          2          0       3109   producttest.o
     10528       2620        549         27        387      48076   proto.o
      1324        224         36          4         16      14363   rtc.o
      1964        408         89          5          0       7460   sc8042.o
      8094       1524        604         12       2860      32613   server.o
      8576       2870       1125         24       1048      30794   sim800c.o
      1840        180          0          0         48      18460   simuart.o
        32         12        192          0       4096        824   startup_ht6x3x.o
         2          0          0          0          0        437   system_ht6xxx.o
       188         24          0          0          0       8915   systick.o
      1838        270          0         60        120      14191   tasks.o
      7090        890        245         12         20      35804   ui.o
       872        326         33          0         20       3206   upgrade.o
      2174        234          0         44       2672      15827   usart.o

    ----------------------------------------------------------------------
     86040      18336      14569        372      29180     543237   Object Totals
         0          0         32          0          0          0   (incl. Generated)
        58          0         18         13          4          0   (incl. Padding)

    ----------------------------------------------------------------------

      Code (inc. data)   RO Data    RW Data    ZI Data      Debug   Library Member Name

        60         10          0          0          0         84   __0sscanf.o
        86          0          0          0          0          0   __dczerorl2.o
        30          0          0          0          0         60   _chval.o
       824         12          0          0          0         84   _scanf.o
       232          0          0          0          0         84   _scanf_str.o
        68          0          0          0          0         76   _sgetc.o
       166          0          0          0          0         84   _strtoul.o
        26          0          0          0          0         72   atoi.o
         8          4        133          0          0         60   ctype_o.o
         0          0          0          0          0          0   entry.o
         0          0          0          0          0          0   entry10a.o
         0          0          0          0          0          0   entry11a.o
         8          4          0          0          0          0   entry2.o
         4          0          0          0          0          0   entry5.o
         0          0          0          0          0          0   entry7b.o
         0          0          0          0          0          0   entry8b.o
         8          4          0          0          0          0   entry9a.o
         8          4          0          4          0         60   errno.o
        30          0          0          0          0          0   handlers.o
        40          0          0          0          0         72   idiv.o
        36          8          0          0          0         68   init.o
        18          0          0          0          0         68   isspace_o.o
         0          0          0          0          0          0   iusefp.o
        32          0          0          0          0         68   llshl.o
        38          0          0          0          0         68   llsshr.o
        34          0          0          0          0         68   llushr.o
       116         12         12          0          0         72   localtime_i.o
        16          6          0          0         44         68   localtime_w.o
        26          0          0          0          0         72   memcmp.o
        64          0          0          0          0         68   memmovea.o
        36          0          0          0          0        100   memseta.o
       140         16         12          0          0         72   mktime.o
      1222         56          0          0          0        468   printf8.o
        44          8          0          0          0         84   scanf_char.o
         0          0          0          4          0          0   stdout.o
        24          0          0          0          0         60   strcat.o
        20          0          0          0          0         60   strchr.o
        14          0          0          0          0         60   strlen.o
        30          0          0          0          0         72   strncmp.o
        26          0          0          0          0         68   strncpy.o
        40          0          0          0          0         72   strstr.o
        72          4          0          4          0         72   strtok.o
       112          4          0          0          0         76   strtol.o
        44          0          0          0          0         72   uidiv.o
        96          0          0          0          0         84   uldiv.o
        20          0          0          0          0         60   uread4.o
        18          0          0          0          0         60   uwrite4.o
        40          2          0          0          0         68   cdcmple.o
        20          0          0          0          0         68   cfcmple.o
        20          0          0          0          0         68   cfrcmple.o
        56          0          0          0          0         68   d2f.o
       356          4          0          0          0        140   dadd.o
       236          0          0          0          0        216   depilogue.o
        72         10          0          0          0         72   dfixi.o
        40          6          0          0          0         68   dflti.o
       208          6          0          0          0         88   dmul.o
        40          0          0          0          0         60   f2d.o
       178          0          0          0          0        108   fadd.o
       124          0          0          0          0         72   fdiv.o
       130          0          0          0          0        144   fepilogue.o
        40          0          0          0          0         60   ffixui.o
        22          0          0          0          0         68   fflti.o
        14          0          0          0          0         68   ffltui.o
       122          0          0          0          0         72   fmul.o

    ----------------------------------------------------------------------
      5664        180        159         12         44       4404   Library Totals
        10          0          2          0          0          0   (incl. Padding)

    ----------------------------------------------------------------------

      Code (inc. data)   RO Data    RW Data    ZI Data      Debug   Library Name

      3936        152        157         12         44       2896   mc_p.l
      1718         28          0          0          0       1508   mf_p.l

    ----------------------------------------------------------------------
      5664        180        159         12         44       4404   Library Totals

    ----------------------------------------------------------------------

==============================================================================


      Code (inc. data)   RO Data    RW Data    ZI Data      Debug   

     91704      18516      14728        384      29224     521917   Grand Totals
     91704      18516      14728         72      29224     521917   ELF Image Totals (compressed)
     91704      18516      14728         72          0          0   ROM Totals

==============================================================================

    Total RO  Size (Code + RO Data)               106432 ( 103.94kB)
    Total RW  Size (RW Data + ZI Data)             29608 (  28.91kB)
    Total ROM Size (Code + RO Data + RW Data)     106504 ( 104.01kB)

==============================================================================

