Component: ARM Compiler 5.05 update 2 (build 169) Tool: armlink [4d35a8]

==============================================================================

Section Cross References

    cpucfg.o(i.BootClrReqInfo) refers to flash.o(i.HT_Flash_PageErase) for HT_Flash_PageErase
    cpucfg.o(i.BootSetReqInfo) refers to flash.o(i.HT_Flash_PageErase) for HT_Flash_PageErase
    cpucfg.o(i.BootSetReqInfo) refers to flash.o(i.HT_Flash_ByteWrite) for HT_Flash_ByteWrite
    cpucfg.o(i.BootSetReqInfo) refers to cpucfg.o(.data) for updateInfo
    cpucfg.o(i.HardFault_Handler) refers to printf8.o(i.__0printf$8) for __2printf
    main.o(i.BspInit) refers to main.o(i.SystemClockInit) for SystemClockInit
    main.o(i.BspInit) refers to systick.o(i.SysTick_Init) for SysTick_Init
    main.o(i.BspInit) refers to usart.o(i.UsartInit) for UsartInit
    main.o(i.BspInit) refers to simuart.o(i.SimuartInit) for SimuartInit
    main.o(i.BspInit) refers to tasks.o(i.vTaskDelay) for vTaskDelay
    main.o(i.BspInit) refers to printf8.o(i.__0printf$8) for __2printf
    main.o(i.BspInit) refers to main.o(i.SystemResetFlag) for SystemResetFlag
    main.o(i.BspInit) refers to lcd.o(i.Lcd_Init) for Lcd_Init
    main.o(i.BspInit) refers to lcd.o(i.LcdEnterInitStu) for LcdEnterInitStu
    main.o(i.BspInit) refers to tempdetection.o(i.ADC_Init) for ADC_Init
    main.o(i.BspInit) refers to rtc.o(i.RtcInit) for RtcInit
    main.o(i.BspInit) refers to i2c.o(i.I2C_Init) for I2C_Init
    main.o(i.BspInit) refers to main.o(i.LoadSysCfgInfo) for LoadSysCfgInfo
    main.o(i.BspInit) refers to server.o(i.ChargerInfoProc) for ChargerInfoProc
    main.o(i.BspInit) refers to gun.o(i.GunInit) for GunInit
    main.o(i.BspInit) refers to sc8042.o(i.Sc8042b_Init) for Sc8042b_Init
    main.o(i.BspInit) refers to outnetproto.o(i.OutNetInit) for OutNetInit
    main.o(i.BspInit) refers to history_order.o(i.HistoryOrder_Init) for HistoryOrder_Init
    main.o(i.BspInit) refers to rtc.o(i.GetCurrentTime) for GetCurrentTime
    main.o(i.BspInit) refers to rtc.o(.data) for RegisterWriteProtect
    main.o(i.BspInit) refers to main.o(.conststring) for .conststring
    main.o(i.BspInit) refers to server.o(.bss) for system_info
    main.o(i.BspInit) refers to main.o(.constdata) for __func__
    main.o(i.LoadSysCfgInfo) refers to flash.o(i.FlashReadSysInfo) for FlashReadSysInfo
    main.o(i.LoadSysCfgInfo) refers to rtc.o(i.GetCurrentTime) for GetCurrentTime
    main.o(i.LoadSysCfgInfo) refers to printf8.o(i.__0printf$8) for __2printf
    main.o(i.LoadSysCfgInfo) refers to main.o(i.SysCfgInit) for SysCfgInit
    main.o(i.LoadSysCfgInfo) refers to memseta.o(.text) for __aeabi_memclr4
    main.o(i.LoadSysCfgInfo) refers to memmovea.o(.text) for __aeabi_memcpy
    main.o(i.LoadSysCfgInfo) refers to flash.o(i.FlashWriteSysInfo) for FlashWriteSysInfo
    main.o(i.LoadSysCfgInfo) refers to flash.o(i.FlashWriteGunInfo) for FlashWriteGunInfo
    main.o(i.LoadSysCfgInfo) refers to history_order.o(i.Clear_RecordOrder) for Clear_RecordOrder
    main.o(i.LoadSysCfgInfo) refers to server.o(.bss) for system_info
    main.o(i.LoadSysCfgInfo) refers to main.o(.constdata) for __func__
    main.o(i.LoadSysCfgInfo) refers to gun.o(.bss) for gun_info
    main.o(i.LoadSysCfgInfo) refers to card.o(.data) for CardUpgradeHandle_t
    main.o(i.MainTask) refers to main.o(i.BspInit) for BspInit
    main.o(i.MainTask) refers to memseta.o(.text) for __aeabi_memclr4
    main.o(i.MainTask) refers to tasks.o(i.xTaskCreate) for xTaskCreate
    main.o(i.MainTask) refers to tasks.o(i.vTaskDelay) for vTaskDelay
    main.o(i.MainTask) refers to rtc.o(i.GetCurrentTime) for GetCurrentTime
    main.o(i.MainTask) refers to printf8.o(i.__0printf$8) for __2printf
    main.o(i.MainTask) refers to server.o(i.ShowCostTemplate) for ShowCostTemplate
    main.o(i.MainTask) refers to gun.o(i.RestoreGunStatus) for RestoreGunStatus
    main.o(i.MainTask) refers to rtc.o(i.GetRtcCount) for GetRtcCount
    main.o(i.MainTask) refers to memcmp.o(.text) for memcmp
    main.o(i.MainTask) refers to tfs.o(i.TfsGetId2) for TfsGetId2
    main.o(i.MainTask) refers to proto.o(i.SendDeviceAesReq) for SendDeviceAesReq
    main.o(i.MainTask) refers to proto.o(i.SendStartUpNotice) for SendStartUpNotice
    main.o(i.MainTask) refers to proto.o(i.SendRegister) for SendRegister
    main.o(i.MainTask) refers to ui.o(i.SwitchToUi_Standby) for SwitchToUi_Standby
    main.o(i.MainTask) refers to server.o(i.StartChargingSend) for StartChargingSend
    main.o(i.MainTask) refers to server.o(i.SendHistoryOrder) for SendHistoryOrder
    main.o(i.MainTask) refers to sim800c.o(i.GprsSocketStateCheck) for GprsSocketStateCheck
    main.o(i.MainTask) refers to sim800c.o(i.GprsSendCmd) for GprsSendCmd
    main.o(i.MainTask) refers to uidiv.o(.text) for __aeabi_uidivmod
    main.o(i.MainTask) refers to proto.o(i.HeartBeatHandle) for HeartBeatHandle
    main.o(i.MainTask) refers to ui.o(i.SetPrintSwitch) for SetPrintSwitch
[...]
    sim800_check_CREG                        0x0001a635   Thumb Code    50  sim800c.o(i.sim800_check_CREG)
    sim800_check_CSCLK                       0x0001a689   Thumb Code    50  sim800c.o(i.sim800_check_CSCLK)
    sim800_check_CSQ                         0x0001a6dd   Thumb Code   106  sim800c.o(i.sim800_check_CSQ)
    sim800_check_CSTT                        0x0001a775   Thumb Code    50  sim800c.o(i.sim800_check_CSTT)
    sim800_check_ack                         0x0001a7c9   Thumb Code    50  sim800c.o(i.sim800_check_ack)
    sim800_check_cpin                        0x0001a81d   Thumb Code    50  sim800c.o(i.sim800_check_cpin)
    sim800_check_reset                       0x0001a871   Thumb Code   188  sim800c.o(i.sim800_check_reset)
    sim800_default                           0x0001a9b5   Thumb Code    24  sim800c.o(i.sim800_default)
    sim800_ipopen                            0x0001a9d1   Thumb Code   180  sim800c.o(i.sim800_ipopen)
    timer2_init                              0x0001aac5   Thumb Code    56  emu.o(i.timer2_init)
    timer4_init                              0x0001ab15   Thumb Code    82  relayctrltask.o(i.timer4_init)
    to_bytes                                 0x0001ab71   Thumb Code    20  md5.o(i.to_bytes)
    to_int32                                 0x0001ab85   Thumb Code    24  md5.o(i.to_int32)
    trim                                     0x0001ab9d   Thumb Code    42  sim800c.o(i.trim)
    updateMatrix                             0x0001abc9   Thumb Code    70  emu.o(i.updateMatrix)
    uxListRemove                             0x0001ac15   Thumb Code    40  list.o(i.uxListRemove)
    vListInitialise                          0x0001ac3d   Thumb Code    26  list.o(i.vListInitialise)
    vListInitialiseItem                      0x0001ac57   Thumb Code     6  list.o(i.vListInitialiseItem)
    vListInsert                              0x0001ac5d   Thumb Code    54  list.o(i.vListInsert)
    vListInsertEnd                           0x0001ac93   Thumb Code    24  list.o(i.vListInsertEnd)
    vPortEnterCritical                       0x0001acad   Thumb Code    22  port.o(i.vPortEnterCritical)
    vPortExitCritical                        0x0001acc9   Thumb Code    36  port.o(i.vPortExitCritical)
    vPortFree                                0x0001acf1   Thumb Code   120  heap_4.o(i.vPortFree)
    vPortYield                               0x0001ad71   Thumb Code    18  port.o(i.vPortYield)
    vTaskDelay                               0x0001ad89   Thumb Code    62  tasks.o(i.vTaskDelay)
    vTaskDelete                              0x0001adcd   Thumb Code   150  tasks.o(i.vTaskDelete)
    vTaskMissedYield                         0x0001ae81   Thumb Code     8  tasks.o(i.vTaskMissedYield)
    vTaskPlaceOnEventList                    0x0001ae8d   Thumb Code    38  tasks.o(i.vTaskPlaceOnEventList)
    vTaskPriorityInherit                     0x0001aeb9   Thumb Code   128  tasks.o(i.vTaskPriorityInherit)
    vTaskSetTimeOutState                     0x0001af45   Thumb Code    24  tasks.o(i.vTaskSetTimeOutState)
    vTaskStartScheduler                      0x0001af65   Thumb Code    80  tasks.o(i.vTaskStartScheduler)
    vTaskSuspendAll                          0x0001afd1   Thumb Code    12  tasks.o(i.vTaskSuspendAll)
    vTaskSwitchContext                       0x0001afe1   Thumb Code   108  tasks.o(i.vTaskSwitchContext)
    writecalpara                             0x0001b061   Thumb Code   450  emu.o(i.writecalpara)
    xPortStartScheduler                      0x0001b229   Thumb Code    48  port.o(i.xPortStartScheduler)
    xQueueCreateCountingSemaphore            0x0001b261   Thumb Code    68  queue.o(i.xQueueCreateCountingSemaphore)
    xQueueGenericCreate                      0x0001b2a5   Thumb Code    80  queue.o(i.xQueueGenericCreate)
    xQueueGenericReceive                     0x0001b2f5   Thumb Code   348  queue.o(i.xQueueGenericReceive)
    xQueueGenericReset                       0x0001b451   Thumb Code   122  queue.o(i.xQueueGenericReset)
    xQueueGenericSend                        0x0001b4cb   Thumb Code   318  queue.o(i.xQueueGenericSend)
    xTaskCheckForTimeOut                     0x0001b609   Thumb Code   106  tasks.o(i.xTaskCheckForTimeOut)
    xTaskCreate                              0x0001b67d   Thumb Code    92  tasks.o(i.xTaskCreate)
    xTaskGetCurrentTaskHandle                0x0001b6d9   Thumb Code     6  tasks.o(i.xTaskGetCurrentTaskHandle)
    xTaskGetTickCount                        0x0001b6e5   Thumb Code     6  tasks.o(i.xTaskGetTickCount)
    xTaskIncrementTick                       0x0001b6f1   Thumb Code   218  tasks.o(i.xTaskIncrementTick)
    xTaskPriorityDisinherit                  0x0001b7f1   Thumb Code   124  tasks.o(i.xTaskPriorityDisinherit)
    xTaskRemoveFromEventList                 0x0001b879   Thumb Code   112  tasks.o(i.xTaskRemoveFromEventList)
    xTaskResumeAll                           0x0001b901   Thumb Code   196  tasks.o(i.xTaskResumeAll)
    gStationId                               0x0001b9e4   Data           8  main.o(.constdata)
    gBuffToEmuIndex                          0x0001bcbc   Data          10  emu.o(.constdata)
    EMUID                                    0x0001bcc6   Data           7  emu.o(.constdata)
    EMUDATA                                  0x0001bcd0   Data         600  emu.o(.constdata)
    defaultMA                                0x0001bf28   Data         576  emu.o(.constdata)
    Gun_GPIO_PortTable                       0x0001c1c0   Data          96  gun.o(.constdata)
    gZeroArray                               0x0001c517   Data          64  server.o(.constdata)
    ipinit_tab                               0x0001c600   Data         420  sim800c.o(.constdata)
    TestCode                                 0x0001c9e4   Data           4  ui.o(.constdata)
    __ctype_table                            0x0001eefd   Data         129  ctype_o.o(.constdata)
    Region$$Table$$Base                      0x0001f6a4   Number         0  anon$$obj.o(Region$$Table)
    Region$$Table$$Limit                     0x0001f6c4   Number         0  anon$$obj.o(Region$$Table)
    updateInfo                               0x20000000   Data           8  cpucfg.o(.data)
    MainTaskHandle_t                         0x20000008   Data           4  main.o(.data)
    ServerTaskHandle_t                       0x2000000c   Data           4  main.o(.data)
    gEmuTaskHandle_t                         0x20000010   Data           4  main.o(.data)
    SendTradeRecordNoticeTime                0x20000014   Data           4  main.o(.data)
    SendStartChargingNoticeTime              0x20000018   Data           4  main.o(.data)
    oneUploadTradeNum                        0x2000001c   Data           2  main.o(.data)
    uploadHistoryOrderTimes                  0x20000020   Data           4  main.o(.data)
    gLastResetReason                         0x20000024   Data           4  main.o(.data)
    current_send_order_gunid                 0x20000029   Data           1  blueproto.o(.data)
    CardUpgradeHandle_t                      0x2000002c   Data           4  card.o(.data)
    readCardFlg                              0x20000030   Data           1  card.o(.data)
    gWaitMsgAck                              0x20000031   Data           1  card.o(.data)
    gCKBSendMux                              0x20000034   Data           8  card.o(.data)
    EMUIFIFlag                               0x20000060   Data           1  emu.o(.data)
    direction                                0x20000062   Data           2  emu.o(.data)
    readerror                                0x20000064   Data           7  emu.o(.data)
    gEmuResetFlag                            0x2000006b   Data           1  emu.o(.data)
    chargingOldTime                          0x2000006c   Data           4  gun.o(.data)
    gTradeRecordMux                          0x20000070   Data           8  history_order.o(.data)
    gSendPktLen                              0x2000007a   Data           2  outnetproto.o(.data)
    TestKeyFlag                              0x2000007c   Data           1  producttest.o(.data)
    TestCardFlag                             0x2000007d   Data           1  producttest.o(.data)
    gProtoSendMux                            0x20000080   Data           8  proto.o(.data)
    gCardReqFlag                             0x20000088   Data           1  proto.o(.data)
    gSendHearBeatCnt                         0x20000089   Data           1  proto.o(.data)
    AesKeyUpdateFlag                         0x2000008a   Data           1  proto.o(.data)
    SysToken                                 0x2000008b   Data          16  proto.o(.data)
    gWrite                                   0x2000009c   Data           2  server.o(.data)
    SendRecordTimers                         0x2000009e   Data           1  server.o(.data)
    gGprsSendMux                             0x200000a8   Data           8  sim800c.o(.data)
    gNetSignal                               0x200000b0   Data           1  sim800c.o(.data)
    gGprsRxLen                               0x200000b2   Data           2  sim800c.o(.data)
    gSimStatus                               0x200000b4   Data           4  sim800c.o(.data)
    istage                                   0x200000b8   Data           1  sim800c.o(.data)
    extraData                                0x200000c0   Data           4  tfs.o(.data)
    ui_Info                                  0x200000c4   Data           8  ui.o(.data)
    ProgressloopCnt                          0x200000cc   Data           4  ui.o(.data)
    I2C_sla                                  0x200000dc   Data           1  i2c.o(.data)
    I2C_suba                                 0x200000de   Data           2  i2c.o(.data)
    I2C_suba_num                             0x200000e0   Data           1  i2c.o(.data)
    I2C_buf                                  0x200000e4   Data           4  i2c.o(.data)
    I2C_num                                  0x200000e8   Data           2  i2c.o(.data)
    I2C_end                                  0x200000ea   Data           1  i2c.o(.data)
    I2C_suba_en                              0x200000eb   Data           1  i2c.o(.data)
    gI2cMux                                  0x200000ec   Data           8  i2c.o(.data)
    keyHappenEvent                           0x200000f4   Data           1  i2c.o(.data)
    RegisterWriteProtect                     0x20000128   Data           8  rtc.o(.data)
    gSysSecond                               0x20000130   Data           4  rtc.o(.data)
    voiceUndateTime                          0x20000134   Data           4  sc8042.o(.data)
    powerOnFlag                              0x20000138   Data           1  sc8042.o(.data)
    UART8_RxBuff                             0x2000013c   Data           4  usart.o(.data)
    gUartInitFun                             0x20000140   Data          40  usart.o(.data)
    pxCurrentTCB                             0x20000168   Data           4  tasks.o(.data)
    __stdout                                 0x200001c4   Data           4  stdout.o(.data)
    gBlueStatus                              0x200001cc   Data          24  blueproto.o(.bss)
    gCKBSendBuff                             0x200001e4   Data         350  card.o(.bss)
    gBlueInfo                                0x20000342   Data          39  card.o(.bss)
    gBlueRxData                              0x20000369   Data         350  card.o(.bss)
    EmuCalation                              0x200005d8   Data         584  emu.o(.bss)
    invMatrixA                               0x20000820   Data         576  emu.o(.bss)
    sampleVol                                0x20000a60   Data          48  emu.o(.bss)
    sampleCur                                0x20000a90   Data          48  emu.o(.bss)
    checkCur                                 0x20000ac0   Data          48  emu.o(.bss)
    samplePower                              0x20000af0   Data          48  emu.o(.bss)
    checkPower                               0x20000b20   Data          48  emu.o(.bss)
    powerF                                   0x20000b50   Data          48  emu.o(.bss)
    gEmuCtrl                                 0x20000b80   Data         104  emu.o(.bss)
    gun                                      0x20000be8   Data         156  emu.o(.bss)
    gEmuStatic                               0x20000c84   Data          84  emu.o(.bss)
    gun_info                                 0x20000cd8   Data        1320  gun.o(.bss)
    orderHeadFlag                            0x20001200   Data          32  history_order.o(.bss)
    gBuff                                    0x20001220   Data        1024  history_order.o(.bss)
    gOutNetStatus                            0x20001620   Data          16  outnetproto.o(.bss)
    gSendPktBuff                             0x20001630   Data         350  outnetproto.o(.bss)
    gRecvPktBuff                             0x2000178e   Data        1056  outnetproto.o(.bss)
    req_cnt                                  0x20001bae   Data          12  proto.o(.bss)
    gProtoSendBuff                           0x20001bba   Data         350  proto.o(.bss)
    gID2                                     0x20001d18   Data          25  proto.o(.bss)
    system_info                              0x20001d34   Data         708  server.o(.bss)
    gPrintBuff                               0x20001ff8   Data         350  server.o(.bss)
    gChgInfo                                 0x20002158   Data        1808  server.o(.bss)
    gSocketPktRxCtrl                         0x20002868   Data          16  sim800c.o(.bss)
    gGprsRxBuff                              0x20002878   Data         512  sim800c.o(.bss)
    gprsBuffer                               0x20002a78   Data         520  sim800c.o(.bss)
    keyVal                                   0x20002c80   Data          20  ui.o(.bss)
    upgradeInfo                              0x20002c94   Data          20  upgrade.o(.bss)
    gTimeStr                                 0x20002ce8   Data          16  rtc.o(.bss)
    gSimUartCtrl                             0x20002cf8   Data          48  simuart.o(.bss)
    UART0_RxBuff                             0x20002d28   Data         520  usart.o(.bss)
    UART1_RxBuff                             0x20002f30   Data         350  usart.o(.bss)
    UART2_RxBuff                             0x2000308e   Data        1056  usart.o(.bss)
    UART3_RxBuff                             0x200034ae   Data          64  usart.o(.bss)
    UART4_RxBuff                             0x200034ee   Data          64  usart.o(.bss)
    UART5_RxBuff                             0x2000352e   Data          64  usart.o(.bss)
    UART6_RxBuff                             0x2000356e   Data          64  usart.o(.bss)
    UART7_RxBuff                             0x200035ae   Data          64  usart.o(.bss)
    UART9_RxBuff                             0x200035ee   Data          64  usart.o(.bss)
    gUartPortAddr                            0x20003630   Data         360  usart.o(.bss)
    __initial_sp                             0x2000a4a0   Data           0  startup_ht6x3x.o(STACK)



==============================================================================

Memory Map of the image

  Image Entry point : 0x000020c1

  Load Region LR_IROM1 (Base: 0x00002000, Size: 0x0001d890, Max: 0x00037000, ABSOLUTE, COMPRESSED[0x0001d714])

    Execution Region ER_IROM1 (Base: 0x00002000, Size: 0x0001d6c4, Max: 0x00037000, ABSOLUTE)

    Base Addr    Size         Type   Attr      Idx    E Section Name        Object

    0x00002000   0x000000c0   Data   RO         4327    RESET               startup_ht6x3x.o
    0x000020c0   0x00000000   Code   RO         5060  * .ARM.Collect$$$$00000000  mc_p.l(entry.o)
    0x000020c0   0x00000004   Code   RO         5405    .ARM.Collect$$$$00000001  mc_p.l(entry2.o)
    0x000020c4   0x00000004   Code   RO         5408    .ARM.Collect$$$$00000004  mc_p.l(entry5.o)
    0x000020c8   0x00000000   Code   RO         5410    .ARM.Collect$$$$00000008  mc_p.l(entry7b.o)
    0x000020c8   0x00000000   Code   RO         5412    .ARM.Collect$$$$0000000A  mc_p.l(entry8b.o)
    0x000020c8   0x00000008   Code   RO         5413    .ARM.Collect$$$$0000000B  mc_p.l(entry9a.o)
    0x000020d0   0x00000000   Code   RO         5415    .ARM.Collect$$$$0000000D  mc_p.l(entry10a.o)
    0x000020d0   0x00000000   Code   RO         5417    .ARM.Collect$$$$0000000F  mc_p.l(entry11a.o)
    0x000020d0   0x00000004   Code   RO         5406    .ARM.Collect$$$$00002712  mc_p.l(entry2.o)
    0x000020d4   0x00000078   Code   RO         4935    .emb_text           port.o
    0x0000214c   0x0000001c   Code   RO         4329    .text               startup_ht6x3x.o
    0x00002168   0x0000002c   Code   RO         5063    .text               mc_p.l(uidiv.o)
    0x00002194   0x00000028   Code   RO         5065    .text               mc_p.l(idiv.o)
    0x000021bc   0x0000008c   Code   RO         5071    .text               mc_p.l(mktime.o)
    0x00002248   0x00000040   Code   RO         5076    .text               mc_p.l(memmovea.o)
    0x00002288   0x00000024   Code   RO         5078    .text               mc_p.l(memseta.o)
    0x000022ac   0x00000018   Code   RO         5080    .text               mc_p.l(strcat.o)
    0x000022c4   0x00000028   Code   RO         5082    .text               mc_p.l(strstr.o)
    0x000022ec   0x0000001a   Code   RO         5084    .text               mc_p.l(strncpy.o)
    0x00002306   0x00000014   Code   RO         5086    .text               mc_p.l(strchr.o)
    0x0000231a   0x0000000e   Code   RO         5088    .text               mc_p.l(strlen.o)
    0x00002328   0x0000001a   Code   RO         5090    .text               mc_p.l(memcmp.o)
    0x00002342   0x0000001e   Code   RO         5092    .text               mc_p.l(strncmp.o)
    0x00002360   0x00000048   Code   RO         5094    .text               mc_p.l(strtok.o)
    0x000023a8   0x00000014   Code   RO         5365    .text               mc_p.l(uread4.o)
    0x000023bc   0x00000012   Code   RO         5367    .text               mc_p.l(uwrite4.o)
    0x000023ce   0x00000002   PAD
    0x000023d0   0x0000003c   Code   RO         5369    .text               mc_p.l(__0sscanf.o)
    0x0000240c   0x000000e8   Code   RO         5371    .text               mc_p.l(_scanf_str.o)
    0x000024f4   0x0000001a   Code   RO         5373    .text               mc_p.l(atoi.o)
    0x0000250e   0x000000b2   Code   RO         5375    .text               mf_p.l(fadd.o)
    0x000025c0   0x0000007a   Code   RO         5377    .text               mf_p.l(fmul.o)
    0x0000263a   0x0000007c   Code   RO         5379    .text               mf_p.l(fdiv.o)
    0x000026b6   0x00000002   PAD
    0x000026b8   0x00000164   Code   RO         5381    .text               mf_p.l(dadd.o)
    0x0000281c   0x00000016   Code   RO         5385    .text               mf_p.l(fflti.o)
    0x00002832   0x0000000e   Code   RO         5387    .text               mf_p.l(ffltui.o)
    0x00002840   0x00000028   Code   RO         5391    .text               mf_p.l(ffixui.o)
    0x00002868   0x00000048   Code   RO         5393    .text               mf_p.l(dfixi.o)
    0x000028b0   0x00000028   Code   RO         5395    .text               mf_p.l(f2d.o)
    0x000028d8   0x00000028   Code   RO         5397    .text               mf_p.l(cdcmple.o)
    0x00002900   0x00000038   Code   RO         5399    .text               mf_p.l(d2f.o)
    0x00002938   0x00000014   Code   RO         5401    .text               mf_p.l(cfcmple.o)
    0x0000294c   0x00000014   Code   RO         5403    .text               mf_p.l(cfrcmple.o)
    0x00002960   0x00000060   Code   RO         5420    .text               mc_p.l(uldiv.o)
    0x000029c0   0x00000020   Code   RO         5422    .text               mc_p.l(llshl.o)
    0x000029e0   0x00000022   Code   RO         5424    .text               mc_p.l(llushr.o)
    0x00002a02   0x00000026   Code   RO         5426    .text               mc_p.l(llsshr.o)
    0x00002a28   0x00000010   Code   RO         5428    .text               mc_p.l(localtime_w.o)
    0x00002a38   0x00000074   Code   RO         5431    .text               mc_p.l(localtime_i.o)
    0x00002aac   0x0000002c   Code   RO         5441    .text               mc_p.l(scanf_char.o)
    0x00002ad8   0x00000044   Code   RO         5443    .text               mc_p.l(_sgetc.o)
    0x00002b1c   0x00000070   Code   RO         5445    .text               mc_p.l(strtol.o)
    0x00002b8c   0x00000000   Code   RO         5447    .text               mc_p.l(iusefp.o)
    0x00002b8c   0x00000082   Code   RO         5448    .text               mf_p.l(fepilogue.o)
    0x00002c0e   0x000000be   Code   RO         5450    .text               mf_p.l(depilogue.o)
    0x00002ccc   0x00000024   Code   RO         5460    .text               mc_p.l(init.o)
    0x00002cf0   0x00000008   Code   RO         5464    .text               mc_p.l(ctype_o.o)
    0x00002cf8   0x00000012   Code   RO         5486    .text               mc_p.l(isspace_o.o)
    0x00002d0a   0x00000002   PAD
    0x00002d0c   0x00000338   Code   RO         5492    .text               mc_p.l(_scanf.o)
    0x00003044   0x000000a6   Code   RO         5494    .text               mc_p.l(_strtoul.o)
    0x000030ea   0x0000001e   Code   RO         5499    .text               mc_p.l(_chval.o)
    0x00003108   0x00000056   Code   RO         5509    .text               mc_p.l(__dczerorl2.o)
    0x0000315e   0x00000002   PAD
    0x00003160   0x00000070   Code   RO         4212    i.ADC_Init          tempdetection.o
    0x000031d0   0x00000370   Code   RO         2816    i.AES_decrypt       aes.o
    0x00003540   0x000003cc   Code   RO         2817    i.AES_encrypt       aes.o
    0x0000390c   0x000001ec   Code   RO         2818    i.AES_set_decrypt_key  aes.o
    0x00003af8   0x000002f4   Code   RO         2819    i.AES_set_encrypt_key  aes.o
    0x00003dec   0x0000027c   Code   RO         1376    i.AesInfoHandle     proto.o
    0x00004068   0x000000b8   Code   RO          552    i.App_CB_DownFW     card.o
    0x00004120   0x00000098   Code   RO          553    i.App_CB_Handle_UpgradeInfo  card.o
    0x000041b8   0x00000080   Code   RO          554    i.App_CB_SendStartUpgrade  card.o
    0x00004238   0x00000068   Code   RO         1012    i.AttGpioInit       gun.o
    0x000042a0   0x0000017c   Code   RO          842    i.AutoLearnMatrix   emu.o
    0x0000441c   0x000000bc   Code   RO          316    i.BlueCostTemplateDown  blueproto.o
    0x000044d8   0x00000080   Code   RO          317    i.BlueCostTemplateReq  blueproto.o
    0x00004558   0x000000e8   Code   RO          318    i.BlueCostTemplateUpload  blueproto.o
    0x00004640   0x00000094   Code   RO          319    i.BlueDevRegisterACK  blueproto.o
    0x000046d4   0x000000ac   Code   RO          320    i.BlueFWDownLoad    blueproto.o
    0x00004780   0x00000164   Code   RO          321    i.BlueFWUpgradeNotice  blueproto.o
    0x000048e4   0x00000150   Code   RO          322    i.BlueHistoryOrderEnsure  blueproto.o
    0x00004a34   0x0000003c   Code   RO          323    i.BlueHistoryOrderUpload_ACK  blueproto.o
    0x00004a70   0x00000348   Code   RO          324    i.BlueProtoProc     blueproto.o
    0x00004db8   0x00000090   Code   RO          325    i.BlueRegister      blueproto.o
    0x00004e48   0x00000020   Code   RO          326    i.BlueReqBreak      blueproto.o
    0x00004e68   0x00000030   Code   RO          327    i.BlueSendCostTemplate  blueproto.o
    0x00004e98   0x000000e4   Code   RO          328    i.BlueSendHeartBeat  blueproto.o
    0x00004f7c   0x00000098   Code   RO          329    i.BlueSendStartChargingAck  blueproto.o
    0x00005014   0x000000d4   Code   RO          330    i.BlueSendStopChargingAck  blueproto.o
    0x000050e8   0x00000184   Code   RO          331    i.BlueStartCharging  blueproto.o
    0x0000526c   0x00000154   Code   RO          332    i.BlueStopCharging  blueproto.o
    0x000053c0   0x00000030   Code   RO          333    i.BlueTimingOpen    blueproto.o
    0x000053f0   0x0000018c   Code   RO          334    i.BlueUpLoadHistoryOrder  blueproto.o
    0x0000557c   0x00000020   Code   RO            3    i.BootSetReqInfo    cpucfg.o
    0x0000559c   0x000000bc   Code   RO          161    i.BspInit           main.o
    0x00005658   0x000001b8   Code   RO          557    i.BtModuleHandle    card.o
    0x00005810   0x00000020   Code   RO          335    i.BtRemoCtrlCloseGun  blueproto.o
    0x00005830   0x00000024   Code   RO          336    i.BtRemoCtrlOpenGun  blueproto.o
    0x00005854   0x0000001e   Code   RO          337    i.BtRemoCtrlPrint   blueproto.o
    0x00005872   0x00000012   Code   RO          338    i.BtRemoCtrlReset   blueproto.o
    0x00005884   0x0000001e   Code   RO          339    i.BtSetChargeChangePower  blueproto.o
    0x000058a2   0x00000002   PAD
    0x000058a4   0x00000080   Code   RO          340    i.BtSetChargerDeviceId  blueproto.o
    0x00005924   0x000000d0   Code   RO          341    i.BtSetChargerSn    blueproto.o
    0x000059f4   0x00000098   Code   RO          342    i.BtSetFullTime     blueproto.o
    0x00005a8c   0x0000006c   Code   RO          343    i.BtSetPullGunTime  blueproto.o
    0x00005af8   0x000000b4   Code   RO          558    i.BuleStatusSendProc  card.o
    0x00005bac   0x0000034c   Code   RO          559    i.CardModuleHandle  card.o
    0x00005ef8   0x00000118   Code   RO          560    i.CardReadIDHandle  card.o
    0x00006010   0x00000068   Code   RO         1716    i.ChargerInfoProc   server.o
    0x00006078   0x0000029c   Code   RO         1717    i.ChargingCtrlProc  server.o
    0x00006314   0x00000248   Code   RO         1718    i.ChargingProc      server.o
    0x0000655c   0x000000f8   Code   RO          561    i.CheckBlueInfo     card.o
    0x00006654   0x00000034   Code   RO          344    i.CheckBlueUpgrade  blueproto.o
    0x00006688   0x00000020   Code   RO         1377    i.CheckCostTemplate  proto.o
    0x000066a8   0x00000080   Code   RO         1203    i.CheckDialValue    outnetproto.o
    0x00006728   0x000000c4   Code   RO         1013    i.CheckGunStatu     gun.o
    0x000067ec   0x0000004c   Code   RO         1924    i.CheckModeCmd      sim800c.o
    0x00006838   0x00000016   Code   RO         1098    i.CheckOrderBuffStatus  history_order.o
    0x0000684e   0x00000002   PAD
    0x00006850   0x000000b4   Code   RO         1099    i.CheckOrderInfo    history_order.o
    0x00006904   0x000001d0   Code   RO         1378    i.CheckStartPara    proto.o
    0x00006ad4   0x0000007c   Code   RO         3725    i.CheckVoiceChipPower  sc8042.o
    0x00006b50   0x00000058   Code   RO          562    i.CkbPowerOff       card.o
    0x00006ba8   0x00000024   Code   RO          563    i.CkbPowerOn        card.o
    0x00006bcc   0x0000026c   Code   RO          564    i.CkbTask           card.o
    0x00006e38   0x00000044   Code   RO         1100    i.Clear_RecordOrder  history_order.o
    0x00006e7c   0x00000034   Code   RO         2864    i.Close_Hrc         cmu.o
    0x00006eb0   0x00000154   Code   RO         1379    i.CostTempCopy      proto.o
    0x00007004   0x00000024   Code   RO         1380    i.CostTemplateProc  proto.o
    0x00007028   0x00000020   Code   RO         1381    i.CostTemplateReq   proto.o
    0x00007048   0x00000048   Code   RO         2691    i.CrtlRelay_OFF     relayctrltask.o
    0x00007090   0x00000048   Code   RO         2692    i.CrtlRelay_ON      relayctrltask.o
    0x000070d8   0x0000008c   Code   RO         1382    i.DecryptAndCheckServeData  proto.o
    0x00007164   0x00000050   Code   RO         2820    i.DecryptData       aes.o
    0x000071b4   0x00000028   Code   RO         2866    i.Delay_mSec        cmu.o
    0x000071dc   0x00000038   Code   RO         1720    i.DeviceBcd2str     server.o
    0x00007214   0x00000020   Code   RO         2974    i.E2promReadDataEx  flash.o
    0x00007234   0x00000014   Code   RO         2975    i.E2promWriteDataEx  flash.o
    0x00007248   0x00000068   Code   RO         3832    i.EXTI4_IRQHandler  simuart.o
    0x000072b0   0x00000040   Code   RO         2693    i.EXTI5_CallBack    relayctrltask.o
    0x000072f0   0x0000002a   Code   RO         2694    i.EXTI5_IRQHandler  relayctrltask.o
    0x0000731a   0x00000002   PAD
    0x0000731c   0x00000030   Code   RO         3177    i.EXTI6_IRQHandler  i2c.o
    0x0000734c   0x000000b0   Code   RO         3833    i.EXTI7_IRQHandler  simuart.o
    0x000073fc   0x00000030   Code   RO         2976    i.EepromWriteData   flash.o
    0x0000742c   0x0000003c   Code   RO          843    i.ElecHandle        emu.o
    0x00007468   0x00000128   Code   RO          844    i.EmuMatrixInit     emu.o
    0x00007590   0x000000b8   Code   RO          845    i.EnableZXIE        emu.o
    0x00007648   0x00000050   Code   RO         2821    i.EncrypData        aes.o
    0x00007698   0x00000160   Code   RO          566    i.EntranceGuardCardReadIDHandle  card.o
    0x000077f8   0x00000150   Code   RO          567    i.EntranceGuardPayCardReadIDHandle  card.o
    0x00007948   0x00000010   Code   RO         2922    i.FIFO_S_CountUsed  fifo.o
    0x00007958   0x00000018   Code   RO         2923    i.FIFO_S_Flush      fifo.o
    0x00007970   0x00000038   Code   RO         2924    i.FIFO_S_Get        fifo.o
    0x000079a8   0x00000030   Code   RO         2926    i.FIFO_S_Init       fifo.o
    0x000079d8   0x00000056   Code   RO         2928    i.FIFO_S_Put        fifo.o
    0x00007a2e   0x0000001a   Code   RO         2977    i.FlashEraseAppBackup  flash.o
    0x00007a48   0x0000001e   Code   RO         2978    i.FlashEraseKeyBoardBackup  flash.o
    0x00007a66   0x00000020   Code   RO         2979    i.FlashReadDataEx   flash.o
    0x00007a86   0x00000022   Code   RO         2980    i.FlashReadGunInfo  flash.o
    0x00007aa8   0x00000022   Code   RO         2981    i.FlashReadMatrix   flash.o
    0x00007aca   0x0000001e   Code   RO         2982    i.FlashReadSysInfo  flash.o
    0x00007ae8   0x00000020   Code   RO         2983    i.FlashWritMatrix   flash.o
    0x00007b08   0x00000014   Code   RO         2984    i.FlashWriteAppBackup  flash.o
    0x00007b1c   0x00000034   Code   RO         2985    i.FlashWriteGunInfo  flash.o
    0x00007b50   0x00000032   Code   RO         2986    i.FlashWriteSysInfo  flash.o
    0x00007b82   0x00000002   PAD
    0x00007b84   0x00000cd8   Code   RO         1925    i.FtpGet            sim800c.o
    0x0000885c   0x00000022   Code   RO         3130    i.GPIO_Cfg          gpio.o
    0x0000887e   0x00000014   Code   RO         3131    i.GPIO_ReadInputDataBit  gpio.o
    0x00008892   0x00000008   Code   RO         3132    i.GPIO_ResetBits    gpio.o
    0x0000889a   0x00000008   Code   RO         3133    i.GPIO_SetBits      gpio.o
    0x000088a2   0x00000002   PAD
    0x000088a4   0x000000a0   Code   RO         1926    i.GetCcidSn         sim800c.o
    0x00008944   0x00000024   Code   RO         1014    i.GetChargingGunCnt  gun.o
    0x00008968   0x0000029c   Code   RO         1721    i.GetChargingTime   server.o
    0x00008c04   0x0000003c   Code   RO          568    i.GetCkbPcbSn       card.o
    0x00008c40   0x0000000c   Code   RO         1722    i.GetCostMode       server.o
    0x00008c4c   0x00000002   Code   RO         3620    i.GetCpuTemp        ntcad.o
    0x00008c4e   0x00000002   PAD
    0x00008c50   0x00000050   Code   RO         3642    i.GetCurrentTime    rtc.o
    0x00008ca0   0x00000020   Code   RO         1723    i.GetDialValue      server.o
    0x00008cc0   0x0000009c   Code   RO         1927    i.GetGPRSBuffer     sim800c.o
    0x00008d5c   0x0000001c   Code   RO          846    i.GetGunStatus      emu.o
    0x00008d78   0x00000064   Code   RO         1383    i.GetLeftChargingTime  proto.o
    0x00008ddc   0x0000000c   Code   RO         1928    i.GetNetSignal      sim800c.o
    0x00008de8   0x0000001a   Code   RO         1384    i.GetNoZeroSum      proto.o
    0x00008e02   0x00000002   PAD
    0x00008e04   0x0000002c   Code   RO         1101    i.GetOrderCnt       history_order.o
    0x00008e30   0x0000001a   Code   RO         1385    i.GetPktSum         proto.o
    0x00008e4a   0x00000002   PAD
    0x00008e4c   0x0000000c   Code   RO         3712    i.GetRtcCount       rtc.o
    0x00008e58   0x00000064   Code   RO         3643    i.GetRtcTime        rtc.o
    0x00008ebc   0x000000b8   Code   RO         1929    i.GetSocketState    sim800c.o
    0x00008f74   0x0000004c   Code   RO         3644    i.GetTimeStamp      rtc.o
    0x00008fc0   0x00000014   Code   RO         4007    i.GetUsartOverFlow  usart.o
    0x00008fd4   0x000001bc   Code   RO         1930    i.GprsCheckRes      sim800c.o
    0x00009190   0x000000b4   Code   RO         1931    i.GprsCmdChkNoSpace  sim800c.o
    0x00009244   0x00000088   Code   RO         1932    i.GprsInit          sim800c.o
    0x000092cc   0x00000018   Code   RO         1933    i.GprsReset         sim800c.o
    0x000092e4   0x00000068   Code   RO         1934    i.GprsSendCmd       sim800c.o
    0x0000934c   0x00000194   Code   RO         1935    i.GprsSendCmdChkNoSpace  sim800c.o
    0x000094e0   0x00000038   Code   RO         1936    i.GprsSendData      sim800c.o
    0x00009518   0x0000015c   Code   RO         1937    i.GprsSocketStateCheck  sim800c.o
    0x00009674   0x00000614   Code   RO         1724    i.GunChargingProc   server.o
    0x00009c88   0x0000004c   Code   RO         1015    i.GunGpioInit       gun.o
    0x00009cd4   0x00000064   Code   RO         1016    i.GunInit           gun.o
    0x00009d38   0x00000030   Code   RO         1017    i.GunTurnOff        gun.o
    0x00009d68   0x0000007c   Code   RO         1018    i.GunTurnOn         gun.o
    0x00009de4   0x0000018c   Code   RO          847    i.HT7017_Read       emu.o
    0x00009f70   0x00000194   Code   RO          848    i.HT7017_Write      emu.o
    0x0000a104   0x00000048   Code   RO         2867    i.HT_CMU_ClkCtrl0Config  cmu.o
    0x0000a14c   0x00000044   Code   RO         2868    i.HT_CMU_ClkCtrl1Config  cmu.o
    0x0000a190   0x00000024   Code   RO         3834    i.HT_EXTIFall_ClearITPendingBit  simuart.o
    0x0000a1b4   0x00000030   Code   RO         3835    i.HT_EXTIFall_ITFlagStatusGet  simuart.o
    0x0000a1e4   0x00000028   Code   RO         3836    i.HT_EXTIRise_ClearITPendingBit  simuart.o
    0x0000a20c   0x00000030   Code   RO         3837    i.HT_EXTIRise_ITFlagStatusGet  simuart.o
    0x0000a23c   0x00000020   Code   RO         2987    i.HT_Flash_ByteRead  flash.o
    0x0000a25c   0x0000006c   Code   RO         2988    i.HT_Flash_ByteWrite  flash.o
    0x0000a2c8   0x00000060   Code   RO         2992    i.HT_Flash_PageErase  flash.o
    0x0000a328   0x000000a4   Code   RO         3135    i.HT_GPIO_Init      gpio.o
    0x0000a3cc   0x00000024   Code   RO         3268    i.HT_LCD_Init       lcd.o
    0x0000a3f0   0x00000010   Code   RO         3269    i.HT_LCD_Read       lcd.o
    0x0000a400   0x00000054   Code   RO         4213    i.HT_TBSConfig      tempdetection.o
    0x0000a454   0x00000014   Code   RO         4214    i.HT_TBS_ADCTriSample  tempdetection.o
    0x0000a468   0x0000007c   Code   RO         4217    i.HT_TBS_ClkSelConfig  tempdetection.o
    0x0000a4e4   0x00000024   Code   RO         4218    i.HT_TBS_FilCntConfig  tempdetection.o
    0x0000a508   0x00000020   Code   RO         4219    i.HT_TBS_ITConfig   tempdetection.o
    0x0000a528   0x00000018   Code   RO         4221    i.HT_TBS_PeriodSet  tempdetection.o
    0x0000a540   0x0000003c   Code   RO         2695    i.HT_TMRExt_Init    relayctrltask.o
    0x0000a57c   0x00000008   Code   RO         2696    i.HT_TMR_ClearITPendingBit  relayctrltask.o
    0x0000a584   0x00000014   Code   RO         2697    i.HT_TMR_ITConfig   relayctrltask.o
    0x0000a598   0x00000012   Code   RO         2698    i.HT_TMR_ITFlagStatusGet  relayctrltask.o
    0x0000a5aa   0x00000008   Code   RO         2699    i.HT_TMR_PeriodSet  relayctrltask.o
    0x0000a5b2   0x00000002   PAD
    0x0000a5b4   0x000000f0   Code   RO          569    i.HandleCKBData     card.o
    0x0000a6a4   0x00000018   Code   RO            4    i.HardFault_Handler  cpucfg.o
    0x0000a6bc   0x00000098   Code   RO         1386    i.HeartBeatHandle   proto.o
    0x0000a754   0x000000e8   Code   RO         1102    i.HistoryOrder_Init  history_order.o
    0x0000a83c   0x00000018   Code   RO         3179    i.I2C_ClrSi         i2c.o
    0x0000a854   0x00000230   Code   RO         3180    i.I2C_IRQHandler    i2c.o
    0x0000aa84   0x000000b0   Code   RO         3181    i.I2C_Init          i2c.o
    0x0000ab34   0x00000104   Code   RO         3182    i.I2C_ReadNByte     i2c.o
    0x0000ac38   0x00000014   Code   RO         3183    i.I2C_Start         i2c.o
    0x0000ac4c   0x00000014   Code   RO         3184    i.I2C_Stop          i2c.o
    0x0000ac60   0x0000013c   Code   RO         3185    i.I2C_WriteNByte    i2c.o
    0x0000ad9c   0x00000068   Code   RO         3838    i.IO_USART_TX_PutVal  simuart.o
    0x0000ae04   0x000000a0   Code   RO         1387    i.InitChargingCtrlPara  proto.o
    0x0000aea4   0x0000007c   Code   RO         4011    i.Init_Uart0        usart.o
    0x0000af20   0x0000007c   Code   RO         4012    i.Init_Uart1        usart.o
    0x0000af9c   0x00000080   Code   RO         4013    i.Init_Uart2        usart.o
    0x0000b01c   0x0000007c   Code   RO         4014    i.Init_Uart3        usart.o
    0x0000b098   0x0000007c   Code   RO         4015    i.Init_Uart4        usart.o
    0x0000b114   0x0000007c   Code   RO         4016    i.Init_Uart5        usart.o
    0x0000b190   0x0000007c   Code   RO         4017    i.Init_Uart6        usart.o
    0x0000b20c   0x00000028   Code   RO         4018    i.Init_Uart7        usart.o
    0x0000b234   0x00000028   Code   RO         4019    i.Init_Uart8        usart.o
    0x0000b25c   0x00000028   Code   RO         4020    i.Init_Uart9        usart.o
    0x0000b284   0x0000005c   Code   RO          849    i.IsOneGunCharging  emu.o
    0x0000b2e0   0x00000020   Code   RO         1725    i.IsSysOnLine       server.o
    0x0000b300   0x0000015c   Code   RO          570    i.KeyCardConfirmAddEntranceGuard  card.o
    0x0000b45c   0x00000090   Code   RO          571    i.KeyModuleHandle   card.o
    0x0000b4ec   0x000000d0   Code   RO         2232    i.KeyToUiProc       ui.o
    0x0000b5bc   0x0000001c   Code   RO         3270    i.LcdAllOff         lcd.o
    0x0000b5d8   0x0000001c   Code   RO         3271    i.LcdAllOn          lcd.o
    0x0000b5f4   0x0000012c   Code   RO         3272    i.LcdClrData        lcd.o
    0x0000b720   0x00000030   Code   RO         3273    i.LcdDisplay        lcd.o
    0x0000b750   0x000000e2   Code   RO         3274    i.LcdDisplayAll     lcd.o
    0x0000b832   0x0000001c   Code   RO         3275    i.LcdDisplayAllEdge  lcd.o
    0x0000b84e   0x00000010   Code   RO         3276    i.LcdDisplayBackStageConnect  lcd.o
    0x0000b85e   0x00000010   Code   RO         3277    i.LcdDisplayBlutooth  lcd.o
    0x0000b86e   0x00000010   Code   RO         3278    i.LcdDisplayCardBalance  lcd.o
    0x0000b87e   0x00000010   Code   RO         3279    i.LcdDisplayChargeing  lcd.o
    0x0000b88e   0x00000010   Code   RO         3280    i.LcdDisplayChargeingMoney  lcd.o
    0x0000b89e   0x00000010   Code   RO         3281    i.LcdDisplayChgMethod  lcd.o
    0x0000b8ae   0x00000010   Code   RO         3282    i.LcdDisplayClockDial  lcd.o
    0x0000b8be   0x0000002e   Code   RO         3283    i.LcdDisplayCol     lcd.o
    0x0000b8ec   0x00000010   Code   RO         3284    i.LcdDisplayEdge    lcd.o
    0x0000b8fc   0x00000080   Code   RO         3285    i.LcdDisplayEight   lcd.o
    0x0000b97c   0x00000010   Code   RO         3286    i.LcdDisplayFailure  lcd.o
    0x0000b98c   0x00000080   Code   RO         3287    i.LcdDisplayFive    lcd.o
    0x0000ba0c   0x00000104   Code   RO         3288    i.LcdDisplayFour    lcd.o
    0x0000bb10   0x00000010   Code   RO         3289    i.LcdDisplayInvalid  lcd.o
    0x0000bb20   0x00000080   Code   RO         3290    i.LcdDisplayNine    lcd.o
    0x0000bba0   0x00000010   Code   RO         3291    i.LcdDisplayNoSingnal  lcd.o
    0x0000bbb0   0x00000010   Code   RO         3292    i.LcdDisplayNum     lcd.o
    0x0000bbc0   0x00000060   Code   RO         3293    i.LcdDisplayOne     lcd.o
    0x0000bc20   0x0000003e   Code   RO         3294    i.LcdDisplayPoint   lcd.o
    0x0000bc5e   0x00000010   Code   RO         3295    i.LcdDisplayProgressBar1  lcd.o
    0x0000bc6e   0x00000010   Code   RO         3296    i.LcdDisplayProgressBar2  lcd.o
    0x0000bc7e   0x00000010   Code   RO         3297    i.LcdDisplayProgressBar3  lcd.o
    0x0000bc8e   0x00000010   Code   RO         3298    i.LcdDisplayProgressBar4  lcd.o
    0x0000bc9e   0x00000010   Code   RO         3299    i.LcdDisplayRemainingTime  lcd.o
    0x0000bcae   0x00000002   PAD
    0x0000bcb0   0x00000080   Code   RO         3300    i.LcdDisplaySeven   lcd.o
    0x0000bd30   0x00000010   Code   RO         3301    i.LcdDisplaySingnal  lcd.o
    0x0000bd40   0x00000080   Code   RO         3302    i.LcdDisplaySix     lcd.o
    0x0000bdc0   0x00000010   Code   RO         3303    i.LcdDisplaySocketFault  lcd.o
    0x0000bdd0   0x00000010   Code   RO         3304    i.LcdDisplaySocketIdle  lcd.o
    0x0000bde0   0x00000010   Code   RO         3305    i.LcdDisplaySocketNum  lcd.o
    0x0000bdf0   0x00000010   Code   RO         3306    i.LcdDisplaySocketOccupied  lcd.o
    0x0000be00   0x00000010   Code   RO         3307    i.LcdDisplaySuccess  lcd.o
    0x0000be10   0x00000010   Code   RO         3308    i.LcdDisplayTab1Edge  lcd.o
    0x0000be20   0x00000010   Code   RO         3309    i.LcdDisplayTab2Edge  lcd.o
    0x0000be30   0x00000010   Code   RO         3310    i.LcdDisplayTab3Edge  lcd.o
    0x0000be40   0x00000080   Code   RO         3311    i.LcdDisplayThree   lcd.o
    0x0000bec0   0x00000080   Code   RO         3312    i.LcdDisplayTwo     lcd.o
    0x0000bf40   0x00000010   Code   RO         3313    i.LcdDisplayYuan    lcd.o
    0x0000bf50   0x00000080   Code   RO         3314    i.LcdDisplayZero    lcd.o
    0x0000bfd0   0x0000000c   Code   RO         3315    i.LcdEnterInitStu   lcd.o
    0x0000bfdc   0x0000004c   Code   RO         1726    i.LcdStatusCheck    server.o
    0x0000c028   0x0000005c   Code   RO         1335    i.LcdTest           producttest.o
    0x0000c084   0x00000064   Code   RO         3316    i.LcdTurnOffLed     lcd.o
    0x0000c0e8   0x0000002c   Code   RO         3317    i.LcdTurnOnLed      lcd.o
    0x0000c114   0x00000068   Code   RO         3318    i.Lcd_All_SegCom_IO_Config  lcd.o
    0x0000c17c   0x0000006c   Code   RO         3319    i.Lcd_Init          lcd.o
    0x0000c1e8   0x00000034   Code   RO         3645    i.LinuxTickToDay    rtc.o
    0x0000c21c   0x00000120   Code   RO          162    i.LoadSysCfgInfo    main.o
    0x0000c33c   0x00000540   Code   RO          163    i.MainTask          main.o
    0x0000c87c   0x000000c0   Code   RO         1388    i.MakeGunHearBeatInfo  proto.o
    0x0000c93c   0x00000184   Code   RO         1103    i.MakeTradeInfo     history_order.o
    0x0000cac0   0x0000006c   Code   RO          572    i.MiYaoCardReadIDHandle  card.o
    0x0000cb2c   0x00000064   Code   RO         1727    i.MuxSempGive       server.o
    0x0000cb90   0x00000054   Code   RO         1728    i.MuxSempTake       server.o
    0x0000cbe4   0x00000014   Code   RO         3186    i.NVIC_ClearPendingIRQ  i2c.o
    0x0000cbf8   0x00000014   Code   RO         3839    i.NVIC_ClearPendingIRQ  simuart.o
    0x0000cc0c   0x00000014   Code   RO         4021    i.NVIC_ClearPendingIRQ  usart.o
    0x0000cc20   0x00000014   Code   RO         4022    i.NVIC_DisableIRQ   usart.o
    0x0000cc34   0x00000014   Code   RO         3187    i.NVIC_EnableIRQ    i2c.o
    0x0000cc48   0x00000014   Code   RO         3840    i.NVIC_EnableIRQ    simuart.o
    0x0000cc5c   0x00000014   Code   RO         4023    i.NVIC_EnableIRQ    usart.o
    0x0000cc70   0x00000078   Code   RO         1019    i.NVIC_SetPriority  gun.o
    0x0000cce8   0x00000078   Code   RO         3188    i.NVIC_SetPriority  i2c.o
    0x0000cd60   0x00000078   Code   RO         3646    i.NVIC_SetPriority  rtc.o
    0x0000cdd8   0x00000078   Code   RO         3841    i.NVIC_SetPriority  simuart.o
    0x0000ce50   0x00000078   Code   RO         3981    i.NVIC_SetPriority  systick.o
    0x0000cec8   0x00000078   Code   RO         4024    i.NVIC_SetPriority  usart.o
    0x0000cf40   0x0000000c   Code   RO          573    i.OpenBluetoothRadio  card.o
    0x0000cf4c   0x0000009c   Code   RO         1389    i.OpenGunEmergency  proto.o
    0x0000cfe8   0x00000040   Code   RO         1729    i.OpenNetDevice     server.o
    0x0000d028   0x00000064   Code   RO         3842    i.OpenTimer         simuart.o
    0x0000d08c   0x00000068   Code   RO          574    i.OperateMaintain   card.o
    0x0000d0f4   0x00000002   Code   RO          345    i.OppoSiteAuthProc  blueproto.o
    0x0000d0f6   0x00000002   PAD
    0x0000d0f8   0x00000090   Code   RO         3726    i.OptFailNotice     sc8042.o
    0x0000d188   0x00000074   Code   RO         3727    i.OptSuccessNotice  sc8042.o
    0x0000d1fc   0x0000003c   Code   RO         1204    i.Out485NetRecvProc  outnetproto.o
    0x0000d238   0x00000058   Code   RO         1205    i.OutNetConnetProc  outnetproto.o
    0x0000d290   0x0000002c   Code   RO         1206    i.OutNetInit        outnetproto.o
    0x0000d2bc   0x00000060   Code   RO         1207    i.OutNetRecvProc    outnetproto.o
    0x0000d31c   0x00000024   Code   RO         1208    i.OutNetUpgradeProc  outnetproto.o
    0x0000d340   0x00000120   Code   RO         1209    i.OutSizeNetCheck   outnetproto.o
    0x0000d460   0x000001c4   Code   RO          575    i.PayCardConfirmAddEntranceGuard  card.o
    0x0000d624   0x00000016   Code   RO         2233    i.PaymentCardSpeechStartCharge  ui.o
    0x0000d63a   0x00000002   PAD
    0x0000d63c   0x00000348   Code   RO         1210    i.PktRecvProc       outnetproto.o
    0x0000d984   0x000000b4   Code   RO         1730    i.PrintSysCfgInfo   server.o
    0x0000da38   0x00000094   Code   RO         1731    i.PrintfData        server.o
    0x0000dacc   0x00000038   Code   RO          346    i.ProcBtHeartBeat   blueproto.o
    0x0000db04   0x000000d0   Code   RO         1390    i.ProcChargerInfo   proto.o
    0x0000dbd4   0x00000084   Code   RO         1391    i.ProcEventNoticeAck  proto.o
    0x0000dc58   0x000000a8   Code   RO         1732    i.ProcFuseBreak     server.o
    0x0000dd00   0x000000e4   Code   RO         1733    i.ProcGunStatus     server.o
    0x0000dde4   0x00000388   Code   RO          576    i.ProcKBData        card.o
    0x0000e16c   0x0000007c   Code   RO          577    i.ProcKbStatus      card.o
    0x0000e1e8   0x0000006c   Code   RO         1734    i.ProcNetStatus     server.o
    0x0000e254   0x00000044   Code   RO          164    i.ProcTradeRecord   main.o
    0x0000e298   0x00000138   Code   RO         1211    i.PutOut485NetPkt   outnetproto.o
    0x0000e3d0   0x0000002c   Code   RO         1212    i.PutOutNetPkt      outnetproto.o
    0x0000e3fc   0x0000002c   Code   RO         3647    i.RTC_IRQHandler    rtc.o
    0x0000e428   0x00000104   Code   RO          578    i.ReadAuthCardIDHandle  card.o
    0x0000e52c   0x00000074   Code   RO          579    i.ReadCardNumReq    card.o
    0x0000e5a0   0x00000034   Code   RO          850    i.ReadCheckSum      emu.o
    0x0000e5d4   0x00000032   Code   RO         2700    i.ReadEMUIF         relayctrltask.o
    0x0000e606   0x00000002   PAD
    0x0000e608   0x000001b4   Code   RO          580    i.ReadPayCardBlock8Handle  card.o
    0x0000e7bc   0x00000188   Code   RO          581    i.ReadPayCardBlock9Handle  card.o
    0x0000e944   0x000000cc   Code   RO          582    i.ReadPayCardIDHandle  card.o
    0x0000ea10   0x000000b4   Code   RO         1104    i.Read_HistoryOrder_first  history_order.o
    0x0000eac4   0x00000088   Code   RO         1105    i.Read_HistoryOrder_next  history_order.o
    0x0000eb4c   0x0000005c   Code   RO         1106    i.Read_HistoryOrder_t  history_order.o
    0x0000eba8   0x00000234   Code   RO         1735    i.RecoverInfo       server.o
    0x0000eddc   0x000000cc   Code   RO         1213    i.RecvAckProc       outnetproto.o
    0x0000eea8   0x00000258   Code   RO          583    i.RecvBtData        card.o
    0x0000f100   0x00000c74   Code   RO         1392    i.RecvServerData    proto.o
    0x0000fd74   0x00000028   Code   RO         2701    i.RelayCtrl         relayctrltask.o
    0x0000fd9c   0x000000b8   Code   RO         2702    i.RelayCtrlTask     relayctrltask.o
    0x0000fe54   0x00000066   Code   RO          347    i.RemoCtrlProc      blueproto.o
    0x0000feba   0x00000020   Code   RO         1393    i.RemoSetChargeChangePower  proto.o
    0x0000feda   0x00000002   PAD
    0x0000fedc   0x00000078   Code   RO         1394    i.RemoteCloseGun    proto.o
    0x0000ff54   0x00000134   Code   RO         1395    i.RemoteCtrlProc    proto.o
    0x00010088   0x00000090   Code   RO         1396    i.RemoteOpenGun     proto.o
    0x00010118   0x00000254   Code   RO         1107    i.Remove_RecordOrder  history_order.o
    0x0001036c   0x000000ac   Code   RO         1108    i.Remove_RecordOrder_first  history_order.o
    0x00010418   0x0000004c   Code   RO          584    i.ResetKeyBoard     card.o
    0x00010464   0x00000038   Code   RO         1736    i.ResetSysTem       server.o
    0x0001049c   0x000001a8   Code   RO         1020    i.RestoreGunStatus  gun.o
    0x00010644   0x000000dc   Code   RO         3648    i.RtcInit           rtc.o
    0x00010720   0x00000130   Code   RO         1938    i.SOCKET_open_set   sim800c.o
    0x00010850   0x00000024   Code   RO          851    i.SaveEmuCalation   emu.o
    0x00010874   0x00000234   Code   RO         3730    i.Sc8042bSpeech     sc8042.o
    0x00010aa8   0x000000b4   Code   RO         3731    i.Sc8042b_Init      sc8042.o
    0x00010b5c   0x00000068   Code   RO          585    i.SendBasicInfoReportAck  card.o
    0x00010bc4   0x000000dc   Code   RO          586    i.SendBlueNetPkt    card.o
    0x00010ca0   0x0000002e   Code   RO          348    i.SendBtRemoCtrlAck  blueproto.o
    0x00010cce   0x00000050   Code   RO          587    i.SendCKBPkt        card.o
    0x00010d1e   0x00000002   PAD
    0x00010d20   0x00000108   Code   RO         1397    i.SendCardAuthReq   proto.o
    0x00010e28   0x00000068   Code   RO          588    i.SendCardInfoReportAck  card.o
    0x00010e90   0x0000005c   Code   RO         1214    i.SendChargerInfo   outnetproto.o
    0x00010eec   0x00000068   Code   RO          589    i.SendCkbPcbSn      card.o
    0x00010f54   0x00000074   Code   RO         1398    i.SendCostTemplateAck  proto.o
    0x00010fc8   0x00000014   Code   RO          852    i.SendData_HT7017   emu.o
    0x00010fdc   0x00000118   Code   RO         1399    i.SendDeviceAesReq  proto.o
    0x000110f4   0x000000ac   Code   RO         1400    i.SendEventNotice   proto.o
    0x000111a0   0x00000038   Code   RO         1215    i.SendFwInfo        outnetproto.o
    0x000111d8   0x0000002e   Code   RO          349    i.SendFwUpgradeNoticeAck  blueproto.o
    0x00011206   0x00000002   PAD
    0x00011208   0x000000b8   Code   RO         1401    i.SendHeartBeatFun  proto.o
    0x000112c0   0x00000088   Code   RO         1737    i.SendHistoryOrder  server.o
    0x00011348   0x00000064   Code   RO          590    i.SendKeyReportAck  card.o
    0x000113ac   0x0000004c   Code   RO         1216    i.SendOutNetPkt     outnetproto.o
    0x000113f8   0x000000ac   Code   RO         1217    i.SendOutNetPktFuncy  outnetproto.o
    0x000114a4   0x000001ec   Code   RO         1402    i.SendProtoPkt      proto.o
    0x00011690   0x000000b4   Code   RO         1403    i.SendRegister      proto.o
    0x00011744   0x00000064   Code   RO         1404    i.SendRemoCtrlAck   proto.o
    0x000117a8   0x000000bc   Code   RO         1405    i.SendReqCostTemplate  proto.o
    0x00011864   0x0000003c   Code   RO         1218    i.SendReqFwUpdata   outnetproto.o
    0x000118a0   0x0000007c   Code   RO         1406    i.SendStartChargingAck  proto.o
    0x0001191c   0x00000114   Code   RO         1407    i.SendStartChargingNotice  proto.o
    0x00011a30   0x00000150   Code   RO         1408    i.SendStartUpNotice  proto.o
    0x00011b80   0x00000074   Code   RO         1409    i.SendStopChargingAck  proto.o
    0x00011bf4   0x00000058   Code   RO         1336    i.SendTestPktAck    producttest.o
    0x00011c4c   0x00000190   Code   RO         1411    i.SendTradeRecordNotice  proto.o
    0x00011ddc   0x00000060   Code   RO         1412    i.SendUpdateAesAck  proto.o
    0x00011e3c   0x000004b8   Code   RO         1738    i.ServerTask        server.o
    0x000122f4   0x00000064   Code   RO          591    i.SetBtName         card.o
    0x00012358   0x0000005c   Code   RO         1413    i.SetChargeChangePowerFuncy  proto.o
    0x000123b4   0x00000084   Code   RO         1414    i.SetChargerFullStop  proto.o
    0x00012438   0x000000a0   Code   RO         1415    i.SetChargingTime   proto.o
    0x000124d8   0x00000028   Code   RO         2234    i.SetPrintSwitch    ui.o
    0x00012500   0x00000020   Code   RO         1416    i.SetPrintfSwitch   proto.o
    0x00012520   0x00000084   Code   RO         1417    i.SetPullGunStop    proto.o
    0x000125a4   0x00000074   Code   RO         1418    i.SetPullGunStopTime  proto.o
    0x00012618   0x00000058   Code   RO         1419    i.SetPullGunStopTimeFuncy  proto.o
    0x00012670   0x00000124   Code   RO         3649    i.SetRtcCompensate  rtc.o
    0x00012794   0x00000020   Code   RO         3650    i.SetRtcCount       rtc.o
    0x000127b4   0x00000074   Code   RO         3651    i.SetRtcTime        rtc.o
    0x00012828   0x0000013c   Code   RO         1420    i.SetUpgradeInfo    proto.o
    0x00012964   0x00000016   Code   RO         4025    i.Set_Uart_Bandrate  usart.o
    0x0001297a   0x00000002   PAD
    0x0001297c   0x00000128   Code   RO          350    i.ShakeReqProc      blueproto.o
    0x00012aa4   0x000002d4   Code   RO         1739    i.ShowCostTemplate  server.o
    0x00012d78   0x000001e0   Code   RO         1939    i.Sim800cReconnect  sim800c.o
    0x00012f58   0x0000004c   Code   RO         3844    i.SimUartSendByte   simuart.o
    0x00012fa4   0x000000e8   Code   RO         3845    i.SimuUartRecvByte  simuart.o
    0x0001308c   0x00000084   Code   RO         3846    i.SimuUartSendData  simuart.o
    0x00013110   0x000000f0   Code   RO         3847    i.SimuartGpioInit   simuart.o
    0x00013200   0x00000094   Code   RO         3848    i.SimuartInit       simuart.o
    0x00013294   0x00000280   Code   RO         1940    i.SocketSendData    sim800c.o
    0x00013514   0x00000070   Code   RO         3732    i.SoundCode         sc8042.o
    0x00013584   0x000000b8   Code   RO         3733    i.SoundNumber       sc8042.o
    0x0001363c   0x00000074   Code   RO         3734    i.SpeechCardBalance  sc8042.o
    0x000136b0   0x0000002e   Code   RO         3735    i.SpeechChargeing   sc8042.o
    0x000136de   0x0000004c   Code   RO         3736    i.SpeechPile        sc8042.o
    0x0001372a   0x00000016   Code   RO         3737    i.SpeechStartCharge  sc8042.o
    0x00013740   0x0000005c   Code   RO         3738    i.StartChargeSpeech  sc8042.o
    0x0001379c   0x0000026c   Code   RO         1421    i.StartCharging     proto.o
    0x00013a08   0x0000009c   Code   RO         1740    i.StartChargingSend  server.o
    0x00013aa4   0x00000020   Code   RO         2703    i.StartRelayTimer   relayctrltask.o
    0x00013ac4   0x00000184   Code   RO         1422    i.StopCharging      proto.o
    0x00013c48   0x00000066   Code   RO         1741    i.StrToHex          server.o
    0x00013cae   0x00000002   PAD
    0x00013cb0   0x0000002c   Code   RO         2235    i.SwitchToUI_ReadCardSuccess  ui.o
    0x00013cdc   0x0000002a   Code   RO         2236    i.SwitchToUI_ShowBalance  ui.o
    0x00013d06   0x00000002   PAD
    0x00013d08   0x0000005c   Code   RO         2237    i.SwitchToUi_AdministratorTestMode  ui.o
    0x00013d64   0x00000048   Code   RO         2238    i.SwitchToUi_BanlanceInsufficient  ui.o
    0x00013dac   0x00000060   Code   RO         2239    i.SwitchToUi_Charging  ui.o
    0x00013e0c   0x0000000e   Code   RO         2241    i.SwitchToUi_EquipUpgrade  ui.o
    0x00013e1a   0x00000032   Code   RO         2242    i.SwitchToUi_EventNoticeTest  ui.o
    0x00013e4c   0x0000000e   Code   RO         2243    i.SwitchToUi_InputChargerMoney  ui.o
    0x00013e5a   0x00000002   PAD
    0x00013e5c   0x00000068   Code   RO         2244    i.SwitchToUi_InputChargerSn  ui.o
    0x00013ec4   0x0000001a   Code   RO         2245    i.SwitchToUi_InputDeviceId  ui.o
    0x00013ede   0x0000000e   Code   RO         2246    i.SwitchToUi_InputSocketNum  ui.o
    0x00013eec   0x00000048   Code   RO         2247    i.SwitchToUi_PaymentCardBanlanceInsufficient  ui.o
    0x00013f34   0x00000054   Code   RO         2248    i.SwitchToUi_PaymentCardStartCharging  ui.o
    0x00013f88   0x00000024   Code   RO         2249    i.SwitchToUi_PowerOn  ui.o
    0x00013fac   0x0000000e   Code   RO         2250    i.SwitchToUi_ProductTest  ui.o
    0x00013fba   0x00000002   PAD
    0x00013fbc   0x00000018   Code   RO         2251    i.SwitchToUi_ReadingCard  ui.o
    0x00013fd4   0x0000001a   Code   RO         2252    i.SwitchToUi_RelayTest  ui.o
    0x00013fee   0x0000001a   Code   RO         2253    i.SwitchToUi_SetPrintSwitch  ui.o
    0x00014008   0x0000000e   Code   RO         2254    i.SwitchToUi_SocketException  ui.o
    0x00014016   0x0000000e   Code   RO         2255    i.SwitchToUi_SocketNumNotExsit  ui.o
    0x00014024   0x0000000e   Code   RO         2256    i.SwitchToUi_SocketOccupy  ui.o
    0x00014032   0x00000002   PAD
    0x00014034   0x00000034   Code   RO         2257    i.SwitchToUi_Standby  ui.o
    0x00014068   0x00000054   Code   RO         2258    i.SwitchToUi_StartCharging  ui.o
    0x000140bc   0x0000000e   Code   RO         2259    i.SwitchToUi_StartChargingFailure  ui.o
    0x000140ca   0x00000002   PAD
    0x000140cc   0x0000003c   Code   RO         2260    i.SwitchToUi_VerifyCardFailure  ui.o
    0x00014108   0x00000048   Code   RO         2871    i.SwitchTo_Fpll     cmu.o
    0x00014150   0x00000014   Code   RO         1742    i.SycTimeCount      server.o
    0x00014164   0x0000026c   Code   RO          165    i.SysCfgInit        main.o
    0x000143d0   0x000002ac   Code   RO         1219    i.SysTask           outnetproto.o
    0x0001467c   0x00000024   Code   RO         4936    i.SysTick_Handler   port.o
    0x000146a0   0x00000044   Code   RO         3982    i.SysTick_Init      systick.o
    0x000146e4   0x0000004c   Code   RO          166    i.SystemClockInit   main.o
    0x00014730   0x00000002   Code   RO         4301    i.SystemInit        system_ht6xxx.o
    0x00014732   0x00000002   PAD
    0x00014734   0x000002e0   Code   RO          167    i.SystemResetFlag   main.o
    0x00014a14   0x00000018   Code   RO         2704    i.TIM4_5_Cmd        relayctrltask.o
    0x00014a2c   0x00000084   Code   RO         3849    i.TIMER_0_IRQHandler  simuart.o
    0x00014ab0   0x00000084   Code   RO         3850    i.TIMER_1_IRQHandler  simuart.o
    0x00014b34   0x00000048   Code   RO          853    i.TIMER_2_IRQHandler  emu.o
    0x00014b7c   0x00000084   Code   RO         3851    i.TIMER_3_IRQHandler  simuart.o
    0x00014c00   0x00000074   Code   RO         2705    i.TIMER_4_IRQHandler  relayctrltask.o
    0x00014c74   0x00000078   Code   RO         3852    i.TIM_Cmd           simuart.o
    0x00014cec   0x000000d8   Code   RO         3739    i.TempNotice        sc8042.o
    0x00014dc4   0x0000005c   Code   RO          168    i.TempProc          main.o
    0x00014e20   0x0000008c   Code   RO         1423    i.TestCloseGun      proto.o
    0x00014eac   0x00000080   Code   RO         1424    i.TestCloseGunProc  proto.o
    0x00014f2c   0x000004cc   Code   RO         1337    i.TestDataHandle    producttest.o
    0x000153f8   0x0000008c   Code   RO         1425    i.TestOpenGunProc   proto.o
    0x00015484   0x000000c8   Code   RO         2195    i.TfsGetId2         tfs.o
    0x0001554c   0x0000011c   Code   RO         2196    i.TfsId2Decrypt     tfs.o
    0x00015668   0x00000114   Code   RO         2197    i.TfsId2GetTimeStampAuthCode  tfs.o
    0x0001577c   0x00000040   Code   RO         1109    i.TradeIndex_Add    history_order.o
    0x000157bc   0x00000018   Code   RO         1110    i.TradeIndex_Clear  history_order.o
    0x000157d4   0x0000000e   Code   RO         1021    i.TurnOffAllGun     gun.o
    0x000157e2   0x00000002   PAD
    0x000157e4   0x0000007c   Code   RO         4026    i.UART0_IRQHandler  usart.o
    0x00015860   0x00000060   Code   RO         4027    i.UART1_IRQHandler  usart.o
    0x000158c0   0x00000068   Code   RO         4028    i.UART2_IRQHandler  usart.o
    0x00015928   0x00000060   Code   RO         4029    i.UART3_IRQHandler  usart.o
    0x00015988   0x00000060   Code   RO         4030    i.UART4_IRQHandler  usart.o
    0x000159e8   0x00000060   Code   RO         4031    i.UART5_IRQHandler  usart.o
    0x00015a48   0x00000060   Code   RO         4032    i.UART6_IRQHandler  usart.o
    0x00015aa8   0x0000000c   Code   RO         2261    i.UIGetState        ui.o
    0x00015ab4   0x00000040   Code   RO         4033    i.UartSendData      usart.o
    0x00015af4   0x0000002a   Code   RO         2262    i.UiClearKeyVal     ui.o
    0x00015b1e   0x00000002   PAD
    0x00015b20   0x00000030   Code   RO         2263    i.UiDisplayCurrentSocket  ui.o
    0x00015b50   0x00000038   Code   RO         2264    i.UiDisplayNomalInfo  ui.o
    0x00015b88   0x000000f8   Code   RO         2265    i.UiDisplay_CardMoney  ui.o
    0x00015c80   0x00000048   Code   RO         2266    i.UiDisplay_ErrCode  ui.o
    0x00015cc8   0x0000006c   Code   RO         2267    i.UiDisplay_KeyBuf  ui.o
    0x00015d34   0x0000005a   Code   RO         2268    i.UiDisplay_MonthDay  ui.o
    0x00015d8e   0x00000002   PAD
    0x00015d90   0x00000034   Code   RO         2269    i.UiDisplay_PosData  ui.o
    0x00015dc4   0x0000002c   Code   RO         2271    i.UiDisplay_SignalVal  ui.o
    0x00015df0   0x00000056   Code   RO         2272    i.UiDisplay_SocketNum  ui.o
    0x00015e46   0x00000088   Code   RO         2273    i.UiDisplay_Time    ui.o
    0x00015ece   0x00000002   PAD
    0x00015ed0   0x0000004c   Code   RO         2274    i.UiDisplay_Version  ui.o
    0x00015f1c   0x00000128   Code   RO         2275    i.UiKeyHandle_AdministratorTestMode  ui.o
    0x00016044   0x00000158   Code   RO         2276    i.UiKeyHandle_EventNoticeTest  ui.o
    0x0001619c   0x000001b8   Code   RO         2277    i.UiKeyHandle_InputChargerMoney  ui.o
    0x00016354   0x000000f0   Code   RO         2278    i.UiKeyHandle_InputChargerSn  ui.o
    0x00016444   0x0000008c   Code   RO         2279    i.UiKeyHandle_InputDeviceId  ui.o
    0x000164d0   0x000001d4   Code   RO         2280    i.UiKeyHandle_InputSocketNum  ui.o
    0x000166a4   0x00000194   Code   RO         2283    i.UiKeyHandle_RelayTest  ui.o
    0x00016838   0x00000070   Code   RO         2284    i.UiKeyHandle_SetPrintSwitch  ui.o
    0x000168a8   0x0000010c   Code   RO         2285    i.UiKeyHandle_Standby  ui.o
    0x000169b4   0x000000a4   Code   RO         2286    i.UiProgressLoop    ui.o
    0x00016a58   0x00000314   Code   RO         2287    i.UiStateLoop       ui.o
    0x00016d6c   0x00000018   Code   RO         2288    i.Ui_InputChargerMoney  ui.o
    0x00016d84   0x00000018   Code   RO         2289    i.Ui_InputSocketNum  ui.o
    0x00016d9c   0x00000022   Code   RO         2290    i.Ui_SocketException  ui.o
    0x00016dbe   0x00000022   Code   RO         2291    i.Ui_SocketNumNotExsit  ui.o
    0x00016de0   0x00000022   Code   RO         2292    i.Ui_SocketOccupy   ui.o
    0x00016e02   0x00000022   Code   RO         2293    i.Ui_StartChargingFailure  ui.o
    0x00016e24   0x0000003c   Code   RO         1743    i.UpdataGunDataSum  server.o
    0x00016e60   0x00000080   Code   RO         2294    i.UpdateNewUiState  ui.o
    0x00016ee0   0x0000001c   Code   RO         1426    i.UpdateSysToken    proto.o
    0x00016efc   0x000000d8   Code   RO         1220    i.UpgradeTimeOutProc  outnetproto.o
    0x00016fd4   0x000000ac   Code   RO         2656    i.Upgrade_FlashCheck  upgrade.o
    0x00017080   0x00000030   Code   RO         2657    i.Upgrade_Init      upgrade.o
    0x000170b0   0x000002a0   Code   RO         2658    i.Upgrade_Write     upgrade.o
    0x00017350   0x0000001c   Code   RO         4034    i.UsartFlush        usart.o
    0x0001736c   0x00000020   Code   RO         4035    i.UsartGetOneData   usart.o
    0x0001738c   0x00000098   Code   RO         1941    i.UsartGetline      sim800c.o
    0x00017424   0x0000003c   Code   RO         4036    i.UsartInit         usart.o
    0x00017460   0x00000054   Code   RO         4038    i.UsartSend         usart.o
    0x000174b4   0x00000038   Code   RO         1744    i.Val               server.o
    0x000174ec   0x0000026c   Code   RO          592    i.WholeModuleHandle  card.o
    0x00017758   0x00000098   Code   RO         1745    i.WriteCfgInfo      server.o
    0x000177f0   0x000000e8   Code   RO          594    i.WritePayCardHandle  card.o
    0x000178d8   0x0000006c   Code   RO          595    i.WriteToCardBlock  card.o
    0x00017944   0x00000020   Code   RO         2995    i.WriteUpdateInfo   flash.o
    0x00017964   0x000001c8   Code   RO         1111    i.Write_HistoryOrder  history_order.o
    0x00017b2c   0x0000001c   Code   RO          854    i.WritecalparaByGunId  emu.o
    0x00017b48   0x00000020   Code   RO         5311    i.__0printf$8       mc_p.l(printf8.o)
    0x00017b68   0x00000028   Code   RO         5313    i.__0sprintf$8      mc_p.l(printf8.o)
    0x00017b90   0x0000002e   Code   RO         5452    i.__ARM_clz         mf_p.l(depilogue.o)
    0x00017bbe   0x00000030   Code   RO         1694    i.__ARM_common_ll_muluu  proto.o
    0x00017bee   0x0000001c   Code   RO          538    i.__ARM_common_switch8  blueproto.o
    0x00017c0a   0x00000002   PAD
    0x00017c0c   0x00000008   Code   RO         5434    i.__aeabi_errno_addr  mc_p.l(errno.o)
    0x00017c14   0x0000000e   Code   RO         5503    i.__scatterload_copy  mc_p.l(handlers.o)
    0x00017c22   0x00000002   Code   RO         5504    i.__scatterload_null  mc_p.l(handlers.o)
    0x00017c24   0x0000000e   Code   RO         5505    i.__scatterload_zeroinit  mc_p.l(handlers.o)
    0x00017c32   0x00000002   PAD
    0x00017c34   0x00000428   Code   RO         5318    i._printf_core      mc_p.l(printf8.o)
    0x0001805c   0x00000020   Code   RO         5319    i._printf_post_padding  mc_p.l(printf8.o)
    0x0001807c   0x0000002c   Code   RO         5320    i._printf_pre_padding  mc_p.l(printf8.o)
    0x000180a8   0x0000000a   Code   RO         5322    i._sputc            mc_p.l(printf8.o)
    0x000180b2   0x0000001a   Code   RO         2996    i.at24c64_eepromRead  flash.o
    0x000180cc   0x000001a0   Code   RO         2997    i.at24c64_eepromWrite  flash.o
    0x0001826c   0x00000016   Code   RO         2295    i.ceil10            ui.o
    0x00018282   0x0000002c   Code   RO          855    i.check7017_sum     emu.o
    0x000182ae   0x00000038   Code   RO         3853    i.check_sum         simuart.o
    0x000182e6   0x00000012   Code   RO         2296    i.clearKeyBuf       ui.o
    0x000182f8   0x00000014   Code   RO         2297    i.delCharFormKeyBuf  ui.o
    0x0001830c   0x00000010   Code   RO          169    i.delay             main.o
    0x0001831c   0x00000030   Code   RO            6    i.delay_us          cpucfg.o
    0x0001834c   0x00000430   Code   RO          856    i.emuTask           emu.o
    0x0001877c   0x00000034   Code   RO          857    i.filterValue       emu.o
    0x000187b0   0x00000058   Code   RO         1746    i.fputc             server.o
    0x00018808   0x0000005c   Code   RO         1942    i.gprs_power_off    sim800c.o
    0x00018864   0x0000007c   Code   RO         1943    i.gprs_power_on     sim800c.o
    0x000188e0   0x00000342   Code   RO          858    i.invNxN            emu.o
    0x00018c22   0x00000002   PAD
    0x00018c24   0x0000027c   Code   RO         2298    i.isEmergencyCode   ui.o
    0x00018ea0   0x00000084   Code   RO         1112    i.isTradeIndexTrue  history_order.o
    0x00018f24   0x00000068   Code   RO          170    i.main              main.o
    0x00018f8c   0x0000004a   Code   RO          859    i.matprod           emu.o
    0x00018fd6   0x00000002   PAD
    0x00018fd8   0x000002dc   Code   RO         3588    i.md5               md5.o
    0x000192b4   0x00000070   Code   RO         2706    i.openRelay_Async   relayctrltask.o
    0x00019324   0x0000007c   Code   RO         4608    i.prvAddCurrentTaskToDelayedList  tasks.o
    0x000193a0   0x000000a0   Code   RO         4609    i.prvAddNewTaskToReadyList  tasks.o
    0x00019440   0x00000068   Code   RO         4610    i.prvCheckTasksWaitingTermination  tasks.o
    0x000194a8   0x0000002c   Code   RO         4381    i.prvCopyDataFromQueue  queue.o
    0x000194d4   0x00000080   Code   RO         4382    i.prvCopyDataToQueue  queue.o
    0x00019554   0x00000012   Code   RO         4611    i.prvDeleteTCB      tasks.o
    0x00019566   0x00000002   PAD
    0x00019568   0x0000007c   Code   RO         5011    i.prvHeapInit       heap_4.o
    0x000195e4   0x0000000c   Code   RO         4612    i.prvIdleTask       tasks.o
    0x000195f0   0x00000030   Code   RO         4384    i.prvInitialiseNewQueue  queue.o
    0x00019620   0x000000b0   Code   RO         4613    i.prvInitialiseNewTask  tasks.o
    0x000196d0   0x00000064   Code   RO         4614    i.prvInitialiseTaskLists  tasks.o
    0x00019734   0x00000068   Code   RO         5012    i.prvInsertBlockIntoFreeList  heap_4.o
    0x0001979c   0x0000001c   Code   RO         4385    i.prvIsQueueEmpty   queue.o
    0x000197b8   0x0000001e   Code   RO         4386    i.prvIsQueueFull    queue.o
    0x000197d6   0x0000007a   Code   RO         4387    i.prvNotifyQueueSetContainer  queue.o
    0x00019850   0x00000038   Code   RO         4616    i.prvResetNextTaskUnblockTime  tasks.o
    0x00019888   0x00000014   Code   RO         4937    i.prvSetupTimerInterrupt  port.o
    0x0001989c   0x00000024   Code   RO         4938    i.prvTaskExitError  port.o
    0x000198c0   0x000000a6   Code   RO         4388    i.prvUnlockQueue    queue.o
    0x00019966   0x00000002   PAD
    0x00019968   0x00000024   Code   RO         2299    i.putCharToKeyBuf   ui.o
    0x0001998c   0x0000011c   Code   RO         5013    i.pvPortMalloc      heap_4.o
    0x00019aa8   0x00000020   Code   RO         4619    i.pvTaskIncrementMutexHeldCount  tasks.o
    0x00019ac8   0x00000020   Code   RO         4939    i.pxPortInitialiseStack  port.o
    0x00019ae8   0x0000059c   Code   RO          860    i.readAlldata       emu.o
    0x0001a084   0x000000a4   Code   RO          861    i.readCur           emu.o
    0x0001a128   0x000000c8   Code   RO          862    i.readPow           emu.o
    0x0001a1f0   0x00000088   Code   RO          863    i.readVol           emu.o
    0x0001a278   0x000000bc   Code   RO         2707    i.relayOn_direct    relayctrltask.o
    0x0001a334   0x00000042   Code   RO         1944    i.restoi            sim800c.o
    0x0001a376   0x00000002   PAD
    0x0001a378   0x00000054   Code   RO         1945    i.sim800_check_ATE  sim800c.o
    0x0001a3cc   0x00000054   Code   RO         1946    i.sim800_check_ATI  sim800c.o
    0x0001a420   0x00000054   Code   RO         1948    i.sim800_check_CCID  sim800c.o
    0x0001a474   0x00000054   Code   RO         1949    i.sim800_check_CGATT  sim800c.o
    0x0001a4c8   0x00000070   Code   RO         1950    i.sim800_check_CIICR  sim800c.o
    0x0001a538   0x00000054   Code   RO         1952    i.sim800_check_CIPMUX  sim800c.o
    0x0001a58c   0x00000054   Code   RO         1954    i.sim800_check_CIPRXGET  sim800c.o
    0x0001a5e0   0x00000054   Code   RO         1955    i.sim800_check_CIPSHUT  sim800c.o
    0x0001a634   0x00000054   Code   RO         1956    i.sim800_check_CREG  sim800c.o
    0x0001a688   0x00000054   Code   RO         1957    i.sim800_check_CSCLK  sim800c.o
    0x0001a6dc   0x00000098   Code   RO         1958    i.sim800_check_CSQ  sim800c.o
    0x0001a774   0x00000054   Code   RO         1959    i.sim800_check_CSTT  sim800c.o
    0x0001a7c8   0x00000054   Code   RO         1960    i.sim800_check_ack  sim800c.o
    0x0001a81c   0x00000054   Code   RO         1961    i.sim800_check_cpin  sim800c.o
    0x0001a870   0x00000144   Code   RO         1962    i.sim800_check_reset  sim800c.o
    0x0001a9b4   0x0000001c   Code   RO         1963    i.sim800_default    sim800c.o
    0x0001a9d0   0x000000f4   Code   RO         1964    i.sim800_ipopen     sim800c.o
    0x0001aac4   0x00000050   Code   RO          864    i.timer2_init       emu.o
    0x0001ab14   0x0000005c   Code   RO         2708    i.timer4_init       relayctrltask.o
    0x0001ab70   0x00000014   Code   RO         3589    i.to_bytes          md5.o
    0x0001ab84   0x00000018   Code   RO         3590    i.to_int32          md5.o
    0x0001ab9c   0x0000002a   Code   RO         1965    i.trim              sim800c.o
    0x0001abc6   0x00000002   PAD
    0x0001abc8   0x0000004c   Code   RO          865    i.updateMatrix      emu.o
    0x0001ac14   0x00000028   Code   RO         4335    i.uxListRemove      list.o
    0x0001ac3c   0x0000001a   Code   RO         4336    i.vListInitialise   list.o
    0x0001ac56   0x00000006   Code   RO         4337    i.vListInitialiseItem  list.o
    0x0001ac5c   0x00000036   Code   RO         4338    i.vListInsert       list.o
    0x0001ac92   0x00000018   Code   RO         4339    i.vListInsertEnd    list.o
    0x0001acaa   0x00000002   PAD
    0x0001acac   0x0000001c   Code   RO         4941    i.vPortEnterCritical  port.o
    0x0001acc8   0x00000028   Code   RO         4942    i.vPortExitCritical  port.o
    0x0001acf0   0x00000080   Code   RO         5014    i.vPortFree         heap_4.o
    0x0001ad70   0x00000018   Code   RO         4944    i.vPortYield        port.o
    0x0001ad88   0x00000044   Code   RO         4627    i.vTaskDelay        tasks.o
    0x0001adcc   0x000000b4   Code   RO         4629    i.vTaskDelete       tasks.o
    0x0001ae80   0x0000000c   Code   RO         4632    i.vTaskMissedYield  tasks.o
    0x0001ae8c   0x0000002c   Code   RO         4634    i.vTaskPlaceOnEventList  tasks.o
    0x0001aeb8   0x0000008c   Code   RO         4636    i.vTaskPriorityInherit  tasks.o
    0x0001af44   0x00000020   Code   RO         4640    i.vTaskSetTimeOutState  tasks.o
    0x0001af64   0x0000006c   Code   RO         4641    i.vTaskStartScheduler  tasks.o
    0x0001afd0   0x00000010   Code   RO         4643    i.vTaskSuspendAll   tasks.o
    0x0001afe0   0x00000080   Code   RO         4644    i.vTaskSwitchContext  tasks.o
    0x0001b060   0x000001c8   Code   RO          866    i.writecalpara      emu.o
    0x0001b228   0x00000038   Code   RO         4945    i.xPortStartScheduler  port.o
    0x0001b260   0x00000044   Code   RO         4399    i.xQueueCreateCountingSemaphore  queue.o
    0x0001b2a4   0x00000050   Code   RO         4402    i.xQueueGenericCreate  queue.o
    0x0001b2f4   0x0000015c   Code   RO         4403    i.xQueueGenericReceive  queue.o
    0x0001b450   0x0000007a   Code   RO         4404    i.xQueueGenericReset  queue.o
    0x0001b4ca   0x0000013e   Code   RO         4405    i.xQueueGenericSend  queue.o
    0x0001b608   0x00000074   Code   RO         4645    i.xTaskCheckForTimeOut  tasks.o
    0x0001b67c   0x0000005c   Code   RO         4646    i.xTaskCreate       tasks.o
    0x0001b6d8   0x0000000c   Code   RO         4649    i.xTaskGetCurrentTaskHandle  tasks.o
    0x0001b6e4   0x0000000c   Code   RO         4650    i.xTaskGetTickCount  tasks.o
    0x0001b6f0   0x00000100   Code   RO         4652    i.xTaskIncrementTick  tasks.o
    0x0001b7f0   0x00000088   Code   RO         4655    i.xTaskPriorityDisinherit  tasks.o
    0x0001b878   0x00000088   Code   RO         4656    i.xTaskRemoveFromEventList  tasks.o
    0x0001b900   0x000000e4   Code   RO         4658    i.xTaskResumeAll    tasks.o
    0x0001b9e4   0x00000043   Data   RO          172    .constdata          main.o
    0x0001ba27   0x000000d6   Data   RO          352    .constdata          blueproto.o
    0x0001bafd   0x000001bf   Data   RO          597    .constdata          card.o
    0x0001bcbc   0x00000502   Data   RO          868    .constdata          emu.o
    0x0001c1be   0x00000002   PAD
    0x0001c1c0   0x00000091   Data   RO         1024    .constdata          gun.o
    0x0001c251   0x0000008f   Data   RO         1114    .constdata          history_order.o
    0x0001c2e0   0x00000086   Data   RO         1222    .constdata          outnetproto.o
    0x0001c366   0x00000017   Data   RO         1338    .constdata          producttest.o
    0x0001c37d   0x0000019a   Data   RO         1428    .constdata          proto.o
    0x0001c517   0x000000e9   Data   RO         1748    .constdata          server.o
    0x0001c600   0x000003ae   Data   RO         1967    .constdata          sim800c.o
    0x0001c9ae   0x00000033   Data   RO         2198    .constdata          tfs.o
    0x0001c9e1   0x00000003   PAD
    0x0001c9e4   0x000000f5   Data   RO         2301    .constdata          ui.o
    0x0001cad9   0x00000021   Data   RO         2660    .constdata          upgrade.o
    0x0001cafa   0x0000000f   Data   RO         2709    .constdata          relayctrltask.o
    0x0001cb09   0x00000003   PAD
    0x0001cb0c   0x00002128   Data   RO         2822    .constdata          aes.o
    0x0001ec34   0x00000014   Data   RO         2998    .constdata          flash.o
    0x0001ec48   0x0000000f   Data   RO         3189    .constdata          i2c.o
    0x0001ec57   0x00000017   Data   RO         3320    .constdata          lcd.o
    0x0001ec6e   0x00000002   PAD
    0x0001ec70   0x00000200   Data   RO         3592    .constdata          md5.o
    0x0001ee70   0x0000001c   Data   RO         3653    .constdata          rtc.o
    0x0001ee8c   0x00000059   Data   RO         3740    .constdata          sc8042.o
    0x0001eee5   0x0000000c   Data   RO         5072    .constdata          mc_p.l(mktime.o)
    0x0001eef1   0x0000000c   Data   RO         5432    .constdata          mc_p.l(localtime_i.o)
    0x0001eefd   0x00000081   Data   RO         5465    .constdata          mc_p.l(ctype_o.o)
    0x0001ef7e   0x00000002   PAD
    0x0001ef80   0x00000004   Data   RO         5466    .constdata          mc_p.l(ctype_o.o)
    0x0001ef84   0x000000c3   Data   RO          173    .conststring        main.o
    0x0001f047   0x00000001   PAD
    0x0001f048   0x000000f8   Data   RO          353    .conststring        blueproto.o
    0x0001f140   0x00000150   Data   RO         1223    .conststring        outnetproto.o
    0x0001f290   0x00000092   Data   RO         1429    .conststring        proto.o
    0x0001f322   0x00000002   PAD
    0x0001f324   0x0000017e   Data   RO         1749    .conststring        server.o
    0x0001f4a2   0x00000002   PAD
    0x0001f4a4   0x00000167   Data   RO         1968    .conststring        sim800c.o
    0x0001f60b   0x00000001   PAD
    0x0001f60c   0x00000009   Data   RO         2199    .conststring        tfs.o
    0x0001f615   0x00000003   PAD
    0x0001f618   0x00000089   Data   RO         2999    .conststring        flash.o
    0x0001f6a1   0x00000003   PAD
    0x0001f6a4   0x00000020   Data   RO         5501    Region$$Table       anon$$obj.o


    Execution Region RW_IRAM1 (Base: 0x20000000, Size: 0x0000a4a0, Max: 0x00080000, ABSOLUTE, COMPRESSED[0x00000050])

    Base Addr    Size         Type   Attr      Idx    E Section Name        Object

    0x20000000   0x00000008   Data   RW            7    .data               cpucfg.o
    0x20000008   0x00000021   Data   RW          174    .data               main.o
    0x20000029   0x00000001   Data   RW          354    .data               blueproto.o
    0x2000002a   0x00000002   PAD
    0x2000002c   0x00000034   Data   RW          598    .data               card.o
    0x20000060   0x0000000c   Data   RW          869    .data               emu.o
    0x2000006c   0x00000004   Data   RW         1025    .data               gun.o
    0x20000070   0x0000000a   Data   RW         1115    .data               history_order.o
    0x2000007a   0x00000002   Data   RW         1224    .data               outnetproto.o
    0x2000007c   0x00000002   Data   RW         1339    .data               producttest.o
    0x2000007e   0x00000002   PAD
    0x20000080   0x0000001b   Data   RW         1430    .data               proto.o
    0x2000009b   0x00000001   PAD
    0x2000009c   0x0000000c   Data   RW         1750    .data               server.o
    0x200000a8   0x00000018   Data   RW         1969    .data               sim800c.o
    0x200000c0   0x00000004   Data   RW         2200    .data               tfs.o
    0x200000c4   0x0000000c   Data   RW         2302    .data               ui.o
    0x200000d0   0x0000000c   Data   RW         2710    .data               relayctrltask.o
    0x200000dc   0x00000019   Data   RW         3190    .data               i2c.o
    0x200000f5   0x00000003   PAD
    0x200000f8   0x00000030   Data   RW         3593    .data               md5.o
    0x20000128   0x0000000c   Data   RW         3654    .data               rtc.o
    0x20000134   0x00000005   Data   RW         3741    .data               sc8042.o
    0x20000139   0x00000003   PAD
    0x2000013c   0x0000002c   Data   RW         4040    .data               usart.o
    0x20000168   0x0000003c   Data   RW         4661    .data               tasks.o
    0x200001a4   0x00000004   Data   RW         4946    .data               port.o
    0x200001a8   0x00000018   Data   RW         5019    .data               heap_4.o
    0x200001c0   0x00000004   Data   RW         5095    .data               mc_p.l(strtok.o)
    0x200001c4   0x00000004   Data   RW         5419    .data               mc_p.l(stdout.o)
    0x200001c8   0x00000004   Data   RW         5437    .data               mc_p.l(errno.o)
    0x200001cc   0x00000018   Zero   RW          351    .bss                blueproto.o
    0x200001e4   0x000003f3   Zero   RW          596    .bss                card.o
    0x200005d7   0x00000001   PAD
    0x200005d8   0x00000700   Zero   RW          867    .bss                emu.o
    0x20000cd8   0x00000528   Zero   RW         1023    .bss                gun.o
    0x20001200   0x00000420   Zero   RW         1113    .bss                history_order.o
    0x20001620   0x0000058e   Zero   RW         1221    .bss                outnetproto.o
    0x20001bae   0x00000183   Zero   RW         1427    .bss                proto.o
    0x20001d31   0x00000003   PAD
    0x20001d34   0x00000b34   Zero   RW         1747    .bss                server.o
    0x20002868   0x00000418   Zero   RW         1966    .bss                sim800c.o
    0x20002c80   0x00000014   Zero   RW         2300    .bss                ui.o
    0x20002c94   0x00000014   Zero   RW         2659    .bss                upgrade.o
    0x20002ca8   0x00000040   Zero   RW         3591    .bss                md5.o
    0x20002ce8   0x00000010   Zero   RW         3652    .bss                rtc.o
    0x20002cf8   0x00000030   Zero   RW         3854    .bss                simuart.o
    0x20002d28   0x00000a70   Zero   RW         4039    .bss                usart.o
    0x20003798   0x000000dc   Zero   RW         4660    .bss                tasks.o
    0x20003874   0x00002c00   Zero   RW         5018    .bss                heap_4.o
    0x20006474   0x0000002c   Zero   RW         5429    .bss                mc_p.l(localtime_w.o)
    0x200064a0   0x00004000   Zero   RW         4325    STACK               startup_ht6x3x.o



  Load Region LR$$.ARM.__at_0x0FC0 (Base: 0x00000fc0, Size: 0x00000004, Max: 0x00000004, ABSOLUTE)

    Execution Region ER$$.ARM.__at_0x0FC0 (Base: 0x00000fc0, Size: 0x00000004, Max: 0x00000004, ABSOLUTE, UNINIT)

    Base Addr    Size         Type   Attr      Idx    E Section Name        Object

    0x00000fc0   0x00000004   Code   RO         4328    .ARM.__at_0x0FC0    startup_ht6x3x.o


==============================================================================

Image component sizes


      Code (inc. data)   RO Data    RW Data    ZI Data      Debug   Object Name

      3260        100       8488          0          0       6311   aes.o
      5818       1632        462          1         24      26901   blueproto.o
     10240       2778        447         52       1011      45276   card.o
       304         66          0          0          0       2469   cmu.o
       104         20          0          8          0      97217   cpucfg.o
      6672       1206       1282         12       1792      30035   emu.o
       230          0          0          0          0       3014   fifo.o
      1150         84        157          0          0      12303   flash.o
       234         14          0          0          0       3046   gpio.o
      1242        416        145          4       1320      15128   gun.o
       640         60          0         24      11264       3995   heap_4.o
      2786        716        143         10       1056      10029   history_order.o
      1584        262         15         25          0      14666   i2c.o
      2998        526         23          0          0      26757   lcd.o
       150          0          0          0          0       4370   list.o
      3532       1184        262         33          0      20648   main.o
       776         68        512         48         64       2528   md5.o
         2          0          0          0          0        417   ntcad.o
      3496        938        470          2       1422      18895   outnetproto.o
       392         56          0          4          0       5550   port.o
      1408        284         23          2          0       3109   producttest.o
     12508       3342        556         27        387      50883   proto.o
      1502          0          0          0          0      10826   queue.o
      1202        178         15         12          0      18299   relayctrltask.o
      1144        180         28         12         16       6452   rtc.o
      1992        436         89          5          0       7460   sc8042.o
      8190       1644        615         12       2868      32957   server.o
      9340       3246       1301         24       1048      31070   sim800c.o
      2216        212          0          0         48      21223   simuart.o
        32         12        192          0      16384        824   startup_ht6x3x.o
         2          0          0          0          0        437   system_ht6xxx.o
       188         24          0          0          0       8915   systick.o
      2498        356          0         60        220      19304   tasks.o
       432         54          0          0          0       3561   tempdetection.o
       760        336         60          4          0       2909   tfs.o
      7150        934        245         12         20      35812   ui.o
       892        346         33          0         20       3206   upgrade.o
      2190        244          0         44       2672      15835   usart.o

    ----------------------------------------------------------------------
     99328      21954      15617        448      41640     622637   Object Totals
         0          0         32          0          0          0   (incl. Generated)
        72          0         22         11          4          0   (incl. Padding)

    ----------------------------------------------------------------------

      Code (inc. data)   RO Data    RW Data    ZI Data      Debug   Library Member Name

        60         10          0          0          0         84   __0sscanf.o
        86          0          0          0          0          0   __dczerorl2.o
        30          0          0          0          0         60   _chval.o
       824         12          0          0          0         84   _scanf.o
       232          0          0          0          0         84   _scanf_str.o
        68          0          0          0          0         76   _sgetc.o
       166          0          0          0          0         84   _strtoul.o
        26          0          0          0          0         72   atoi.o
         8          4        133          0          0         60   ctype_o.o
         0          0          0          0          0          0   entry.o
         0          0          0          0          0          0   entry10a.o
         0          0          0          0          0          0   entry11a.o
         8          4          0          0          0          0   entry2.o
         4          0          0          0          0          0   entry5.o
         0          0          0          0          0          0   entry7b.o
         0          0          0          0          0          0   entry8b.o
         8          4          0          0          0          0   entry9a.o
         8          4          0          4          0         60   errno.o
        30          0          0          0          0          0   handlers.o
        40          0          0          0          0         72   idiv.o
        36          8          0          0          0         68   init.o
        18          0          0          0          0         68   isspace_o.o
         0          0          0          0          0          0   iusefp.o
        32          0          0          0          0         68   llshl.o
        38          0          0          0          0         68   llsshr.o
        34          0          0          0          0         68   llushr.o
       116         12         12          0          0         72   localtime_i.o
        16          6          0          0         44         68   localtime_w.o
        26          0          0          0          0         72   memcmp.o
        64          0          0          0          0         68   memmovea.o
        36          0          0          0          0        100   memseta.o
       140         16         12          0          0         72   mktime.o
      1222         56          0          0          0        468   printf8.o
        44          8          0          0          0         84   scanf_char.o
         0          0          0          4          0          0   stdout.o
        24          0          0          0          0         60   strcat.o
        20          0          0          0          0         60   strchr.o
        14          0          0          0          0         60   strlen.o
        30          0          0          0          0         72   strncmp.o
        26          0          0          0          0         68   strncpy.o
        40          0          0          0          0         72   strstr.o
        72          4          0          4          0         72   strtok.o
       112          4          0          0          0         76   strtol.o
        44          0          0          0          0         72   uidiv.o
        96          0          0          0          0         84   uldiv.o
        20          0          0          0          0         60   uread4.o
        18          0          0          0          0         60   uwrite4.o
        40          2          0          0          0         68   cdcmple.o
        20          0          0          0          0         68   cfcmple.o
        20          0          0          0          0         68   cfrcmple.o
        56          0          0          0          0         68   d2f.o
       356          4          0          0          0        140   dadd.o
       236          0          0          0          0        216   depilogue.o
        72         10          0          0          0         72   dfixi.o
        40          0          0          0          0         60   f2d.o
       178          0          0          0          0        108   fadd.o
       124          0          0          0          0         72   fdiv.o
       130          0          0          0          0        144   fepilogue.o
        40          0          0          0          0         60   ffixui.o
        22          0          0          0          0         68   fflti.o
        14          0          0          0          0         68   ffltui.o
       122          0          0          0          0         72   fmul.o

    ----------------------------------------------------------------------
      5416        168        159         12         44       4248   Library Totals
        10          0          2          0          0          0   (incl. Padding)

    ----------------------------------------------------------------------

      Code (inc. data)   RO Data    RW Data    ZI Data      Debug   Library Name

      3936        152        157         12         44       2896   mc_p.l
      1470         16          0          0          0       1352   mf_p.l

    ----------------------------------------------------------------------
      5416        168        159         12         44       4248   Library Totals

    ----------------------------------------------------------------------

==============================================================================


      Code (inc. data)   RO Data    RW Data    ZI Data      Debug   

    104744      22122      15776        460      41684     597993   Grand Totals
    104744      22122      15776         80      41684     597993   ELF Image Totals (compressed)
    104744      22122      15776         80          0          0   ROM Totals

==============================================================================

    Total RO  Size (Code + RO Data)               120520 ( 117.70kB)
    Total RW  Size (RW Data + ZI Data)             42144 (  41.16kB)
    Total ROM Size (Code + RO Data + RW Data)     120600 ( 117.77kB)

==============================================================================

