<html>
<body>
<pre>
<h1>µVision Build Log</h1>
<h2>Tool Versions:</h2>
IDE-Version: ¦ÌVision V5.18.0.0
Copyright (C) 2016 ARM Ltd and ARM Germany GmbH. All rights reserved.
License Information: ssss Microsoft, Microsoft, LIC=0VR30-BGUQD-JL3CC-7RXEB-2HWEU-4C84L
 
Tool Versions:
Toolchain:       MDK-ARM Professional  Version: 5.18
Toolchain Path:  D:\Program Files\keil5\ARM\ARMCC\Bin
C Compiler:      Armcc.exe V5.05 update 2 (build 169)
Assembler:       Armasm.exe V5.05 update 2 (build 169)
Linker/Locator:  ArmLink.exe V5.05 update 2 (build 169)
Library Manager: ArmAr.exe V5.05 update 2 (build 169)
Hex Converter:   FromElf.exe V5.05 update 2 (build 169)
CPU DLL:         SARMCM3.DLL V5.18
Dialog DLL:      DARMCM1.DLL V1.12.0.0
Target DLL:      Segger\JL2CM3.dll V2.99.18.0
Dialog DLL:      TARMCM1.DLL V1.9.0.0
 
<h2>Project:</h2>
F:\WORK\X10p\MainBoard\ht6x3x\src\Project\X10P.uvprojx
Project File Date:  12/26/2018

<h2>Output:</h2>
*** Using Compiler 'V5.05 update 2 (build 169)', folder: 'D:\Program Files\keil5\ARM\ARMCC\Bin'
Rebuild target 'X10P'
compiling CpuCfg.c...
compiling blueProto.c...
compiling main.c...
compiling card.c...
compiling gun.c...
compiling emu.c...
compiling history_order.c...
compiling outNetProto.c...
compiling productTest.c...
compiling proto.c...
compiling server.c...
compiling sim800c.c...
compiling tfs.c...
compiling ui.c...
compiling upgrade.c...
compiling cmu.c...
compiling aes.c...
compiling FIFO.c...
compiling flash.c...
compiling gpio.c...
compiling i2c.c...
compiling lcd.c...
compiling md5.c...
compiling ntcad.c...
compiling rtc.c...
compiling sc8042.c...
compiling simuart.c...
compiling core_cm0.c...
compiling systick.c...
compiling usart.c...
compiling list.c...
assembling startup_ht6x3x.s...
compiling system_ht6xxx.c...
compiling queue.c...
compiling tasks.c...
compiling heap_4.c...
compiling port.c...
linking...
Program Size: Code=91704 RO-data=14728 RW-data=384 ZI-data=29224  
FromELF: creating hex file...
".\Objects\X10P.axf" - 0 Error(s), 0 Warning(s).

<h2>Collection of Component include folders:</h2>
  F:\WORK\X10p\MainBoard\ht6x3x\src\Project\RTE
  D:\Program Files\keil5\ARM\PACK\ARM\CMSIS\4.5.0\Device\ARM\ARMCM0\Include

<h2>Collection of Component Files used:</h2>
Build Time Elapsed:  00:00:18
</pre>
</body>
</html>
