<!doctype html public "-//w3c//dtd html 4.0 transitional//en">
<html><head>
<title>Static Call Graph - [.\Objects\X10P.axf]</title></head>
<body><HR>
<H1>Static Call Graph for image .\Objects\X10P.axf</H1><HR>
<BR><P>#&#060CALLGRAPH&#062# ARM Linker, 5050169: Last Updated: Wed Dec 26 10:32:33 2018
<BR><P>
<H3>Maximum Stack Usage =       1416 bytes + Unknown(Cycles, Untraceable Function Pointers)</H3><H3>
Call chain for Maximum Stack Depth:</H3>
CkbTask &rArr; ProcKBData &rArr; HandleCKBData &rArr; CardModuleHandle &rArr; WritePayCardHandle &rArr; StartCharging &rArr; UpdataGunDataSum &rArr; FlashWriteSysInfo &rArr; SendEventNotice &rArr; SendProtoPkt &rArr; SocketSendData &rArr; GprsSendCmd &rArr; GprsCheckRes &rArr; GetSocketState &rArr; __0sscanf &rArr; __vfscanf_char &rArr; __vfscanf &rArr; _scanf_string
<P>
<H3>
Mutually Recursive functions
</H3> <LI><a href="#[b]">NMI_Handler</a>&nbsp;&nbsp;&nbsp;&rArr;&nbsp;&nbsp;&nbsp;<a href="#[b]">NMI_Handler</a><BR>
 <LI><a href="#[d]">SVC_Handler</a>&nbsp;&nbsp;&nbsp;&rArr;&nbsp;&nbsp;&nbsp;<a href="#[d]">SVC_Handler</a><BR>
 <LI><a href="#[11]">AES_IRQHandler</a>&nbsp;&nbsp;&nbsp;&rArr;&nbsp;&nbsp;&nbsp;<a href="#[11]">AES_IRQHandler</a><BR>
</UL>
<P>
<H3>
Function Pointers
</H3><UL>
 <LI><a href="#[11]">AES_IRQHandler</a> from startup_ht6x3x.o(.text) referenced from startup_ht6x3x.o(RESET)
 <LI><a href="#[39]">CkbTask</a> from card.o(i.CkbTask) referenced from main.o(i.MainTask)
 <LI><a href="#[2f]">DMA_IRQHandler</a> from startup_ht6x3x.o(.text) referenced from startup_ht6x3x.o(RESET)
 <LI><a href="#[12]">EXTI0_IRQHandler</a> from startup_ht6x3x.o(.text) referenced from startup_ht6x3x.o(RESET)
 <LI><a href="#[13]">EXTI1_IRQHandler</a> from startup_ht6x3x.o(.text) referenced from startup_ht6x3x.o(RESET)
 <LI><a href="#[14]">EXTI2_IRQHandler</a> from startup_ht6x3x.o(.text) referenced from startup_ht6x3x.o(RESET)
 <LI><a href="#[15]">EXTI3_IRQHandler</a> from startup_ht6x3x.o(.text) referenced from startup_ht6x3x.o(RESET)
 <LI><a href="#[16]">EXTI4_IRQHandler</a> from simuart.o(i.EXTI4_IRQHandler) referenced from startup_ht6x3x.o(RESET)
 <LI><a href="#[17]">EXTI5_IRQHandler</a> from startup_ht6x3x.o(.text) referenced from startup_ht6x3x.o(RESET)
 <LI><a href="#[18]">EXTI6_IRQHandler</a> from i2c.o(i.EXTI6_IRQHandler) referenced from startup_ht6x3x.o(RESET)
 <LI><a href="#[2c]">EXTI7_IRQHandler</a> from startup_ht6x3x.o(.text) referenced from startup_ht6x3x.o(RESET)
 <LI><a href="#[c]">HardFault_Handler</a> from cpucfg.o(i.HardFault_Handler) referenced from startup_ht6x3x.o(RESET)
 <LI><a href="#[25]">I2C_IRQHandler</a> from i2c.o(i.I2C_IRQHandler) referenced from startup_ht6x3x.o(RESET)
 <LI><a href="#[0]">Init_Uart0</a> from usart.o(i.Init_Uart0) referenced 2 times from usart.o(.data)
 <LI><a href="#[1]">Init_Uart1</a> from usart.o(i.Init_Uart1) referenced 2 times from usart.o(.data)
 <LI><a href="#[2]">Init_Uart2</a> from usart.o(i.Init_Uart2) referenced 2 times from usart.o(.data)
 <LI><a href="#[3]">Init_Uart3</a> from usart.o(i.Init_Uart3) referenced 2 times from usart.o(.data)
 <LI><a href="#[4]">Init_Uart4</a> from usart.o(i.Init_Uart4) referenced 2 times from usart.o(.data)
 <LI><a href="#[5]">Init_Uart5</a> from usart.o(i.Init_Uart5) referenced 2 times from usart.o(.data)
 <LI><a href="#[6]">Init_Uart6</a> from usart.o(i.Init_Uart6) referenced 2 times from usart.o(.data)
 <LI><a href="#[7]">Init_Uart7</a> from usart.o(i.Init_Uart7) referenced 2 times from usart.o(.data)
 <LI><a href="#[8]">Init_Uart8</a> from usart.o(i.Init_Uart8) referenced 2 times from usart.o(.data)
 <LI><a href="#[9]">Init_Uart9</a> from usart.o(i.Init_Uart9) referenced 2 times from usart.o(.data)
 <LI><a href="#[59]">LcdDisplayEight</a> from lcd.o(i.LcdDisplayEight) referenced from ui.o(.constdata)
 <LI><a href="#[56]">LcdDisplayFive</a> from lcd.o(i.LcdDisplayFive) referenced from ui.o(.constdata)
 <LI><a href="#[55]">LcdDisplayFour</a> from lcd.o(i.LcdDisplayFour) referenced from ui.o(.constdata)
 <LI><a href="#[5a]">LcdDisplayNine</a> from lcd.o(i.LcdDisplayNine) referenced from ui.o(.constdata)
 <LI><a href="#[52]">LcdDisplayOne</a> from lcd.o(i.LcdDisplayOne) referenced from ui.o(.constdata)
 <LI><a href="#[58]">LcdDisplaySeven</a> from lcd.o(i.LcdDisplaySeven) referenced from ui.o(.constdata)
 <LI><a href="#[57]">LcdDisplaySix</a> from lcd.o(i.LcdDisplaySix) referenced from ui.o(.constdata)
 <LI><a href="#[54]">LcdDisplayThree</a> from lcd.o(i.LcdDisplayThree) referenced from ui.o(.constdata)
 <LI><a href="#[53]">LcdDisplayTwo</a> from lcd.o(i.LcdDisplayTwo) referenced from ui.o(.constdata)
 <LI><a href="#[51]">LcdDisplayZero</a> from lcd.o(i.LcdDisplayZero) referenced from ui.o(.constdata)
 <LI><a href="#[3d]">MainTask</a> from main.o(i.MainTask) referenced from main.o(i.main)
 <LI><a href="#[b]">NMI_Handler</a> from startup_ht6x3x.o(.text) referenced from startup_ht6x3x.o(RESET)
 <LI><a href="#[10]">PMU_IRQHandler</a> from startup_ht6x3x.o(.text) referenced from startup_ht6x3x.o(RESET)
 <LI><a href="#[e]">PendSV_Handler</a> from port.o(.emb_text) referenced from startup_ht6x3x.o(RESET)
 <LI><a href="#[24]">RTC_IRQHandler</a> from rtc.o(i.RTC_IRQHandler) referenced from startup_ht6x3x.o(RESET)
 <LI><a href="#[2d]">Reserved_IRQHandler</a> from startup_ht6x3x.o(.text) referenced from startup_ht6x3x.o(RESET)
 <LI><a href="#[a]">Reset_Handler</a> from startup_ht6x3x.o(.text) referenced from startup_ht6x3x.o(RESET)
 <LI><a href="#[26]">SPI0_IRQHandler</a> from startup_ht6x3x.o(.text) referenced from startup_ht6x3x.o(RESET)
 <LI><a href="#[27]">SPI1_IRQHandler</a> from startup_ht6x3x.o(.text) referenced from startup_ht6x3x.o(RESET)
 <LI><a href="#[2e]">SPI2_IRQHandler</a> from startup_ht6x3x.o(.text) referenced from startup_ht6x3x.o(RESET)
 <LI><a href="#[d]">SVC_Handler</a> from startup_ht6x3x.o(.text) referenced from startup_ht6x3x.o(RESET)
 <LI><a href="#[28]">SelfTestF_IRQHandler</a> from startup_ht6x3x.o(.text) referenced from startup_ht6x3x.o(RESET)
 <LI><a href="#[37]">ServerTask</a> from server.o(i.ServerTask) referenced from main.o(i.MainTask)
 <LI><a href="#[38]">SysTask</a> from outnetproto.o(i.SysTask) referenced from main.o(i.MainTask)
 <LI><a href="#[f]">SysTick_Handler</a> from port.o(i.SysTick_Handler) referenced from startup_ht6x3x.o(RESET)
 <LI><a href="#[31]">SystemInit</a> from system_ht6xxx.o(i.SystemInit) referenced from startup_ht6x3x.o(.text)
 <LI><a href="#[23]">TBS_IRQHandler</a> from startup_ht6x3x.o(.text) referenced from startup_ht6x3x.o(RESET)
 <LI><a href="#[1f]">TIMER_0_IRQHandler</a> from simuart.o(i.TIMER_0_IRQHandler) referenced from startup_ht6x3x.o(RESET)
 <LI><a href="#[20]">TIMER_1_IRQHandler</a> from simuart.o(i.TIMER_1_IRQHandler) referenced from startup_ht6x3x.o(RESET)
 <LI><a href="#[21]">TIMER_2_IRQHandler</a> from emu.o(i.TIMER_2_IRQHandler) referenced from startup_ht6x3x.o(RESET)
 <LI><a href="#[22]">TIMER_3_IRQHandler</a> from simuart.o(i.TIMER_3_IRQHandler) referenced from startup_ht6x3x.o(RESET)
 <LI><a href="#[29]">TIMER_4_IRQHandler</a> from startup_ht6x3x.o(.text) referenced from startup_ht6x3x.o(RESET)
 <LI><a href="#[2a]">TIMER_5_IRQHandler</a> from startup_ht6x3x.o(.text) referenced from startup_ht6x3x.o(RESET)
 <LI><a href="#[19]">UART0_IRQHandler</a> from usart.o(i.UART0_IRQHandler) referenced from startup_ht6x3x.o(RESET)
 <LI><a href="#[1a]">UART1_IRQHandler</a> from usart.o(i.UART1_IRQHandler) referenced from startup_ht6x3x.o(RESET)
 <LI><a href="#[1b]">UART2_IRQHandler</a> from usart.o(i.UART2_IRQHandler) referenced from startup_ht6x3x.o(RESET)
 <LI><a href="#[1c]">UART3_IRQHandler</a> from usart.o(i.UART3_IRQHandler) referenced from startup_ht6x3x.o(RESET)
 <LI><a href="#[1d]">UART4_IRQHandler</a> from usart.o(i.UART4_IRQHandler) referenced from startup_ht6x3x.o(RESET)
 <LI><a href="#[1e]">UART5_IRQHandler</a> from usart.o(i.UART5_IRQHandler) referenced from startup_ht6x3x.o(RESET)
 <LI><a href="#[2b]">UART6_IRQHandler</a> from usart.o(i.UART6_IRQHandler) referenced from startup_ht6x3x.o(RESET)
 <LI><a href="#[32]">__main</a> from entry.o(.ARM.Collect$$$$00000000) referenced from startup_ht6x3x.o(.text)
 <LI><a href="#[34]">_sbackspace</a> from _sgetc.o(.text) referenced from __0sscanf.o(.text)
 <LI><a href="#[35]">_scanf_char_input</a> from scanf_char.o(.text) referenced from scanf_char.o(.text)
 <LI><a href="#[33]">_sgetc</a> from _sgetc.o(.text) referenced from __0sscanf.o(.text)
 <LI><a href="#[3c]">_sputc</a> from printf8.o(i._sputc) referenced from printf8.o(i.__0sprintf$8)
 <LI><a href="#[3a]">emuTask</a> from emu.o(i.emuTask) referenced from main.o(i.MainTask)
 <LI><a href="#[3b]">fputc</a> from server.o(i.fputc) referenced from printf8.o(i.__0printf$8)
 <LI><a href="#[36]">isspace</a> from isspace_o.o(.text) referenced from scanf_char.o(.text)
 <LI><a href="#[30]">main</a> from main.o(i.main) referenced from entry9a.o(.ARM.Collect$$$$0000000B)
 <LI><a href="#[3f]">prvIdleTask</a> from tasks.o(i.prvIdleTask) referenced from tasks.o(i.vTaskStartScheduler)
 <LI><a href="#[3e]">prvTaskExitError</a> from port.o(i.prvTaskExitError) referenced from port.o(i.pxPortInitialiseStack)
 <LI><a href="#[41]">sim800_check_ATE</a> from sim800c.o(i.sim800_check_ATE) referenced from sim800c.o(.constdata)
 <LI><a href="#[42]">sim800_check_ATI</a> from sim800c.o(i.sim800_check_ATI) referenced from sim800c.o(.constdata)
 <LI><a href="#[45]">sim800_check_CCID</a> from sim800c.o(i.sim800_check_CCID) referenced from sim800c.o(.constdata)
 <LI><a href="#[49]">sim800_check_CGATT</a> from sim800c.o(i.sim800_check_CGATT) referenced 2 times from sim800c.o(.constdata)
 <LI><a href="#[4e]">sim800_check_CIICR</a> from sim800c.o(i.sim800_check_CIICR) referenced from sim800c.o(.constdata)
 <LI><a href="#[4b]">sim800_check_CIPMUX</a> from sim800c.o(i.sim800_check_CIPMUX) referenced from sim800c.o(.constdata)
 <LI><a href="#[47]">sim800_check_CIPRXGET</a> from sim800c.o(i.sim800_check_CIPRXGET) referenced from sim800c.o(.constdata)
 <LI><a href="#[4a]">sim800_check_CIPSHUT</a> from sim800c.o(i.sim800_check_CIPSHUT) referenced from sim800c.o(.constdata)
 <LI><a href="#[48]">sim800_check_CREG</a> from sim800c.o(i.sim800_check_CREG) referenced from sim800c.o(.constdata)
 <LI><a href="#[46]">sim800_check_CSCLK</a> from sim800c.o(i.sim800_check_CSCLK) referenced from sim800c.o(.constdata)
 <LI><a href="#[43]">sim800_check_CSQ</a> from sim800c.o(i.sim800_check_CSQ) referenced from sim800c.o(.constdata)
 <LI><a href="#[4c]">sim800_check_CSTT</a> from sim800c.o(i.sim800_check_CSTT) referenced from sim800c.o(.constdata)
 <LI><a href="#[4d]">sim800_check_ack</a> from sim800c.o(i.sim800_check_ack) referenced 2 times from sim800c.o(.constdata)
 <LI><a href="#[44]">sim800_check_cpin</a> from sim800c.o(i.sim800_check_cpin) referenced from sim800c.o(.constdata)
 <LI><a href="#[40]">sim800_check_reset</a> from sim800c.o(i.sim800_check_reset) referenced from sim800c.o(.constdata)
 <LI><a href="#[4f]">sim800_default</a> from sim800c.o(i.sim800_default) referenced from sim800c.o(.constdata)
 <LI><a href="#[50]">sim800_ipopen</a> from sim800c.o(i.sim800_ipopen) referenced from sim800c.o(.constdata)
</UL>
<P>
<H3>
Global Symbols
</H3>
<P><STRONG><a name="[32]"></a>__main</STRONG> (Thumb, 0 bytes, Stack size unknown bytes, entry.o(.ARM.Collect$$$$00000000))
<BR>[Address Reference Count : 1]<UL><LI> startup_ht6x3x.o(.text)
</UL>
<P><STRONG><a name="[282]"></a>_main_stk</STRONG> (Thumb, 0 bytes, Stack size unknown bytes, entry2.o(.ARM.Collect$$$$00000001))

<P><STRONG><a name="[5b]"></a>_main_scatterload</STRONG> (Thumb, 0 bytes, Stack size unknown bytes, entry5.o(.ARM.Collect$$$$00000004))
<BR><BR>[Calls]<UL><LI><a href="#[5c]">&gt;&gt;</a>&nbsp;&nbsp;&nbsp;__scatterload
</UL>

<P><STRONG><a name="[84]"></a>__main_after_scatterload</STRONG> (Thumb, 0 bytes, Stack size unknown bytes, entry5.o(.ARM.Collect$$$$00000004))
<BR><BR>[Called By]<UL><LI><a href="#[5c]">&gt;&gt;</a>&nbsp;&nbsp;&nbsp;__scatterload
</UL>

<P><STRONG><a name="[283]"></a>_main_clock</STRONG> (Thumb, 0 bytes, Stack size unknown bytes, entry7b.o(.ARM.Collect$$$$00000008))

<P><STRONG><a name="[284]"></a>_main_cpp_init</STRONG> (Thumb, 0 bytes, Stack size unknown bytes, entry8b.o(.ARM.Collect$$$$0000000A))

<P><STRONG><a name="[285]"></a>_main_init</STRONG> (Thumb, 0 bytes, Stack size unknown bytes, entry9a.o(.ARM.Collect$$$$0000000B))

<P><STRONG><a name="[286]"></a>__rt_final_cpp</STRONG> (Thumb, 0 bytes, Stack size unknown bytes, entry10a.o(.ARM.Collect$$$$0000000D))

<P><STRONG><a name="[287]"></a>__rt_final_exit</STRONG> (Thumb, 0 bytes, Stack size unknown bytes, entry11a.o(.ARM.Collect$$$$0000000F))

<P><STRONG><a name="[281]"></a>__asm___6_port_c_39a90d8d__prvPortStartFirstTask</STRONG> (Thumb, 36 bytes, Stack size 0 bytes, port.o(.emb_text))
<BR><BR>[Called By]<UL><LI><a href="#[27f]">&gt;&gt;</a>&nbsp;&nbsp;&nbsp;xPortStartScheduler
</UL>

<P><STRONG><a name="[23f]"></a>ulSetInterruptMaskFromISR</STRONG> (Thumb, 8 bytes, Stack size 0 bytes, port.o(.emb_text))
<BR><BR>[Called By]<UL><LI><a href="#[f]">&gt;&gt;</a>&nbsp;&nbsp;&nbsp;SysTick_Handler
</UL>

<P><STRONG><a name="[241]"></a>vClearInterruptMaskFromISR</STRONG> (Thumb, 6 bytes, Stack size 0 bytes, port.o(.emb_text))
<BR><BR>[Called By]<UL><LI><a href="#[f]">&gt;&gt;</a>&nbsp;&nbsp;&nbsp;SysTick_Handler
</UL>

<P><STRONG><a name="[e]"></a>PendSV_Handler</STRONG> (Thumb, 62 bytes, Stack size 0 bytes, port.o(.emb_text))
<BR><BR>[Calls]<UL><LI><a href="#[5d]">&gt;&gt;</a>&nbsp;&nbsp;&nbsp;vTaskSwitchContext
</UL>
<BR>[Address Reference Count : 1]<UL><LI> startup_ht6x3x.o(RESET)
</UL>
<P><STRONG><a name="[a]"></a>Reset_Handler</STRONG> (Thumb, 8 bytes, Stack size 0 bytes, startup_ht6x3x.o(.text))
<BR>[Address Reference Count : 1]<UL><LI> startup_ht6x3x.o(RESET)
</UL>
<P><STRONG><a name="[b]"></a>NMI_Handler</STRONG> (Thumb, 2 bytes, Stack size 0 bytes, startup_ht6x3x.o(.text))
<BR><BR>[Calls]<UL><LI><a href="#[b]">&gt;&gt;</a>&nbsp;&nbsp;&nbsp;NMI_Handler
</UL>
<BR>[Called By]<UL><LI><a href="#[b]">&gt;&gt;</a>&nbsp;&nbsp;&nbsp;NMI_Handler
</UL>
<BR>[Address Reference Count : 1]<UL><LI> startup_ht6x3x.o(RESET)
</UL>
<P><STRONG><a name="[d]"></a>SVC_Handler</STRONG> (Thumb, 2 bytes, Stack size 0 bytes, startup_ht6x3x.o(.text))
<BR><BR>[Calls]<UL><LI><a href="#[d]">&gt;&gt;</a>&nbsp;&nbsp;&nbsp;SVC_Handler
</UL>
<BR>[Called By]<UL><LI><a href="#[d]">&gt;&gt;</a>&nbsp;&nbsp;&nbsp;SVC_Handler
</UL>
<BR>[Address Reference Count : 1]<UL><LI> startup_ht6x3x.o(RESET)
</UL>
<P><STRONG><a name="[11]"></a>AES_IRQHandler</STRONG> (Thumb, 0 bytes, Stack size 0 bytes, startup_ht6x3x.o(.text))
<BR><BR>[Calls]<UL><LI><a href="#[11]">&gt;&gt;</a>&nbsp;&nbsp;&nbsp;AES_IRQHandler
</UL>
<BR>[Called By]<UL><LI><a href="#[11]">&gt;&gt;</a>&nbsp;&nbsp;&nbsp;AES_IRQHandler
</UL>
<BR>[Address Reference Count : 1]<UL><LI> startup_ht6x3x.o(RESET)
</UL>
<P><STRONG><a name="[2f]"></a>DMA_IRQHandler</STRONG> (Thumb, 0 bytes, Stack size 0 bytes, startup_ht6x3x.o(.text))
<BR>[Address Reference Count : 1]<UL><LI> startup_ht6x3x.o(RESET)
</UL>
<P><STRONG><a name="[12]"></a>EXTI0_IRQHandler</STRONG> (Thumb, 0 bytes, Stack size 0 bytes, startup_ht6x3x.o(.text))
<BR>[Address Reference Count : 1]<UL><LI> startup_ht6x3x.o(RESET)
</UL>
<P><STRONG><a name="[13]"></a>EXTI1_IRQHandler</STRONG> (Thumb, 0 bytes, Stack size 0 bytes, startup_ht6x3x.o(.text))
<BR>[Address Reference Count : 1]<UL><LI> startup_ht6x3x.o(RESET)
</UL>
<P><STRONG><a name="[14]"></a>EXTI2_IRQHandler</STRONG> (Thumb, 0 bytes, Stack size 0 bytes, startup_ht6x3x.o(.text))
<BR>[Address Reference Count : 1]<UL><LI> startup_ht6x3x.o(RESET)
</UL>
<P><STRONG><a name="[15]"></a>EXTI3_IRQHandler</STRONG> (Thumb, 0 bytes, Stack size 0 bytes, startup_ht6x3x.o(.text))
<BR>[Address Reference Count : 1]<UL><LI> startup_ht6x3x.o(RESET)
</UL>
<P><STRONG><a name="[17]"></a>EXTI5_IRQHandler</STRONG> (Thumb, 0 bytes, Stack size 0 bytes, startup_ht6x3x.o(.text))
<BR>[Address Reference Count : 1]<UL><LI> startup_ht6x3x.o(RESET)
</UL>
<P><STRONG><a name="[2c]"></a>EXTI7_IRQHandler</STRONG> (Thumb, 0 bytes, Stack size 0 bytes, startup_ht6x3x.o(.text))
<BR>[Address Reference Count : 1]<UL><LI> startup_ht6x3x.o(RESET)
</UL>
<P><STRONG><a name="[10]"></a>PMU_IRQHandler</STRONG> (Thumb, 0 bytes, Stack size 0 bytes, startup_ht6x3x.o(.text))
<BR>[Address Reference Count : 1]<UL><LI> startup_ht6x3x.o(RESET)
</UL>
<P><STRONG><a name="[2d]"></a>Reserved_IRQHandler</STRONG> (Thumb, 0 bytes, Stack size 0 bytes, startup_ht6x3x.o(.text))
<BR>[Address Reference Count : 1]<UL><LI> startup_ht6x3x.o(RESET)
</UL>
<P><STRONG><a name="[26]"></a>SPI0_IRQHandler</STRONG> (Thumb, 0 bytes, Stack size 0 bytes, startup_ht6x3x.o(.text))
<BR>[Address Reference Count : 1]<UL><LI> startup_ht6x3x.o(RESET)
</UL>
<P><STRONG><a name="[27]"></a>SPI1_IRQHandler</STRONG> (Thumb, 0 bytes, Stack size 0 bytes, startup_ht6x3x.o(.text))
<BR>[Address Reference Count : 1]<UL><LI> startup_ht6x3x.o(RESET)
</UL>
<P><STRONG><a name="[2e]"></a>SPI2_IRQHandler</STRONG> (Thumb, 0 bytes, Stack size 0 bytes, startup_ht6x3x.o(.text))
<BR>[Address Reference Count : 1]<UL><LI> startup_ht6x3x.o(RESET)
</UL>
<P><STRONG><a name="[28]"></a>SelfTestF_IRQHandler</STRONG> (Thumb, 0 bytes, Stack size 0 bytes, startup_ht6x3x.o(.text))
<BR>[Address Reference Count : 1]<UL><LI> startup_ht6x3x.o(RESET)
</UL>
<P><STRONG><a name="[23]"></a>TBS_IRQHandler</STRONG> (Thumb, 0 bytes, Stack size 0 bytes, startup_ht6x3x.o(.text))
<BR>[Address Reference Count : 1]<UL><LI> startup_ht6x3x.o(RESET)
</UL>
<P><STRONG><a name="[29]"></a>TIMER_4_IRQHandler</STRONG> (Thumb, 0 bytes, Stack size 0 bytes, startup_ht6x3x.o(.text))
<BR>[Address Reference Count : 1]<UL><LI> startup_ht6x3x.o(RESET)
</UL>
<P><STRONG><a name="[2a]"></a>TIMER_5_IRQHandler</STRONG> (Thumb, 0 bytes, Stack size 0 bytes, startup_ht6x3x.o(.text))
<BR>[Address Reference Count : 1]<UL><LI> startup_ht6x3x.o(RESET)
</UL>
<P><STRONG><a name="[288]"></a>__aeabi_uidiv</STRONG> (Thumb, 0 bytes, Stack size 12 bytes, uidiv.o(.text), UNUSED)

<P><STRONG><a name="[5f]"></a>__aeabi_uidivmod</STRONG> (Thumb, 44 bytes, Stack size 12 bytes, uidiv.o(.text))
<BR><BR>[Stack]<UL><LI>Max Depth = 12<LI>Call Chain = __aeabi_uidivmod
</UL>
<BR>[Called By]<UL><LI><a href="#[c5]">&gt;&gt;</a>&nbsp;&nbsp;&nbsp;StartCharging
<LI><a href="#[3a]">&gt;&gt;</a>&nbsp;&nbsp;&nbsp;emuTask
<LI><a href="#[1b9]">&gt;&gt;</a>&nbsp;&nbsp;&nbsp;RestoreGunStatus
<LI><a href="#[fa]">&gt;&gt;</a>&nbsp;&nbsp;&nbsp;ChargingProc
<LI><a href="#[f8]">&gt;&gt;</a>&nbsp;&nbsp;&nbsp;ChargingCtrlProc
<LI><a href="#[3d]">&gt;&gt;</a>&nbsp;&nbsp;&nbsp;MainTask
<LI><a href="#[1e6]">&gt;&gt;</a>&nbsp;&nbsp;&nbsp;SpeechCardBalance
<LI><a href="#[f9]">&gt;&gt;</a>&nbsp;&nbsp;&nbsp;GunChargingProc
<LI><a href="#[1ee]">&gt;&gt;</a>&nbsp;&nbsp;&nbsp;RecvServerData
<LI><a href="#[218]">&gt;&gt;</a>&nbsp;&nbsp;&nbsp;SoundNumber
<LI><a href="#[251]">&gt;&gt;</a>&nbsp;&nbsp;&nbsp;isEmergencyCode
<LI><a href="#[175]">&gt;&gt;</a>&nbsp;&nbsp;&nbsp;Set_Uart_Bandrate
<LI><a href="#[5e]">&gt;&gt;</a>&nbsp;&nbsp;&nbsp;__aeabi_idivmod
<LI><a href="#[61]">&gt;&gt;</a>&nbsp;&nbsp;&nbsp;_localtime
</UL>

<P><STRONG><a name="[289]"></a>__aeabi_idiv</STRONG> (Thumb, 0 bytes, Stack size 16 bytes, idiv.o(.text), UNUSED)

<P><STRONG><a name="[5e]"></a>__aeabi_idivmod</STRONG> (Thumb, 40 bytes, Stack size 16 bytes, idiv.o(.text))
<BR><BR>[Stack]<UL><LI>Max Depth = 28<LI>Call Chain = __aeabi_idivmod &rArr; __aeabi_uidivmod
</UL>
<BR>[Calls]<UL><LI><a href="#[5f]">&gt;&gt;</a>&nbsp;&nbsp;&nbsp;__aeabi_uidivmod
</UL>
<BR>[Called By]<UL><LI><a href="#[c6]">&gt;&gt;</a>&nbsp;&nbsp;&nbsp;StopCharging
<LI><a href="#[c5]">&gt;&gt;</a>&nbsp;&nbsp;&nbsp;StartCharging
<LI><a href="#[af]">&gt;&gt;</a>&nbsp;&nbsp;&nbsp;BlueStartCharging
<LI><a href="#[c1]">&gt;&gt;</a>&nbsp;&nbsp;&nbsp;BlueSendStopChargingAck
<LI><a href="#[246]">&gt;&gt;</a>&nbsp;&nbsp;&nbsp;TempNotice
<LI><a href="#[1ba]">&gt;&gt;</a>&nbsp;&nbsp;&nbsp;SendStartUpNotice
<LI><a href="#[fa]">&gt;&gt;</a>&nbsp;&nbsp;&nbsp;ChargingProc
<LI><a href="#[f8]">&gt;&gt;</a>&nbsp;&nbsp;&nbsp;ChargingCtrlProc
<LI><a href="#[1c4]">&gt;&gt;</a>&nbsp;&nbsp;&nbsp;MakeTradeInfo
<LI><a href="#[171]">&gt;&gt;</a>&nbsp;&nbsp;&nbsp;InitChargingCtrlPara
<LI><a href="#[13d]">&gt;&gt;</a>&nbsp;&nbsp;&nbsp;GetChargingTime
<LI><a href="#[130]">&gt;&gt;</a>&nbsp;&nbsp;&nbsp;FtpGet
<LI><a href="#[1c3]">&gt;&gt;</a>&nbsp;&nbsp;&nbsp;MakeGunHearBeatInfo
<LI><a href="#[21a]">&gt;&gt;</a>&nbsp;&nbsp;&nbsp;SpeechPile
<LI><a href="#[1cc]">&gt;&gt;</a>&nbsp;&nbsp;&nbsp;SoundCode
<LI><a href="#[251]">&gt;&gt;</a>&nbsp;&nbsp;&nbsp;isEmergencyCode
<LI><a href="#[24e]">&gt;&gt;</a>&nbsp;&nbsp;&nbsp;UiDisplay_Time
<LI><a href="#[225]">&gt;&gt;</a>&nbsp;&nbsp;&nbsp;UiDisplay_SignalVal
<LI><a href="#[24c]">&gt;&gt;</a>&nbsp;&nbsp;&nbsp;UiDisplay_MonthDay
<LI><a href="#[1cd]">&gt;&gt;</a>&nbsp;&nbsp;&nbsp;UiDisplay_ErrCode
<LI><a href="#[221]">&gt;&gt;</a>&nbsp;&nbsp;&nbsp;UiDisplay_CardMoney
<LI><a href="#[227]">&gt;&gt;</a>&nbsp;&nbsp;&nbsp;UiDisplayCurrentSocket
<LI><a href="#[60]">&gt;&gt;</a>&nbsp;&nbsp;&nbsp;mktime
</UL>

<P><STRONG><a name="[60]"></a>mktime</STRONG> (Thumb, 124 bytes, Stack size 16 bytes, mktime.o(.text))
<BR><BR>[Stack]<UL><LI>Max Depth = 44<LI>Call Chain = mktime &rArr; __aeabi_idivmod &rArr; __aeabi_uidivmod
</UL>
<BR>[Calls]<UL><LI><a href="#[5e]">&gt;&gt;</a>&nbsp;&nbsp;&nbsp;__aeabi_idivmod
<LI><a href="#[61]">&gt;&gt;</a>&nbsp;&nbsp;&nbsp;_localtime
</UL>
<BR>[Called By]<UL><LI><a href="#[147]">&gt;&gt;</a>&nbsp;&nbsp;&nbsp;GetTimeStamp
</UL>

<P><STRONG><a name="[28a]"></a>___aeabi_memcpy8$move</STRONG> (Thumb, 0 bytes, Stack size 8 bytes, memmovea.o(.text), UNUSED)

<P><STRONG><a name="[9b]"></a>__aeabi_memcpy</STRONG> (Thumb, 64 bytes, Stack size 8 bytes, memmovea.o(.text))
<BR><BR>[Stack]<UL><LI>Max Depth = 8<LI>Call Chain = __aeabi_memcpy
</UL>
<BR>[Called By]<UL><LI><a href="#[9d]">&gt;&gt;</a>&nbsp;&nbsp;&nbsp;WriteCfgInfo
<LI><a href="#[c5]">&gt;&gt;</a>&nbsp;&nbsp;&nbsp;StartCharging
<LI><a href="#[96]">&gt;&gt;</a>&nbsp;&nbsp;&nbsp;SendBlueNetPkt
<LI><a href="#[a8]">&gt;&gt;</a>&nbsp;&nbsp;&nbsp;Remove_RecordOrder
<LI><a href="#[94]">&gt;&gt;</a>&nbsp;&nbsp;&nbsp;CostTempCopy
<LI><a href="#[ad]">&gt;&gt;</a>&nbsp;&nbsp;&nbsp;ShakeReqProc
<LI><a href="#[b3]">&gt;&gt;</a>&nbsp;&nbsp;&nbsp;BtSetChargerSn
<LI><a href="#[b4]">&gt;&gt;</a>&nbsp;&nbsp;&nbsp;BtSetChargerDeviceId
<LI><a href="#[9c]">&gt;&gt;</a>&nbsp;&nbsp;&nbsp;BlueDevRegisterACK
<LI><a href="#[9a]">&gt;&gt;</a>&nbsp;&nbsp;&nbsp;BlueCostTemplateUpload
<LI><a href="#[1ba]">&gt;&gt;</a>&nbsp;&nbsp;&nbsp;SendStartUpNotice
<LI><a href="#[1bb]">&gt;&gt;</a>&nbsp;&nbsp;&nbsp;SendRegister
<LI><a href="#[e4]">&gt;&gt;</a>&nbsp;&nbsp;&nbsp;SendEventNotice
<LI><a href="#[c8]">&gt;&gt;</a>&nbsp;&nbsp;&nbsp;BlueUpLoadHistoryOrder
<LI><a href="#[b6]">&gt;&gt;</a>&nbsp;&nbsp;&nbsp;BlueRegister
<LI><a href="#[1b2]">&gt;&gt;</a>&nbsp;&nbsp;&nbsp;LoadSysCfgInfo
<LI><a href="#[1d2]">&gt;&gt;</a>&nbsp;&nbsp;&nbsp;TestDataHandle
<LI><a href="#[1d4]">&gt;&gt;</a>&nbsp;&nbsp;&nbsp;SendFwInfo
<LI><a href="#[1ed]">&gt;&gt;</a>&nbsp;&nbsp;&nbsp;SendChargerInfo
<LI><a href="#[1de]">&gt;&gt;</a>&nbsp;&nbsp;&nbsp;PutOut485NetPkt
<LI><a href="#[1cf]">&gt;&gt;</a>&nbsp;&nbsp;&nbsp;PktRecvProc
<LI><a href="#[1c4]">&gt;&gt;</a>&nbsp;&nbsp;&nbsp;MakeTradeInfo
<LI><a href="#[15a]">&gt;&gt;</a>&nbsp;&nbsp;&nbsp;HT7017_Read
<LI><a href="#[17b]">&gt;&gt;</a>&nbsp;&nbsp;&nbsp;SendTestPktAck
<LI><a href="#[1e2]">&gt;&gt;</a>&nbsp;&nbsp;&nbsp;SendCardAuthReq
<LI><a href="#[1e4]">&gt;&gt;</a>&nbsp;&nbsp;&nbsp;WriteToCardBlock
<LI><a href="#[161]">&gt;&gt;</a>&nbsp;&nbsp;&nbsp;WholeModuleHandle
<LI><a href="#[fd]">&gt;&gt;</a>&nbsp;&nbsp;&nbsp;SetBtName
<LI><a href="#[207]">&gt;&gt;</a>&nbsp;&nbsp;&nbsp;SendCkbPcbSn
<LI><a href="#[128]">&gt;&gt;</a>&nbsp;&nbsp;&nbsp;ReadPayCardBlock9Handle
<LI><a href="#[129]">&gt;&gt;</a>&nbsp;&nbsp;&nbsp;ReadPayCardBlock8Handle
<LI><a href="#[e7]">&gt;&gt;</a>&nbsp;&nbsp;&nbsp;ReadCardNumReq
<LI><a href="#[eb]">&gt;&gt;</a>&nbsp;&nbsp;&nbsp;MiYaoCardReadIDHandle
<LI><a href="#[e5]">&gt;&gt;</a>&nbsp;&nbsp;&nbsp;CardModuleHandle
<LI><a href="#[135]">&gt;&gt;</a>&nbsp;&nbsp;&nbsp;GprsSendCmdChkNoSpace
<LI><a href="#[13c]">&gt;&gt;</a>&nbsp;&nbsp;&nbsp;GetCcidSn
<LI><a href="#[f7]">&gt;&gt;</a>&nbsp;&nbsp;&nbsp;RecoverInfo
<LI><a href="#[1f6]">&gt;&gt;</a>&nbsp;&nbsp;&nbsp;SetUpgradeInfo
<LI><a href="#[208]">&gt;&gt;</a>&nbsp;&nbsp;&nbsp;SendTradeRecordNotice
<LI><a href="#[20c]">&gt;&gt;</a>&nbsp;&nbsp;&nbsp;SendStartChargingNotice
<LI><a href="#[205]">&gt;&gt;</a>&nbsp;&nbsp;&nbsp;SendProtoPkt
<LI><a href="#[1ee]">&gt;&gt;</a>&nbsp;&nbsp;&nbsp;RecvServerData
<LI><a href="#[1c3]">&gt;&gt;</a>&nbsp;&nbsp;&nbsp;MakeGunHearBeatInfo
</UL>

<P><STRONG><a name="[125]"></a>__aeabi_memcpy4</STRONG> (Thumb, 0 bytes, Stack size 8 bytes, memmovea.o(.text))
<BR><BR>[Stack]<UL><LI>Max Depth = 8<LI>Call Chain = __aeabi_memcpy4
</UL>
<BR>[Called By]<UL><LI><a href="#[27b]">&gt;&gt;</a>&nbsp;&nbsp;&nbsp;readVol
<LI><a href="#[27c]">&gt;&gt;</a>&nbsp;&nbsp;&nbsp;readPow
<LI><a href="#[27d]">&gt;&gt;</a>&nbsp;&nbsp;&nbsp;readCur
<LI><a href="#[123]">&gt;&gt;</a>&nbsp;&nbsp;&nbsp;EmuMatrixInit
<LI><a href="#[224]">&gt;&gt;</a>&nbsp;&nbsp;&nbsp;UiDisplay_PosData
</UL>

<P><STRONG><a name="[20b]"></a>__aeabi_memmove</STRONG> (Thumb, 0 bytes, Stack size 8 bytes, memmovea.o(.text))
<BR><BR>[Stack]<UL><LI>Max Depth = 8<LI>Call Chain = __aeabi_memmove
</UL>
<BR>[Called By]<UL><LI><a href="#[205]">&gt;&gt;</a>&nbsp;&nbsp;&nbsp;SendProtoPkt
</UL>

<P><STRONG><a name="[28b]"></a>__aeabi_memmove4</STRONG> (Thumb, 0 bytes, Stack size 8 bytes, memmovea.o(.text), UNUSED)

<P><STRONG><a name="[28c]"></a>__aeabi_memmove8</STRONG> (Thumb, 0 bytes, Stack size 8 bytes, memmovea.o(.text), UNUSED)

<P><STRONG><a name="[63]"></a>__aeabi_memset</STRONG> (Thumb, 14 bytes, Stack size 0 bytes, memseta.o(.text))
<BR><BR>[Called By]<UL><LI><a href="#[274]">&gt;&gt;</a>&nbsp;&nbsp;&nbsp;prvInitialiseNewTask
<LI><a href="#[64]">&gt;&gt;</a>&nbsp;&nbsp;&nbsp;_memset$wrapper
<LI><a href="#[62]">&gt;&gt;</a>&nbsp;&nbsp;&nbsp;__aeabi_memclr
</UL>

<P><STRONG><a name="[28d]"></a>__aeabi_memset4</STRONG> (Thumb, 0 bytes, Stack size 0 bytes, memseta.o(.text), UNUSED)

<P><STRONG><a name="[28e]"></a>__aeabi_memset8</STRONG> (Thumb, 0 bytes, Stack size 0 bytes, memseta.o(.text), UNUSED)

<P><STRONG><a name="[62]"></a>__aeabi_memclr</STRONG> (Thumb, 4 bytes, Stack size 0 bytes, memseta.o(.text))
<BR><BR>[Calls]<UL><LI><a href="#[63]">&gt;&gt;</a>&nbsp;&nbsp;&nbsp;__aeabi_memset
</UL>
<BR>[Called By]<UL><LI><a href="#[c5]">&gt;&gt;</a>&nbsp;&nbsp;&nbsp;StartCharging
<LI><a href="#[ad]">&gt;&gt;</a>&nbsp;&nbsp;&nbsp;ShakeReqProc
<LI><a href="#[b3]">&gt;&gt;</a>&nbsp;&nbsp;&nbsp;BtSetChargerSn
<LI><a href="#[3a]">&gt;&gt;</a>&nbsp;&nbsp;&nbsp;emuTask
<LI><a href="#[1b4]">&gt;&gt;</a>&nbsp;&nbsp;&nbsp;SimuartInit
<LI><a href="#[1ba]">&gt;&gt;</a>&nbsp;&nbsp;&nbsp;SendStartUpNotice
<LI><a href="#[1bb]">&gt;&gt;</a>&nbsp;&nbsp;&nbsp;SendRegister
<LI><a href="#[e4]">&gt;&gt;</a>&nbsp;&nbsp;&nbsp;SendEventNotice
<LI><a href="#[39]">&gt;&gt;</a>&nbsp;&nbsp;&nbsp;CkbTask
<LI><a href="#[b6]">&gt;&gt;</a>&nbsp;&nbsp;&nbsp;BlueRegister
<LI><a href="#[1b3]">&gt;&gt;</a>&nbsp;&nbsp;&nbsp;SysCfgInit
<LI><a href="#[1b2]">&gt;&gt;</a>&nbsp;&nbsp;&nbsp;LoadSysCfgInfo
<LI><a href="#[1d2]">&gt;&gt;</a>&nbsp;&nbsp;&nbsp;TestDataHandle
<LI><a href="#[1cf]">&gt;&gt;</a>&nbsp;&nbsp;&nbsp;PktRecvProc
<LI><a href="#[1e2]">&gt;&gt;</a>&nbsp;&nbsp;&nbsp;SendCardAuthReq
<LI><a href="#[21e]">&gt;&gt;</a>&nbsp;&nbsp;&nbsp;StrToHex
<LI><a href="#[130]">&gt;&gt;</a>&nbsp;&nbsp;&nbsp;FtpGet
<LI><a href="#[208]">&gt;&gt;</a>&nbsp;&nbsp;&nbsp;SendTradeRecordNotice
<LI><a href="#[1f4]">&gt;&gt;</a>&nbsp;&nbsp;&nbsp;SendStopChargingAck
<LI><a href="#[20c]">&gt;&gt;</a>&nbsp;&nbsp;&nbsp;SendStartChargingNotice
<LI><a href="#[1f3]">&gt;&gt;</a>&nbsp;&nbsp;&nbsp;SendStartChargingAck
<LI><a href="#[117]">&gt;&gt;</a>&nbsp;&nbsp;&nbsp;SendReqCostTemplate
<LI><a href="#[164]">&gt;&gt;</a>&nbsp;&nbsp;&nbsp;SendHeartBeatFun
<LI><a href="#[115]">&gt;&gt;</a>&nbsp;&nbsp;&nbsp;SendCostTemplateAck
<LI><a href="#[182]">&gt;&gt;</a>&nbsp;&nbsp;&nbsp;UiKeyHandle_InputDeviceId
<LI><a href="#[181]">&gt;&gt;</a>&nbsp;&nbsp;&nbsp;UiKeyHandle_InputChargerSn
</UL>

<P><STRONG><a name="[98]"></a>__aeabi_memclr4</STRONG> (Thumb, 0 bytes, Stack size 0 bytes, memseta.o(.text))
<BR><BR>[Called By]<UL><LI><a href="#[a5]">&gt;&gt;</a>&nbsp;&nbsp;&nbsp;Upgrade_Init
<LI><a href="#[c6]">&gt;&gt;</a>&nbsp;&nbsp;&nbsp;StopCharging
<LI><a href="#[9a]">&gt;&gt;</a>&nbsp;&nbsp;&nbsp;BlueCostTemplateUpload
<LI><a href="#[97]">&gt;&gt;</a>&nbsp;&nbsp;&nbsp;BlueCostTemplateReq
<LI><a href="#[3a]">&gt;&gt;</a>&nbsp;&nbsp;&nbsp;emuTask
<LI><a href="#[254]">&gt;&gt;</a>&nbsp;&nbsp;&nbsp;UsartInit
<LI><a href="#[151]">&gt;&gt;</a>&nbsp;&nbsp;&nbsp;GprsSocketStateCheck
<LI><a href="#[39]">&gt;&gt;</a>&nbsp;&nbsp;&nbsp;CkbTask
<LI><a href="#[c8]">&gt;&gt;</a>&nbsp;&nbsp;&nbsp;BlueUpLoadHistoryOrder
<LI><a href="#[ba]">&gt;&gt;</a>&nbsp;&nbsp;&nbsp;BlueSendHeartBeat
<LI><a href="#[b6]">&gt;&gt;</a>&nbsp;&nbsp;&nbsp;BlueRegister
<LI><a href="#[3d]">&gt;&gt;</a>&nbsp;&nbsp;&nbsp;MainTask
<LI><a href="#[1b2]">&gt;&gt;</a>&nbsp;&nbsp;&nbsp;LoadSysCfgInfo
<LI><a href="#[1d2]">&gt;&gt;</a>&nbsp;&nbsp;&nbsp;TestDataHandle
<LI><a href="#[1e8]">&gt;&gt;</a>&nbsp;&nbsp;&nbsp;clearKeyBuf
<LI><a href="#[17b]">&gt;&gt;</a>&nbsp;&nbsp;&nbsp;SendTestPktAck
<LI><a href="#[f0]">&gt;&gt;</a>&nbsp;&nbsp;&nbsp;WritePayCardHandle
<LI><a href="#[152]">&gt;&gt;</a>&nbsp;&nbsp;&nbsp;SOCKET_open_set
<LI><a href="#[148]">&gt;&gt;</a>&nbsp;&nbsp;&nbsp;GprsCheckRes
<LI><a href="#[20a]">&gt;&gt;</a>&nbsp;&nbsp;&nbsp;SocketSendData
<LI><a href="#[130]">&gt;&gt;</a>&nbsp;&nbsp;&nbsp;FtpGet
<LI><a href="#[1f6]">&gt;&gt;</a>&nbsp;&nbsp;&nbsp;SetUpgradeInfo
<LI><a href="#[147]">&gt;&gt;</a>&nbsp;&nbsp;&nbsp;GetTimeStamp
</UL>

<P><STRONG><a name="[28f]"></a>__aeabi_memclr8</STRONG> (Thumb, 0 bytes, Stack size 0 bytes, memseta.o(.text), UNUSED)

<P><STRONG><a name="[64]"></a>_memset$wrapper</STRONG> (Thumb, 18 bytes, Stack size 8 bytes, memseta.o(.text), UNUSED)
<BR><BR>[Calls]<UL><LI><a href="#[63]">&gt;&gt;</a>&nbsp;&nbsp;&nbsp;__aeabi_memset
</UL>

<P><STRONG><a name="[119]"></a>strcat</STRONG> (Thumb, 24 bytes, Stack size 0 bytes, strcat.o(.text))
<BR><BR>[Called By]<UL><LI><a href="#[fc]">&gt;&gt;</a>&nbsp;&nbsp;&nbsp;DeviceBcd2str
</UL>

<P><STRONG><a name="[138]"></a>strstr</STRONG> (Thumb, 40 bytes, Stack size 12 bytes, strstr.o(.text))
<BR><BR>[Stack]<UL><LI>Max Depth = 12<LI>Call Chain = strstr
</UL>
<BR>[Called By]<UL><LI><a href="#[161]">&gt;&gt;</a>&nbsp;&nbsp;&nbsp;WholeModuleHandle
<LI><a href="#[136]">&gt;&gt;</a>&nbsp;&nbsp;&nbsp;restoi
<LI><a href="#[135]">&gt;&gt;</a>&nbsp;&nbsp;&nbsp;GprsSendCmdChkNoSpace
<LI><a href="#[149]">&gt;&gt;</a>&nbsp;&nbsp;&nbsp;GprsCmdChkNoSpace
<LI><a href="#[148]">&gt;&gt;</a>&nbsp;&nbsp;&nbsp;GprsCheckRes
<LI><a href="#[144]">&gt;&gt;</a>&nbsp;&nbsp;&nbsp;GetSocketState
<LI><a href="#[130]">&gt;&gt;</a>&nbsp;&nbsp;&nbsp;FtpGet
</UL>

<P><STRONG><a name="[133]"></a>strncpy</STRONG> (Thumb, 26 bytes, Stack size 8 bytes, strncpy.o(.text))
<BR><BR>[Stack]<UL><LI>Max Depth = 8<LI>Call Chain = strncpy
</UL>
<BR>[Called By]<UL><LI><a href="#[130]">&gt;&gt;</a>&nbsp;&nbsp;&nbsp;FtpGet
</UL>

<P><STRONG><a name="[132]"></a>strchr</STRONG> (Thumb, 20 bytes, Stack size 0 bytes, strchr.o(.text))
<BR><BR>[Called By]<UL><LI><a href="#[130]">&gt;&gt;</a>&nbsp;&nbsp;&nbsp;FtpGet
</UL>

<P><STRONG><a name="[134]"></a>strlen</STRONG> (Thumb, 14 bytes, Stack size 0 bytes, strlen.o(.text))
<BR><BR>[Called By]<UL><LI><a href="#[e4]">&gt;&gt;</a>&nbsp;&nbsp;&nbsp;SendEventNotice
<LI><a href="#[131]">&gt;&gt;</a>&nbsp;&nbsp;&nbsp;GprsSendCmd
<LI><a href="#[14a]">&gt;&gt;</a>&nbsp;&nbsp;&nbsp;trim
<LI><a href="#[136]">&gt;&gt;</a>&nbsp;&nbsp;&nbsp;restoi
<LI><a href="#[135]">&gt;&gt;</a>&nbsp;&nbsp;&nbsp;GprsSendCmdChkNoSpace
<LI><a href="#[13c]">&gt;&gt;</a>&nbsp;&nbsp;&nbsp;GetCcidSn
<LI><a href="#[130]">&gt;&gt;</a>&nbsp;&nbsp;&nbsp;FtpGet
</UL>

<P><STRONG><a name="[c2]"></a>memcmp</STRONG> (Thumb, 26 bytes, Stack size 12 bytes, memcmp.o(.text))
<BR><BR>[Stack]<UL><LI>Max Depth = 12<LI>Call Chain = memcmp
</UL>
<BR>[Called By]<UL><LI><a href="#[b3]">&gt;&gt;</a>&nbsp;&nbsp;&nbsp;BtSetChargerSn
<LI><a href="#[b0]">&gt;&gt;</a>&nbsp;&nbsp;&nbsp;BlueStopCharging
<LI><a href="#[af]">&gt;&gt;</a>&nbsp;&nbsp;&nbsp;BlueStartCharging
<LI><a href="#[3d]">&gt;&gt;</a>&nbsp;&nbsp;&nbsp;MainTask
<LI><a href="#[1d2]">&gt;&gt;</a>&nbsp;&nbsp;&nbsp;TestDataHandle
<LI><a href="#[1cf]">&gt;&gt;</a>&nbsp;&nbsp;&nbsp;PktRecvProc
<LI><a href="#[161]">&gt;&gt;</a>&nbsp;&nbsp;&nbsp;WholeModuleHandle
<LI><a href="#[f2]">&gt;&gt;</a>&nbsp;&nbsp;&nbsp;ReadPayCardIDHandle
<LI><a href="#[128]">&gt;&gt;</a>&nbsp;&nbsp;&nbsp;ReadPayCardBlock9Handle
<LI><a href="#[129]">&gt;&gt;</a>&nbsp;&nbsp;&nbsp;ReadPayCardBlock8Handle
<LI><a href="#[eb]">&gt;&gt;</a>&nbsp;&nbsp;&nbsp;MiYaoCardReadIDHandle
<LI><a href="#[127]">&gt;&gt;</a>&nbsp;&nbsp;&nbsp;EntranceGuardPayCardReadIDHandle
<LI><a href="#[fb]">&gt;&gt;</a>&nbsp;&nbsp;&nbsp;CheckBlueInfo
<LI><a href="#[f7]">&gt;&gt;</a>&nbsp;&nbsp;&nbsp;RecoverInfo
<LI><a href="#[130]">&gt;&gt;</a>&nbsp;&nbsp;&nbsp;FtpGet
<LI><a href="#[1ee]">&gt;&gt;</a>&nbsp;&nbsp;&nbsp;RecvServerData
<LI><a href="#[1da]">&gt;&gt;</a>&nbsp;&nbsp;&nbsp;ProcChargerInfo
<LI><a href="#[17d]">&gt;&gt;</a>&nbsp;&nbsp;&nbsp;UiKeyHandle_Standby
</UL>

<P><STRONG><a name="[146]"></a>strncmp</STRONG> (Thumb, 30 bytes, Stack size 12 bytes, strncmp.o(.text))
<BR><BR>[Stack]<UL><LI>Max Depth = 12<LI>Call Chain = strncmp
</UL>
<BR>[Called By]<UL><LI><a href="#[144]">&gt;&gt;</a>&nbsp;&nbsp;&nbsp;GetSocketState
</UL>

<P><STRONG><a name="[145]"></a>strtok</STRONG> (Thumb, 68 bytes, Stack size 16 bytes, strtok.o(.text))
<BR><BR>[Stack]<UL><LI>Max Depth = 16<LI>Call Chain = strtok
</UL>
<BR>[Called By]<UL><LI><a href="#[144]">&gt;&gt;</a>&nbsp;&nbsp;&nbsp;GetSocketState
</UL>

<P><STRONG><a name="[93]"></a>__aeabi_uread4</STRONG> (Thumb, 20 bytes, Stack size 0 bytes, uread4.o(.text))
<BR><BR>[Called By]<UL><LI><a href="#[a1]">&gt;&gt;</a>&nbsp;&nbsp;&nbsp;Upgrade_Write
<LI><a href="#[c6]">&gt;&gt;</a>&nbsp;&nbsp;&nbsp;StopCharging
<LI><a href="#[c5]">&gt;&gt;</a>&nbsp;&nbsp;&nbsp;StartCharging
<LI><a href="#[a8]">&gt;&gt;</a>&nbsp;&nbsp;&nbsp;Remove_RecordOrder
<LI><a href="#[94]">&gt;&gt;</a>&nbsp;&nbsp;&nbsp;CostTempCopy
<LI><a href="#[ad]">&gt;&gt;</a>&nbsp;&nbsp;&nbsp;ShakeReqProc
<LI><a href="#[e1]">&gt;&gt;</a>&nbsp;&nbsp;&nbsp;BtSetPullGunTime
<LI><a href="#[e0]">&gt;&gt;</a>&nbsp;&nbsp;&nbsp;BtSetFullTime
<LI><a href="#[d9]">&gt;&gt;</a>&nbsp;&nbsp;&nbsp;BtSetChargeChangePower
<LI><a href="#[d6]">&gt;&gt;</a>&nbsp;&nbsp;&nbsp;BtRemoCtrlPrint
<LI><a href="#[d4]">&gt;&gt;</a>&nbsp;&nbsp;&nbsp;BtRemoCtrlOpenGun
<LI><a href="#[d1]">&gt;&gt;</a>&nbsp;&nbsp;&nbsp;BtRemoCtrlCloseGun
<LI><a href="#[c1]">&gt;&gt;</a>&nbsp;&nbsp;&nbsp;BlueSendStopChargingAck
<LI><a href="#[c0]">&gt;&gt;</a>&nbsp;&nbsp;&nbsp;BlueSendStartChargingAck
<LI><a href="#[b1]">&gt;&gt;</a>&nbsp;&nbsp;&nbsp;BlueSendCostTemplate
<LI><a href="#[a7]">&gt;&gt;</a>&nbsp;&nbsp;&nbsp;BlueHistoryOrderEnsure
<LI><a href="#[a3]">&gt;&gt;</a>&nbsp;&nbsp;&nbsp;BlueFWUpgradeNotice
<LI><a href="#[9a]">&gt;&gt;</a>&nbsp;&nbsp;&nbsp;BlueCostTemplateUpload
<LI><a href="#[97]">&gt;&gt;</a>&nbsp;&nbsp;&nbsp;BlueCostTemplateReq
<LI><a href="#[91]">&gt;&gt;</a>&nbsp;&nbsp;&nbsp;BlueCostTemplateDown
<LI><a href="#[1bc]">&gt;&gt;</a>&nbsp;&nbsp;&nbsp;StartChargingSend
<LI><a href="#[113]">&gt;&gt;</a>&nbsp;&nbsp;&nbsp;ShowCostTemplate
<LI><a href="#[1b9]">&gt;&gt;</a>&nbsp;&nbsp;&nbsp;RestoreGunStatus
<LI><a href="#[fa]">&gt;&gt;</a>&nbsp;&nbsp;&nbsp;ChargingProc
<LI><a href="#[f8]">&gt;&gt;</a>&nbsp;&nbsp;&nbsp;ChargingCtrlProc
<LI><a href="#[c8]">&gt;&gt;</a>&nbsp;&nbsp;&nbsp;BlueUpLoadHistoryOrder
<LI><a href="#[1d8]">&gt;&gt;</a>&nbsp;&nbsp;&nbsp;RecvAckProc
<LI><a href="#[1c4]">&gt;&gt;</a>&nbsp;&nbsp;&nbsp;MakeTradeInfo
<LI><a href="#[128]">&gt;&gt;</a>&nbsp;&nbsp;&nbsp;ReadPayCardBlock9Handle
<LI><a href="#[129]">&gt;&gt;</a>&nbsp;&nbsp;&nbsp;ReadPayCardBlock8Handle
<LI><a href="#[f7]">&gt;&gt;</a>&nbsp;&nbsp;&nbsp;RecoverInfo
<LI><a href="#[f9]">&gt;&gt;</a>&nbsp;&nbsp;&nbsp;GunChargingProc
<LI><a href="#[130]">&gt;&gt;</a>&nbsp;&nbsp;&nbsp;FtpGet
<LI><a href="#[1f6]">&gt;&gt;</a>&nbsp;&nbsp;&nbsp;SetUpgradeInfo
<LI><a href="#[1fd]">&gt;&gt;</a>&nbsp;&nbsp;&nbsp;SetPullGunStopTime
<LI><a href="#[1fe]">&gt;&gt;</a>&nbsp;&nbsp;&nbsp;SetPullGunStop
<LI><a href="#[1ff]">&gt;&gt;</a>&nbsp;&nbsp;&nbsp;SetPrintfSwitch
<LI><a href="#[1fc]">&gt;&gt;</a>&nbsp;&nbsp;&nbsp;SetChargingTime
<LI><a href="#[200]">&gt;&gt;</a>&nbsp;&nbsp;&nbsp;SetChargerFullStop
<LI><a href="#[208]">&gt;&gt;</a>&nbsp;&nbsp;&nbsp;SendTradeRecordNotice
<LI><a href="#[20c]">&gt;&gt;</a>&nbsp;&nbsp;&nbsp;SendStartChargingNotice
<LI><a href="#[1fa]">&gt;&gt;</a>&nbsp;&nbsp;&nbsp;RemoteCloseGun
<LI><a href="#[1f8]">&gt;&gt;</a>&nbsp;&nbsp;&nbsp;RemoSetChargeChangePower
<LI><a href="#[1ee]">&gt;&gt;</a>&nbsp;&nbsp;&nbsp;RecvServerData
</UL>

<P><STRONG><a name="[290]"></a>__rt_uread4</STRONG> (Thumb, 0 bytes, Stack size 0 bytes, uread4.o(.text), UNUSED)

<P><STRONG><a name="[291]"></a>_uread4</STRONG> (Thumb, 0 bytes, Stack size 0 bytes, uread4.o(.text), UNUSED)

<P><STRONG><a name="[99]"></a>__aeabi_uwrite4</STRONG> (Thumb, 18 bytes, Stack size 0 bytes, uwrite4.o(.text))
<BR><BR>[Called By]<UL><LI><a href="#[c6]">&gt;&gt;</a>&nbsp;&nbsp;&nbsp;StopCharging
<LI><a href="#[c5]">&gt;&gt;</a>&nbsp;&nbsp;&nbsp;StartCharging
<LI><a href="#[94]">&gt;&gt;</a>&nbsp;&nbsp;&nbsp;CostTempCopy
<LI><a href="#[b3]">&gt;&gt;</a>&nbsp;&nbsp;&nbsp;BtSetChargerSn
<LI><a href="#[c1]">&gt;&gt;</a>&nbsp;&nbsp;&nbsp;BlueSendStopChargingAck
<LI><a href="#[c0]">&gt;&gt;</a>&nbsp;&nbsp;&nbsp;BlueSendStartChargingAck
<LI><a href="#[a7]">&gt;&gt;</a>&nbsp;&nbsp;&nbsp;BlueHistoryOrderEnsure
<LI><a href="#[9a]">&gt;&gt;</a>&nbsp;&nbsp;&nbsp;BlueCostTemplateUpload
<LI><a href="#[97]">&gt;&gt;</a>&nbsp;&nbsp;&nbsp;BlueCostTemplateReq
<LI><a href="#[e4]">&gt;&gt;</a>&nbsp;&nbsp;&nbsp;SendEventNotice
<LI><a href="#[f8]">&gt;&gt;</a>&nbsp;&nbsp;&nbsp;ChargingCtrlProc
<LI><a href="#[c8]">&gt;&gt;</a>&nbsp;&nbsp;&nbsp;BlueUpLoadHistoryOrder
<LI><a href="#[1cf]">&gt;&gt;</a>&nbsp;&nbsp;&nbsp;PktRecvProc
<LI><a href="#[1c4]">&gt;&gt;</a>&nbsp;&nbsp;&nbsp;MakeTradeInfo
<LI><a href="#[1e2]">&gt;&gt;</a>&nbsp;&nbsp;&nbsp;SendCardAuthReq
<LI><a href="#[129]">&gt;&gt;</a>&nbsp;&nbsp;&nbsp;ReadPayCardBlock8Handle
<LI><a href="#[130]">&gt;&gt;</a>&nbsp;&nbsp;&nbsp;FtpGet
<LI><a href="#[208]">&gt;&gt;</a>&nbsp;&nbsp;&nbsp;SendTradeRecordNotice
<LI><a href="#[20c]">&gt;&gt;</a>&nbsp;&nbsp;&nbsp;SendStartChargingNotice
<LI><a href="#[205]">&gt;&gt;</a>&nbsp;&nbsp;&nbsp;SendProtoPkt
</UL>

<P><STRONG><a name="[292]"></a>__rt_uwrite4</STRONG> (Thumb, 0 bytes, Stack size 0 bytes, uwrite4.o(.text), UNUSED)

<P><STRONG><a name="[293]"></a>_uwrite4</STRONG> (Thumb, 0 bytes, Stack size 0 bytes, uwrite4.o(.text), UNUSED)

<P><STRONG><a name="[65]"></a>__0sscanf</STRONG> (Thumb, 50 bytes, Stack size 72 bytes, __0sscanf.o(.text))
<BR><BR>[Stack]<UL><LI>Max Depth = 208<LI>Call Chain = __0sscanf &rArr; __vfscanf_char &rArr; __vfscanf &rArr; _scanf_string
</UL>
<BR>[Calls]<UL><LI><a href="#[66]">&gt;&gt;</a>&nbsp;&nbsp;&nbsp;__vfscanf_char
</UL>
<BR>[Called By]<UL><LI><a href="#[144]">&gt;&gt;</a>&nbsp;&nbsp;&nbsp;GetSocketState
</UL>

<P><STRONG><a name="[88]"></a>_scanf_string</STRONG> (Thumb, 232 bytes, Stack size 48 bytes, _scanf_str.o(.text))
<BR><BR>[Stack]<UL><LI>Max Depth = 48<LI>Call Chain = _scanf_string
</UL>
<BR>[Called By]<UL><LI><a href="#[80]">&gt;&gt;</a>&nbsp;&nbsp;&nbsp;__vfscanf
</UL>

<P><STRONG><a name="[67]"></a>atoi</STRONG> (Thumb, 26 bytes, Stack size 16 bytes, atoi.o(.text))
<BR><BR>[Stack]<UL><LI>Max Depth = 88<LI>Call Chain = atoi &rArr; strtol &rArr; _strtoul
</UL>
<BR>[Calls]<UL><LI><a href="#[69]">&gt;&gt;</a>&nbsp;&nbsp;&nbsp;strtol
<LI><a href="#[68]">&gt;&gt;</a>&nbsp;&nbsp;&nbsp;__aeabi_errno_addr
</UL>
<BR>[Called By]<UL><LI><a href="#[136]">&gt;&gt;</a>&nbsp;&nbsp;&nbsp;restoi
<LI><a href="#[148]">&gt;&gt;</a>&nbsp;&nbsp;&nbsp;GprsCheckRes
</UL>

<P><STRONG><a name="[6a]"></a>__aeabi_fadd</STRONG> (Thumb, 162 bytes, Stack size 24 bytes, fadd.o(.text))
<BR><BR>[Stack]<UL><LI>Max Depth = 36<LI>Call Chain = __aeabi_fadd &rArr; _float_epilogue
</UL>
<BR>[Calls]<UL><LI><a href="#[6c]">&gt;&gt;</a>&nbsp;&nbsp;&nbsp;_float_round
<LI><a href="#[6b]">&gt;&gt;</a>&nbsp;&nbsp;&nbsp;_float_epilogue
</UL>
<BR>[Called By]<UL><LI><a href="#[6e]">&gt;&gt;</a>&nbsp;&nbsp;&nbsp;__aeabi_frsub
<LI><a href="#[265]">&gt;&gt;</a>&nbsp;&nbsp;&nbsp;matprod
<LI><a href="#[90]">&gt;&gt;</a>&nbsp;&nbsp;&nbsp;invNxN
<LI><a href="#[21]">&gt;&gt;</a>&nbsp;&nbsp;&nbsp;TIMER_2_IRQHandler
<LI><a href="#[6d]">&gt;&gt;</a>&nbsp;&nbsp;&nbsp;__aeabi_fsub
</UL>

<P><STRONG><a name="[6d]"></a>__aeabi_fsub</STRONG> (Thumb, 8 bytes, Stack size 0 bytes, fadd.o(.text), UNUSED)
<BR><BR>[Calls]<UL><LI><a href="#[6a]">&gt;&gt;</a>&nbsp;&nbsp;&nbsp;__aeabi_fadd
</UL>

<P><STRONG><a name="[6e]"></a>__aeabi_frsub</STRONG> (Thumb, 8 bytes, Stack size 0 bytes, fadd.o(.text))
<BR><BR>[Stack]<UL><LI>Max Depth = 36<LI>Call Chain = __aeabi_frsub &rArr; __aeabi_fadd &rArr; _float_epilogue
</UL>
<BR>[Calls]<UL><LI><a href="#[6a]">&gt;&gt;</a>&nbsp;&nbsp;&nbsp;__aeabi_fadd
</UL>
<BR>[Called By]<UL><LI><a href="#[90]">&gt;&gt;</a>&nbsp;&nbsp;&nbsp;invNxN
</UL>

<P><STRONG><a name="[261]"></a>__aeabi_fmul</STRONG> (Thumb, 122 bytes, Stack size 16 bytes, fmul.o(.text))
<BR><BR>[Stack]<UL><LI>Max Depth = 16<LI>Call Chain = __aeabi_fmul
</UL>
<BR>[Called By]<UL><LI><a href="#[27b]">&gt;&gt;</a>&nbsp;&nbsp;&nbsp;readVol
<LI><a href="#[27c]">&gt;&gt;</a>&nbsp;&nbsp;&nbsp;readPow
<LI><a href="#[27d]">&gt;&gt;</a>&nbsp;&nbsp;&nbsp;readCur
<LI><a href="#[25c]">&gt;&gt;</a>&nbsp;&nbsp;&nbsp;readAlldata
<LI><a href="#[265]">&gt;&gt;</a>&nbsp;&nbsp;&nbsp;matprod
<LI><a href="#[90]">&gt;&gt;</a>&nbsp;&nbsp;&nbsp;invNxN
</UL>

<P><STRONG><a name="[6f]"></a>__aeabi_fdiv</STRONG> (Thumb, 124 bytes, Stack size 16 bytes, fdiv.o(.text))
<BR><BR>[Stack]<UL><LI>Max Depth = 16<LI>Call Chain = __aeabi_fdiv
</UL>
<BR>[Calls]<UL><LI><a href="#[6c]">&gt;&gt;</a>&nbsp;&nbsp;&nbsp;_float_round
</UL>
<BR>[Called By]<UL><LI><a href="#[8c]">&gt;&gt;</a>&nbsp;&nbsp;&nbsp;updateMatrix
<LI><a href="#[25c]">&gt;&gt;</a>&nbsp;&nbsp;&nbsp;readAlldata
<LI><a href="#[90]">&gt;&gt;</a>&nbsp;&nbsp;&nbsp;invNxN
<LI><a href="#[121]">&gt;&gt;</a>&nbsp;&nbsp;&nbsp;ElecHandle
</UL>

<P><STRONG><a name="[70]"></a>__aeabi_dadd</STRONG> (Thumb, 328 bytes, Stack size 48 bytes, dadd.o(.text))
<BR><BR>[Stack]<UL><LI>Max Depth = 104<LI>Call Chain = __aeabi_dadd &rArr; _double_epilogue &rArr; _double_round
</UL>
<BR>[Calls]<UL><LI><a href="#[74]">&gt;&gt;</a>&nbsp;&nbsp;&nbsp;_double_round
<LI><a href="#[73]">&gt;&gt;</a>&nbsp;&nbsp;&nbsp;_double_epilogue
<LI><a href="#[72]">&gt;&gt;</a>&nbsp;&nbsp;&nbsp;__aeabi_lasr
<LI><a href="#[71]">&gt;&gt;</a>&nbsp;&nbsp;&nbsp;__aeabi_llsl
</UL>
<BR>[Called By]<UL><LI><a href="#[27b]">&gt;&gt;</a>&nbsp;&nbsp;&nbsp;readVol
<LI><a href="#[27c]">&gt;&gt;</a>&nbsp;&nbsp;&nbsp;readPow
<LI><a href="#[27d]">&gt;&gt;</a>&nbsp;&nbsp;&nbsp;readCur
<LI><a href="#[76]">&gt;&gt;</a>&nbsp;&nbsp;&nbsp;__aeabi_drsub
<LI><a href="#[75]">&gt;&gt;</a>&nbsp;&nbsp;&nbsp;__aeabi_dsub
</UL>

<P><STRONG><a name="[75]"></a>__aeabi_dsub</STRONG> (Thumb, 12 bytes, Stack size 8 bytes, dadd.o(.text), UNUSED)
<BR><BR>[Calls]<UL><LI><a href="#[70]">&gt;&gt;</a>&nbsp;&nbsp;&nbsp;__aeabi_dadd
</UL>

<P><STRONG><a name="[76]"></a>__aeabi_drsub</STRONG> (Thumb, 12 bytes, Stack size 8 bytes, dadd.o(.text))
<BR><BR>[Stack]<UL><LI>Max Depth = 112<LI>Call Chain = __aeabi_drsub &rArr; __aeabi_dadd &rArr; _double_epilogue &rArr; _double_round
</UL>
<BR>[Calls]<UL><LI><a href="#[70]">&gt;&gt;</a>&nbsp;&nbsp;&nbsp;__aeabi_dadd
</UL>
<BR>[Called By]<UL><LI><a href="#[bc]">&gt;&gt;</a>&nbsp;&nbsp;&nbsp;GetCpuTemp
</UL>

<P><STRONG><a name="[77]"></a>__aeabi_dmul</STRONG> (Thumb, 202 bytes, Stack size 72 bytes, dmul.o(.text))
<BR><BR>[Stack]<UL><LI>Max Depth = 128<LI>Call Chain = __aeabi_dmul &rArr; _double_epilogue &rArr; _double_round
</UL>
<BR>[Calls]<UL><LI><a href="#[73]">&gt;&gt;</a>&nbsp;&nbsp;&nbsp;_double_epilogue
</UL>
<BR>[Called By]<UL><LI><a href="#[bc]">&gt;&gt;</a>&nbsp;&nbsp;&nbsp;GetCpuTemp
</UL>

<P><STRONG><a name="[78]"></a>__aeabi_i2f</STRONG> (Thumb, 22 bytes, Stack size 8 bytes, fflti.o(.text))
<BR><BR>[Stack]<UL><LI>Max Depth = 20<LI>Call Chain = __aeabi_i2f &rArr; _float_epilogue
</UL>
<BR>[Calls]<UL><LI><a href="#[6b]">&gt;&gt;</a>&nbsp;&nbsp;&nbsp;_float_epilogue
</UL>
<BR>[Called By]<UL><LI><a href="#[27b]">&gt;&gt;</a>&nbsp;&nbsp;&nbsp;readVol
<LI><a href="#[27c]">&gt;&gt;</a>&nbsp;&nbsp;&nbsp;readPow
<LI><a href="#[27d]">&gt;&gt;</a>&nbsp;&nbsp;&nbsp;readCur
<LI><a href="#[25c]">&gt;&gt;</a>&nbsp;&nbsp;&nbsp;readAlldata
</UL>

<P><STRONG><a name="[79]"></a>__aeabi_ui2f</STRONG> (Thumb, 14 bytes, Stack size 8 bytes, ffltui.o(.text))
<BR><BR>[Stack]<UL><LI>Max Depth = 20<LI>Call Chain = __aeabi_ui2f &rArr; _float_epilogue
</UL>
<BR>[Calls]<UL><LI><a href="#[6b]">&gt;&gt;</a>&nbsp;&nbsp;&nbsp;_float_epilogue
</UL>
<BR>[Called By]<UL><LI><a href="#[21]">&gt;&gt;</a>&nbsp;&nbsp;&nbsp;TIMER_2_IRQHandler
<LI><a href="#[8a]">&gt;&gt;</a>&nbsp;&nbsp;&nbsp;AutoLearnMatrix
</UL>

<P><STRONG><a name="[7a]"></a>__aeabi_i2d</STRONG> (Thumb, 34 bytes, Stack size 16 bytes, dflti.o(.text))
<BR><BR>[Stack]<UL><LI>Max Depth = 72<LI>Call Chain = __aeabi_i2d &rArr; _double_epilogue &rArr; _double_round
</UL>
<BR>[Calls]<UL><LI><a href="#[73]">&gt;&gt;</a>&nbsp;&nbsp;&nbsp;_double_epilogue
</UL>
<BR>[Called By]<UL><LI><a href="#[bc]">&gt;&gt;</a>&nbsp;&nbsp;&nbsp;GetCpuTemp
</UL>

<P><STRONG><a name="[122]"></a>__aeabi_f2uiz</STRONG> (Thumb, 40 bytes, Stack size 0 bytes, ffixui.o(.text))
<BR><BR>[Called By]<UL><LI><a href="#[25c]">&gt;&gt;</a>&nbsp;&nbsp;&nbsp;readAlldata
<LI><a href="#[8b]">&gt;&gt;</a>&nbsp;&nbsp;&nbsp;IsOneGunCharging
<LI><a href="#[121]">&gt;&gt;</a>&nbsp;&nbsp;&nbsp;ElecHandle
</UL>

<P><STRONG><a name="[7b]"></a>__aeabi_d2iz</STRONG> (Thumb, 62 bytes, Stack size 16 bytes, dfixi.o(.text))
<BR><BR>[Stack]<UL><LI>Max Depth = 24<LI>Call Chain = __aeabi_d2iz &rArr; __aeabi_llsr
</UL>
<BR>[Calls]<UL><LI><a href="#[7c]">&gt;&gt;</a>&nbsp;&nbsp;&nbsp;__aeabi_llsr
</UL>
<BR>[Called By]<UL><LI><a href="#[bc]">&gt;&gt;</a>&nbsp;&nbsp;&nbsp;GetCpuTemp
<LI><a href="#[27b]">&gt;&gt;</a>&nbsp;&nbsp;&nbsp;readVol
<LI><a href="#[27c]">&gt;&gt;</a>&nbsp;&nbsp;&nbsp;readPow
<LI><a href="#[27d]">&gt;&gt;</a>&nbsp;&nbsp;&nbsp;readCur
</UL>

<P><STRONG><a name="[25e]"></a>__aeabi_f2d</STRONG> (Thumb, 40 bytes, Stack size 0 bytes, f2d.o(.text))
<BR><BR>[Called By]<UL><LI><a href="#[27b]">&gt;&gt;</a>&nbsp;&nbsp;&nbsp;readVol
<LI><a href="#[27c]">&gt;&gt;</a>&nbsp;&nbsp;&nbsp;readPow
<LI><a href="#[27d]">&gt;&gt;</a>&nbsp;&nbsp;&nbsp;readCur
<LI><a href="#[90]">&gt;&gt;</a>&nbsp;&nbsp;&nbsp;invNxN
<LI><a href="#[25d]">&gt;&gt;</a>&nbsp;&nbsp;&nbsp;filterValue
</UL>

<P><STRONG><a name="[294]"></a>__aeabi_cdcmpeq</STRONG> (Thumb, 0 bytes, Stack size 0 bytes, cdcmple.o(.text), UNUSED)

<P><STRONG><a name="[25f]"></a>__aeabi_cdcmple</STRONG> (Thumb, 38 bytes, Stack size 0 bytes, cdcmple.o(.text))
<BR><BR>[Called By]<UL><LI><a href="#[25d]">&gt;&gt;</a>&nbsp;&nbsp;&nbsp;filterValue
</UL>

<P><STRONG><a name="[7d]"></a>__aeabi_d2f</STRONG> (Thumb, 56 bytes, Stack size 8 bytes, d2f.o(.text))
<BR><BR>[Stack]<UL><LI>Max Depth = 8<LI>Call Chain = __aeabi_d2f
</UL>
<BR>[Calls]<UL><LI><a href="#[6c]">&gt;&gt;</a>&nbsp;&nbsp;&nbsp;_float_round
</UL>
<BR>[Called By]<UL><LI><a href="#[90]">&gt;&gt;</a>&nbsp;&nbsp;&nbsp;invNxN
</UL>

<P><STRONG><a name="[260]"></a>__aeabi_cfcmpeq</STRONG> (Thumb, 0 bytes, Stack size 0 bytes, cfcmple.o(.text))
<BR><BR>[Called By]<UL><LI><a href="#[25c]">&gt;&gt;</a>&nbsp;&nbsp;&nbsp;readAlldata
<LI><a href="#[90]">&gt;&gt;</a>&nbsp;&nbsp;&nbsp;invNxN
</UL>

<P><STRONG><a name="[295]"></a>__aeabi_cfcmple</STRONG> (Thumb, 20 bytes, Stack size 0 bytes, cfcmple.o(.text), UNUSED)

<P><STRONG><a name="[179]"></a>__aeabi_cfrcmple</STRONG> (Thumb, 20 bytes, Stack size 0 bytes, cfrcmple.o(.text))
<BR><BR>[Called By]<UL><LI><a href="#[25c]">&gt;&gt;</a>&nbsp;&nbsp;&nbsp;readAlldata
<LI><a href="#[90]">&gt;&gt;</a>&nbsp;&nbsp;&nbsp;invNxN
<LI><a href="#[8b]">&gt;&gt;</a>&nbsp;&nbsp;&nbsp;IsOneGunCharging
</UL>

<P><STRONG><a name="[7e]"></a>__aeabi_uldivmod</STRONG> (Thumb, 96 bytes, Stack size 48 bytes, uldiv.o(.text), UNUSED)
<BR><BR>[Calls]<UL><LI><a href="#[7c]">&gt;&gt;</a>&nbsp;&nbsp;&nbsp;__aeabi_llsr
<LI><a href="#[71]">&gt;&gt;</a>&nbsp;&nbsp;&nbsp;__aeabi_llsl
</UL>
<BR>[Called By]<UL><LI><a href="#[256]">&gt;&gt;</a>&nbsp;&nbsp;&nbsp;_printf_core
</UL>

<P><STRONG><a name="[71]"></a>__aeabi_llsl</STRONG> (Thumb, 32 bytes, Stack size 8 bytes, llshl.o(.text))
<BR><BR>[Stack]<UL><LI>Max Depth = 8<LI>Call Chain = __aeabi_llsl
</UL>
<BR>[Called By]<UL><LI><a href="#[70]">&gt;&gt;</a>&nbsp;&nbsp;&nbsp;__aeabi_dadd
<LI><a href="#[73]">&gt;&gt;</a>&nbsp;&nbsp;&nbsp;_double_epilogue
<LI><a href="#[7e]">&gt;&gt;</a>&nbsp;&nbsp;&nbsp;__aeabi_uldivmod
</UL>

<P><STRONG><a name="[296]"></a>_ll_shift_l</STRONG> (Thumb, 0 bytes, Stack size 8 bytes, llshl.o(.text), UNUSED)

<P><STRONG><a name="[7c]"></a>__aeabi_llsr</STRONG> (Thumb, 34 bytes, Stack size 8 bytes, llushr.o(.text))
<BR><BR>[Stack]<UL><LI>Max Depth = 8<LI>Call Chain = __aeabi_llsr
</UL>
<BR>[Called By]<UL><LI><a href="#[7b]">&gt;&gt;</a>&nbsp;&nbsp;&nbsp;__aeabi_d2iz
<LI><a href="#[73]">&gt;&gt;</a>&nbsp;&nbsp;&nbsp;_double_epilogue
<LI><a href="#[7e]">&gt;&gt;</a>&nbsp;&nbsp;&nbsp;__aeabi_uldivmod
</UL>

<P><STRONG><a name="[297]"></a>_ll_ushift_r</STRONG> (Thumb, 0 bytes, Stack size 8 bytes, llushr.o(.text), UNUSED)

<P><STRONG><a name="[72]"></a>__aeabi_lasr</STRONG> (Thumb, 38 bytes, Stack size 8 bytes, llsshr.o(.text))
<BR><BR>[Stack]<UL><LI>Max Depth = 8<LI>Call Chain = __aeabi_lasr
</UL>
<BR>[Called By]<UL><LI><a href="#[70]">&gt;&gt;</a>&nbsp;&nbsp;&nbsp;__aeabi_dadd
</UL>

<P><STRONG><a name="[298]"></a>_ll_sshift_r</STRONG> (Thumb, 0 bytes, Stack size 8 bytes, llsshr.o(.text), UNUSED)

<P><STRONG><a name="[7f]"></a>localtime</STRONG> (Thumb, 10 bytes, Stack size 8 bytes, localtime_w.o(.text))
<BR><BR>[Stack]<UL><LI>Max Depth = 36<LI>Call Chain = localtime &rArr; _localtime &rArr; __aeabi_uidivmod
</UL>
<BR>[Calls]<UL><LI><a href="#[61]">&gt;&gt;</a>&nbsp;&nbsp;&nbsp;_localtime
</UL>
<BR>[Called By]<UL><LI><a href="#[1b1]">&gt;&gt;</a>&nbsp;&nbsp;&nbsp;LinuxTickToDay
</UL>

<P><STRONG><a name="[61]"></a>_localtime</STRONG> (Thumb, 104 bytes, Stack size 16 bytes, localtime_i.o(.text))
<BR><BR>[Stack]<UL><LI>Max Depth = 28<LI>Call Chain = _localtime &rArr; __aeabi_uidivmod
</UL>
<BR>[Calls]<UL><LI><a href="#[5f]">&gt;&gt;</a>&nbsp;&nbsp;&nbsp;__aeabi_uidivmod
</UL>
<BR>[Called By]<UL><LI><a href="#[60]">&gt;&gt;</a>&nbsp;&nbsp;&nbsp;mktime
<LI><a href="#[7f]">&gt;&gt;</a>&nbsp;&nbsp;&nbsp;localtime
</UL>

<P><STRONG><a name="[66]"></a>__vfscanf_char</STRONG> (Thumb, 24 bytes, Stack size 8 bytes, scanf_char.o(.text))
<BR><BR>[Stack]<UL><LI>Max Depth = 136<LI>Call Chain = __vfscanf_char &rArr; __vfscanf &rArr; _scanf_string
</UL>
<BR>[Calls]<UL><LI><a href="#[80]">&gt;&gt;</a>&nbsp;&nbsp;&nbsp;__vfscanf
</UL>
<BR>[Called By]<UL><LI><a href="#[65]">&gt;&gt;</a>&nbsp;&nbsp;&nbsp;__0sscanf
</UL>

<P><STRONG><a name="[33]"></a>_sgetc</STRONG> (Thumb, 32 bytes, Stack size 0 bytes, _sgetc.o(.text))
<BR>[Address Reference Count : 1]<UL><LI> __0sscanf.o(.text)
</UL>
<P><STRONG><a name="[34]"></a>_sbackspace</STRONG> (Thumb, 36 bytes, Stack size 0 bytes, _sgetc.o(.text))
<BR>[Address Reference Count : 1]<UL><LI> __0sscanf.o(.text)
</UL>
<P><STRONG><a name="[69]"></a>strtol</STRONG> (Thumb, 108 bytes, Stack size 32 bytes, strtol.o(.text))
<BR><BR>[Stack]<UL><LI>Max Depth = 72<LI>Call Chain = strtol &rArr; _strtoul
</UL>
<BR>[Calls]<UL><LI><a href="#[82]">&gt;&gt;</a>&nbsp;&nbsp;&nbsp;_strtoul
<LI><a href="#[81]">&gt;&gt;</a>&nbsp;&nbsp;&nbsp;__rt_ctype_table
<LI><a href="#[68]">&gt;&gt;</a>&nbsp;&nbsp;&nbsp;__aeabi_errno_addr
</UL>
<BR>[Called By]<UL><LI><a href="#[67]">&gt;&gt;</a>&nbsp;&nbsp;&nbsp;atoi
</UL>

<P><STRONG><a name="[299]"></a>__I$use$fp</STRONG> (Thumb, 0 bytes, Stack size 0 bytes, iusefp.o(.text), UNUSED)

<P><STRONG><a name="[6c]"></a>_float_round</STRONG> (Thumb, 16 bytes, Stack size 0 bytes, fepilogue.o(.text))
<BR><BR>[Called By]<UL><LI><a href="#[6f]">&gt;&gt;</a>&nbsp;&nbsp;&nbsp;__aeabi_fdiv
<LI><a href="#[6a]">&gt;&gt;</a>&nbsp;&nbsp;&nbsp;__aeabi_fadd
<LI><a href="#[7d]">&gt;&gt;</a>&nbsp;&nbsp;&nbsp;__aeabi_d2f
</UL>

<P><STRONG><a name="[6b]"></a>_float_epilogue</STRONG> (Thumb, 114 bytes, Stack size 12 bytes, fepilogue.o(.text))
<BR><BR>[Stack]<UL><LI>Max Depth = 12<LI>Call Chain = _float_epilogue
</UL>
<BR>[Called By]<UL><LI><a href="#[79]">&gt;&gt;</a>&nbsp;&nbsp;&nbsp;__aeabi_ui2f
<LI><a href="#[78]">&gt;&gt;</a>&nbsp;&nbsp;&nbsp;__aeabi_i2f
<LI><a href="#[6a]">&gt;&gt;</a>&nbsp;&nbsp;&nbsp;__aeabi_fadd
</UL>

<P><STRONG><a name="[74]"></a>_double_round</STRONG> (Thumb, 26 bytes, Stack size 8 bytes, depilogue.o(.text))
<BR><BR>[Stack]<UL><LI>Max Depth = 8<LI>Call Chain = _double_round
</UL>
<BR>[Called By]<UL><LI><a href="#[70]">&gt;&gt;</a>&nbsp;&nbsp;&nbsp;__aeabi_dadd
<LI><a href="#[73]">&gt;&gt;</a>&nbsp;&nbsp;&nbsp;_double_epilogue
</UL>

<P><STRONG><a name="[73]"></a>_double_epilogue</STRONG> (Thumb, 164 bytes, Stack size 48 bytes, depilogue.o(.text))
<BR><BR>[Stack]<UL><LI>Max Depth = 56<LI>Call Chain = _double_epilogue &rArr; _double_round
</UL>
<BR>[Calls]<UL><LI><a href="#[74]">&gt;&gt;</a>&nbsp;&nbsp;&nbsp;_double_round
<LI><a href="#[83]">&gt;&gt;</a>&nbsp;&nbsp;&nbsp;__ARM_clz
<LI><a href="#[7c]">&gt;&gt;</a>&nbsp;&nbsp;&nbsp;__aeabi_llsr
<LI><a href="#[71]">&gt;&gt;</a>&nbsp;&nbsp;&nbsp;__aeabi_llsl
</UL>
<BR>[Called By]<UL><LI><a href="#[70]">&gt;&gt;</a>&nbsp;&nbsp;&nbsp;__aeabi_dadd
<LI><a href="#[7a]">&gt;&gt;</a>&nbsp;&nbsp;&nbsp;__aeabi_i2d
<LI><a href="#[77]">&gt;&gt;</a>&nbsp;&nbsp;&nbsp;__aeabi_dmul
</UL>

<P><STRONG><a name="[5c]"></a>__scatterload</STRONG> (Thumb, 28 bytes, Stack size 0 bytes, init.o(.text))
<BR><BR>[Calls]<UL><LI><a href="#[84]">&gt;&gt;</a>&nbsp;&nbsp;&nbsp;__main_after_scatterload
</UL>
<BR>[Called By]<UL><LI><a href="#[5b]">&gt;&gt;</a>&nbsp;&nbsp;&nbsp;_main_scatterload
</UL>

<P><STRONG><a name="[29a]"></a>__scatterload_rt2</STRONG> (Thumb, 0 bytes, Stack size 0 bytes, init.o(.text), UNUSED)

<P><STRONG><a name="[81]"></a>__rt_ctype_table</STRONG> (Thumb, 4 bytes, Stack size 0 bytes, ctype_o.o(.text))
<BR><BR>[Called By]<UL><LI><a href="#[36]">&gt;&gt;</a>&nbsp;&nbsp;&nbsp;isspace
<LI><a href="#[69]">&gt;&gt;</a>&nbsp;&nbsp;&nbsp;strtol
</UL>

<P><STRONG><a name="[36]"></a>isspace</STRONG> (Thumb, 18 bytes, Stack size 8 bytes, isspace_o.o(.text))
<BR><BR>[Stack]<UL><LI>Max Depth = 8<LI>Call Chain = isspace
</UL>
<BR>[Calls]<UL><LI><a href="#[81]">&gt;&gt;</a>&nbsp;&nbsp;&nbsp;__rt_ctype_table
</UL>
<BR>[Address Reference Count : 1]<UL><LI> scanf_char.o(.text)
</UL>
<P><STRONG><a name="[80]"></a>__vfscanf</STRONG> (Thumb, 812 bytes, Stack size 80 bytes, _scanf.o(.text))
<BR><BR>[Stack]<UL><LI>Max Depth = 128<LI>Call Chain = __vfscanf &rArr; _scanf_string
</UL>
<BR>[Calls]<UL><LI><a href="#[88]">&gt;&gt;</a>&nbsp;&nbsp;&nbsp;_scanf_string
<LI><a href="#[85]">&gt;&gt;</a>&nbsp;&nbsp;&nbsp;_scanf_real (Weak Reference)
<LI><a href="#[86]">&gt;&gt;</a>&nbsp;&nbsp;&nbsp;_scanf_longlong (Weak Reference)
<LI><a href="#[87]">&gt;&gt;</a>&nbsp;&nbsp;&nbsp;_scanf_int (Weak Reference)
</UL>
<BR>[Called By]<UL><LI><a href="#[66]">&gt;&gt;</a>&nbsp;&nbsp;&nbsp;__vfscanf_char
</UL>

<P><STRONG><a name="[82]"></a>_strtoul</STRONG> (Thumb, 166 bytes, Stack size 40 bytes, _strtoul.o(.text))
<BR><BR>[Stack]<UL><LI>Max Depth = 40<LI>Call Chain = _strtoul
</UL>
<BR>[Calls]<UL><LI><a href="#[89]">&gt;&gt;</a>&nbsp;&nbsp;&nbsp;_chval
<LI><a href="#[68]">&gt;&gt;</a>&nbsp;&nbsp;&nbsp;__aeabi_errno_addr
</UL>
<BR>[Called By]<UL><LI><a href="#[69]">&gt;&gt;</a>&nbsp;&nbsp;&nbsp;strtol
</UL>

<P><STRONG><a name="[89]"></a>_chval</STRONG> (Thumb, 30 bytes, Stack size 0 bytes, _chval.o(.text))
<BR><BR>[Called By]<UL><LI><a href="#[82]">&gt;&gt;</a>&nbsp;&nbsp;&nbsp;_strtoul
</UL>

<P><STRONG><a name="[29b]"></a>__decompress</STRONG> (Thumb, 0 bytes, Stack size unknown bytes, __dczerorl2.o(.text), UNUSED)

<P><STRONG><a name="[29c]"></a>__decompress1</STRONG> (Thumb, 86 bytes, Stack size unknown bytes, __dczerorl2.o(.text), UNUSED)

<P><STRONG><a name="[e9]"></a>AES_encrypt</STRONG> (Thumb, 954 bytes, Stack size 60 bytes, aes.o(i.AES_encrypt))
<BR><BR>[Stack]<UL><LI>Max Depth = 60<LI>Call Chain = AES_encrypt
</UL>
<BR>[Called By]<UL><LI><a href="#[e5]">&gt;&gt;</a>&nbsp;&nbsp;&nbsp;CardModuleHandle
<LI><a href="#[126]">&gt;&gt;</a>&nbsp;&nbsp;&nbsp;EncrypData
</UL>

<P><STRONG><a name="[e8]"></a>AES_set_encrypt_key</STRONG> (Thumb, 734 bytes, Stack size 32 bytes, aes.o(i.AES_set_encrypt_key))
<BR><BR>[Stack]<UL><LI>Max Depth = 32<LI>Call Chain = AES_set_encrypt_key
</UL>
<BR>[Called By]<UL><LI><a href="#[e5]">&gt;&gt;</a>&nbsp;&nbsp;&nbsp;CardModuleHandle
</UL>

<P><STRONG><a name="[8a]"></a>AutoLearnMatrix</STRONG> (Thumb, 292 bytes, Stack size 24 bytes, emu.o(i.AutoLearnMatrix))
<BR><BR>[Stack]<UL><LI>Max Depth = 724<LI>Call Chain = AutoLearnMatrix &rArr; invNxN &rArr; __aeabi_frsub &rArr; __aeabi_fadd &rArr; _float_epilogue
</UL>
<BR>[Calls]<UL><LI><a href="#[8e]">&gt;&gt;</a>&nbsp;&nbsp;&nbsp;GetCurrentTime
<LI><a href="#[79]">&gt;&gt;</a>&nbsp;&nbsp;&nbsp;__aeabi_ui2f
<LI><a href="#[8c]">&gt;&gt;</a>&nbsp;&nbsp;&nbsp;updateMatrix
<LI><a href="#[90]">&gt;&gt;</a>&nbsp;&nbsp;&nbsp;invNxN
<LI><a href="#[8b]">&gt;&gt;</a>&nbsp;&nbsp;&nbsp;IsOneGunCharging
<LI><a href="#[8d]">&gt;&gt;</a>&nbsp;&nbsp;&nbsp;SaveEmuCalation
<LI><a href="#[8f]">&gt;&gt;</a>&nbsp;&nbsp;&nbsp;__2printf
</UL>
<BR>[Called By]<UL><LI><a href="#[3a]">&gt;&gt;</a>&nbsp;&nbsp;&nbsp;emuTask
</UL>

<P><STRONG><a name="[91]"></a>BlueCostTemplateDown</STRONG> (Thumb, 108 bytes, Stack size 32 bytes, blueproto.o(i.BlueCostTemplateDown))
<BR><BR>[Stack]<UL><LI>Max Depth = 672<LI>Call Chain = BlueCostTemplateDown &rArr; CostTempCopy &rArr; FlashWriteSysInfo &rArr; SendEventNotice &rArr; SendProtoPkt &rArr; SocketSendData &rArr; GprsSendCmd &rArr; GprsCheckRes &rArr; GetSocketState &rArr; __0sscanf &rArr; __vfscanf_char &rArr; __vfscanf &rArr; _scanf_string
</UL>
<BR>[Calls]<UL><LI><a href="#[96]">&gt;&gt;</a>&nbsp;&nbsp;&nbsp;SendBlueNetPkt
<LI><a href="#[92]">&gt;&gt;</a>&nbsp;&nbsp;&nbsp;PrintfData
<LI><a href="#[95]">&gt;&gt;</a>&nbsp;&nbsp;&nbsp;GetPktSum
<LI><a href="#[94]">&gt;&gt;</a>&nbsp;&nbsp;&nbsp;CostTempCopy
<LI><a href="#[8e]">&gt;&gt;</a>&nbsp;&nbsp;&nbsp;GetCurrentTime
<LI><a href="#[93]">&gt;&gt;</a>&nbsp;&nbsp;&nbsp;__aeabi_uread4
<LI><a href="#[8f]">&gt;&gt;</a>&nbsp;&nbsp;&nbsp;__2printf
</UL>
<BR>[Called By]<UL><LI><a href="#[ab]">&gt;&gt;</a>&nbsp;&nbsp;&nbsp;BlueProtoProc
</UL>

<P><STRONG><a name="[97]"></a>BlueCostTemplateReq</STRONG> (Thumb, 102 bytes, Stack size 280 bytes, blueproto.o(i.BlueCostTemplateReq))
<BR><BR>[Stack]<UL><LI>Max Depth = 472<LI>Call Chain = BlueCostTemplateReq &rArr; SendBlueNetPkt &rArr; SendCKBPkt &rArr; UsartSend &rArr; SimuUartSendData &rArr; vTaskDelay &rArr; xTaskResumeAll &rArr; xTaskIncrementTick
</UL>
<BR>[Calls]<UL><LI><a href="#[96]">&gt;&gt;</a>&nbsp;&nbsp;&nbsp;SendBlueNetPkt
<LI><a href="#[92]">&gt;&gt;</a>&nbsp;&nbsp;&nbsp;PrintfData
<LI><a href="#[95]">&gt;&gt;</a>&nbsp;&nbsp;&nbsp;GetPktSum
<LI><a href="#[99]">&gt;&gt;</a>&nbsp;&nbsp;&nbsp;__aeabi_uwrite4
<LI><a href="#[93]">&gt;&gt;</a>&nbsp;&nbsp;&nbsp;__aeabi_uread4
<LI><a href="#[98]">&gt;&gt;</a>&nbsp;&nbsp;&nbsp;__aeabi_memclr4
</UL>
<BR>[Called By]<UL><LI><a href="#[ad]">&gt;&gt;</a>&nbsp;&nbsp;&nbsp;ShakeReqProc
</UL>

<P><STRONG><a name="[9a]"></a>BlueCostTemplateUpload</STRONG> (Thumb, 204 bytes, Stack size 280 bytes, blueproto.o(i.BlueCostTemplateUpload))
<BR><BR>[Stack]<UL><LI>Max Depth = 472<LI>Call Chain = BlueCostTemplateUpload &rArr; SendBlueNetPkt &rArr; SendCKBPkt &rArr; UsartSend &rArr; SimuUartSendData &rArr; vTaskDelay &rArr; xTaskResumeAll &rArr; xTaskIncrementTick
</UL>
<BR>[Calls]<UL><LI><a href="#[96]">&gt;&gt;</a>&nbsp;&nbsp;&nbsp;SendBlueNetPkt
<LI><a href="#[92]">&gt;&gt;</a>&nbsp;&nbsp;&nbsp;PrintfData
<LI><a href="#[95]">&gt;&gt;</a>&nbsp;&nbsp;&nbsp;GetPktSum
<LI><a href="#[99]">&gt;&gt;</a>&nbsp;&nbsp;&nbsp;__aeabi_uwrite4
<LI><a href="#[93]">&gt;&gt;</a>&nbsp;&nbsp;&nbsp;__aeabi_uread4
<LI><a href="#[98]">&gt;&gt;</a>&nbsp;&nbsp;&nbsp;__aeabi_memclr4
<LI><a href="#[9b]">&gt;&gt;</a>&nbsp;&nbsp;&nbsp;__aeabi_memcpy
</UL>
<BR>[Called By]<UL><LI><a href="#[b1]">&gt;&gt;</a>&nbsp;&nbsp;&nbsp;BlueSendCostTemplate
</UL>

<P><STRONG><a name="[9c]"></a>BlueDevRegisterACK</STRONG> (Thumb, 96 bytes, Stack size 16 bytes, blueproto.o(i.BlueDevRegisterACK))
<BR><BR>[Stack]<UL><LI>Max Depth = 632<LI>Call Chain = BlueDevRegisterACK &rArr; FlashWriteSysInfo &rArr; SendEventNotice &rArr; SendProtoPkt &rArr; SocketSendData &rArr; GprsSendCmd &rArr; GprsCheckRes &rArr; GetSocketState &rArr; __0sscanf &rArr; __vfscanf_char &rArr; __vfscanf &rArr; _scanf_string
</UL>
<BR>[Calls]<UL><LI><a href="#[9d]">&gt;&gt;</a>&nbsp;&nbsp;&nbsp;WriteCfgInfo
<LI><a href="#[9f]">&gt;&gt;</a>&nbsp;&nbsp;&nbsp;ResetSysTem
<LI><a href="#[92]">&gt;&gt;</a>&nbsp;&nbsp;&nbsp;PrintfData
<LI><a href="#[8e]">&gt;&gt;</a>&nbsp;&nbsp;&nbsp;GetCurrentTime
<LI><a href="#[9e]">&gt;&gt;</a>&nbsp;&nbsp;&nbsp;FlashWriteSysInfo
<LI><a href="#[8f]">&gt;&gt;</a>&nbsp;&nbsp;&nbsp;__2printf
<LI><a href="#[9b]">&gt;&gt;</a>&nbsp;&nbsp;&nbsp;__aeabi_memcpy
</UL>
<BR>[Called By]<UL><LI><a href="#[ab]">&gt;&gt;</a>&nbsp;&nbsp;&nbsp;BlueProtoProc
</UL>

<P><STRONG><a name="[a0]"></a>BlueFWDownLoad</STRONG> (Thumb, 120 bytes, Stack size 32 bytes, blueproto.o(i.BlueFWDownLoad))
<BR><BR>[Stack]<UL><LI>Max Depth = 224<LI>Call Chain = BlueFWDownLoad &rArr; SendBlueNetPkt &rArr; SendCKBPkt &rArr; UsartSend &rArr; SimuUartSendData &rArr; vTaskDelay &rArr; xTaskResumeAll &rArr; xTaskIncrementTick
</UL>
<BR>[Calls]<UL><LI><a href="#[a1]">&gt;&gt;</a>&nbsp;&nbsp;&nbsp;Upgrade_Write
<LI><a href="#[96]">&gt;&gt;</a>&nbsp;&nbsp;&nbsp;SendBlueNetPkt
<LI><a href="#[9f]">&gt;&gt;</a>&nbsp;&nbsp;&nbsp;ResetSysTem
<LI><a href="#[a2]">&gt;&gt;</a>&nbsp;&nbsp;&nbsp;OptSuccessNotice
<LI><a href="#[95]">&gt;&gt;</a>&nbsp;&nbsp;&nbsp;GetPktSum
<LI><a href="#[8e]">&gt;&gt;</a>&nbsp;&nbsp;&nbsp;GetCurrentTime
<LI><a href="#[8f]">&gt;&gt;</a>&nbsp;&nbsp;&nbsp;__2printf
</UL>
<BR>[Called By]<UL><LI><a href="#[ab]">&gt;&gt;</a>&nbsp;&nbsp;&nbsp;BlueProtoProc
</UL>

<P><STRONG><a name="[a3]"></a>BlueFWUpgradeNotice</STRONG> (Thumb, 224 bytes, Stack size 48 bytes, blueproto.o(i.BlueFWUpgradeNotice))
<BR><BR>[Stack]<UL><LI>Max Depth = 256<LI>Call Chain = BlueFWUpgradeNotice &rArr; SendFwUpgradeNoticeAck &rArr; SendBlueNetPkt &rArr; SendCKBPkt &rArr; UsartSend &rArr; SimuUartSendData &rArr; vTaskDelay &rArr; xTaskResumeAll &rArr; xTaskIncrementTick
</UL>
<BR>[Calls]<UL><LI><a href="#[a5]">&gt;&gt;</a>&nbsp;&nbsp;&nbsp;Upgrade_Init
<LI><a href="#[a4]">&gt;&gt;</a>&nbsp;&nbsp;&nbsp;SendFwUpgradeNoticeAck
<LI><a href="#[a6]">&gt;&gt;</a>&nbsp;&nbsp;&nbsp;GetRtcCount
<LI><a href="#[8e]">&gt;&gt;</a>&nbsp;&nbsp;&nbsp;GetCurrentTime
<LI><a href="#[93]">&gt;&gt;</a>&nbsp;&nbsp;&nbsp;__aeabi_uread4
<LI><a href="#[8f]">&gt;&gt;</a>&nbsp;&nbsp;&nbsp;__2printf
</UL>
<BR>[Called By]<UL><LI><a href="#[ab]">&gt;&gt;</a>&nbsp;&nbsp;&nbsp;BlueProtoProc
</UL>

<P><STRONG><a name="[a7]"></a>BlueHistoryOrderEnsure</STRONG> (Thumb, 222 bytes, Stack size 48 bytes, blueproto.o(i.BlueHistoryOrderEnsure))
<BR><BR>[Stack]<UL><LI>Max Depth = 584<LI>Call Chain = BlueHistoryOrderEnsure &rArr; Remove_RecordOrder &rArr; E2promWriteDataEx &rArr; at24c64_eepromWrite &rArr; at24c64_eepromRead &rArr; I2C_ReadNByte &rArr; MuxSempTake &rArr; vTaskDelay &rArr; xTaskResumeAll &rArr; xTaskIncrementTick
</UL>
<BR>[Calls]<UL><LI><a href="#[96]">&gt;&gt;</a>&nbsp;&nbsp;&nbsp;SendBlueNetPkt
<LI><a href="#[a8]">&gt;&gt;</a>&nbsp;&nbsp;&nbsp;Remove_RecordOrder
<LI><a href="#[95]">&gt;&gt;</a>&nbsp;&nbsp;&nbsp;GetPktSum
<LI><a href="#[8e]">&gt;&gt;</a>&nbsp;&nbsp;&nbsp;GetCurrentTime
<LI><a href="#[99]">&gt;&gt;</a>&nbsp;&nbsp;&nbsp;__aeabi_uwrite4
<LI><a href="#[93]">&gt;&gt;</a>&nbsp;&nbsp;&nbsp;__aeabi_uread4
<LI><a href="#[8f]">&gt;&gt;</a>&nbsp;&nbsp;&nbsp;__2printf
</UL>
<BR>[Called By]<UL><LI><a href="#[ab]">&gt;&gt;</a>&nbsp;&nbsp;&nbsp;BlueProtoProc
</UL>

<P><STRONG><a name="[a9]"></a>BlueHistoryOrderUpload_ACK</STRONG> (Thumb, 46 bytes, Stack size 16 bytes, blueproto.o(i.BlueHistoryOrderUpload_ACK))
<BR><BR>[Stack]<UL><LI>Max Depth = 20<LI>Call Chain = BlueHistoryOrderUpload_ACK &rArr; TradeIndex_Add
</UL>
<BR>[Calls]<UL><LI><a href="#[aa]">&gt;&gt;</a>&nbsp;&nbsp;&nbsp;TradeIndex_Add
</UL>
<BR>[Called By]<UL><LI><a href="#[ab]">&gt;&gt;</a>&nbsp;&nbsp;&nbsp;BlueProtoProc
</UL>

<P><STRONG><a name="[ab]"></a>BlueProtoProc</STRONG> (Thumb, 392 bytes, Stack size 16 bytes, blueproto.o(i.BlueProtoProc))
<BR><BR>[Stack]<UL><LI>Max Depth = 848<LI>Call Chain = BlueProtoProc &rArr; BlueStopCharging &rArr; StopCharging &rArr; UpdataGunDataSum &rArr; FlashWriteSysInfo &rArr; SendEventNotice &rArr; SendProtoPkt &rArr; SocketSendData &rArr; GprsSendCmd &rArr; GprsCheckRes &rArr; GetSocketState &rArr; __0sscanf &rArr; __vfscanf_char &rArr; __vfscanf &rArr; _scanf_string
</UL>
<BR>[Calls]<UL><LI><a href="#[92]">&gt;&gt;</a>&nbsp;&nbsp;&nbsp;PrintfData
<LI><a href="#[ac]">&gt;&gt;</a>&nbsp;&nbsp;&nbsp;__ARM_common_switch8
<LI><a href="#[ad]">&gt;&gt;</a>&nbsp;&nbsp;&nbsp;ShakeReqProc
<LI><a href="#[b5]">&gt;&gt;</a>&nbsp;&nbsp;&nbsp;RemoCtrlProc
<LI><a href="#[ae]">&gt;&gt;</a>&nbsp;&nbsp;&nbsp;OppoSiteAuthProc
<LI><a href="#[b3]">&gt;&gt;</a>&nbsp;&nbsp;&nbsp;BtSetChargerSn
<LI><a href="#[b4]">&gt;&gt;</a>&nbsp;&nbsp;&nbsp;BtSetChargerDeviceId
<LI><a href="#[b0]">&gt;&gt;</a>&nbsp;&nbsp;&nbsp;BlueStopCharging
<LI><a href="#[af]">&gt;&gt;</a>&nbsp;&nbsp;&nbsp;BlueStartCharging
<LI><a href="#[b1]">&gt;&gt;</a>&nbsp;&nbsp;&nbsp;BlueSendCostTemplate
<LI><a href="#[b2]">&gt;&gt;</a>&nbsp;&nbsp;&nbsp;BlueReqBreak
<LI><a href="#[a9]">&gt;&gt;</a>&nbsp;&nbsp;&nbsp;BlueHistoryOrderUpload_ACK
<LI><a href="#[a7]">&gt;&gt;</a>&nbsp;&nbsp;&nbsp;BlueHistoryOrderEnsure
<LI><a href="#[a3]">&gt;&gt;</a>&nbsp;&nbsp;&nbsp;BlueFWUpgradeNotice
<LI><a href="#[a0]">&gt;&gt;</a>&nbsp;&nbsp;&nbsp;BlueFWDownLoad
<LI><a href="#[9c]">&gt;&gt;</a>&nbsp;&nbsp;&nbsp;BlueDevRegisterACK
<LI><a href="#[91]">&gt;&gt;</a>&nbsp;&nbsp;&nbsp;BlueCostTemplateDown
<LI><a href="#[a6]">&gt;&gt;</a>&nbsp;&nbsp;&nbsp;GetRtcCount
<LI><a href="#[8e]">&gt;&gt;</a>&nbsp;&nbsp;&nbsp;GetCurrentTime
<LI><a href="#[8f]">&gt;&gt;</a>&nbsp;&nbsp;&nbsp;__2printf
</UL>
<BR>[Called By]<UL><LI><a href="#[111]">&gt;&gt;</a>&nbsp;&nbsp;&nbsp;RecvBtData
</UL>

<P><STRONG><a name="[b6]"></a>BlueRegister</STRONG> (Thumb, 102 bytes, Stack size 272 bytes, blueproto.o(i.BlueRegister))
<BR><BR>[Stack]<UL><LI>Max Depth = 464<LI>Call Chain = BlueRegister &rArr; SendBlueNetPkt &rArr; SendCKBPkt &rArr; UsartSend &rArr; SimuUartSendData &rArr; vTaskDelay &rArr; xTaskResumeAll &rArr; xTaskIncrementTick
</UL>
<BR>[Calls]<UL><LI><a href="#[96]">&gt;&gt;</a>&nbsp;&nbsp;&nbsp;SendBlueNetPkt
<LI><a href="#[95]">&gt;&gt;</a>&nbsp;&nbsp;&nbsp;GetPktSum
<LI><a href="#[98]">&gt;&gt;</a>&nbsp;&nbsp;&nbsp;__aeabi_memclr4
<LI><a href="#[62]">&gt;&gt;</a>&nbsp;&nbsp;&nbsp;__aeabi_memclr
<LI><a href="#[9b]">&gt;&gt;</a>&nbsp;&nbsp;&nbsp;__aeabi_memcpy
</UL>
<BR>[Called By]<UL><LI><a href="#[3d]">&gt;&gt;</a>&nbsp;&nbsp;&nbsp;MainTask
</UL>

<P><STRONG><a name="[b2]"></a>BlueReqBreak</STRONG> (Thumb, 28 bytes, Stack size 8 bytes, blueproto.o(i.BlueReqBreak))
<BR><BR>[Stack]<UL><LI>Max Depth = 192<LI>Call Chain = BlueReqBreak &rArr; OpenBluetoothRadio &rArr; OperateMaintain &rArr; SendCKBPkt &rArr; UsartSend &rArr; SimuUartSendData &rArr; vTaskDelay &rArr; xTaskResumeAll &rArr; xTaskIncrementTick
</UL>
<BR>[Calls]<UL><LI><a href="#[b9]">&gt;&gt;</a>&nbsp;&nbsp;&nbsp;Sc8042bSpeech
<LI><a href="#[b8]">&gt;&gt;</a>&nbsp;&nbsp;&nbsp;OpenBluetoothRadio
<LI><a href="#[b7]">&gt;&gt;</a>&nbsp;&nbsp;&nbsp;LcdDisplayBlutooth
</UL>
<BR>[Called By]<UL><LI><a href="#[ab]">&gt;&gt;</a>&nbsp;&nbsp;&nbsp;BlueProtoProc
</UL>

<P><STRONG><a name="[b1]"></a>BlueSendCostTemplate</STRONG> (Thumb, 42 bytes, Stack size 16 bytes, blueproto.o(i.BlueSendCostTemplate))
<BR><BR>[Stack]<UL><LI>Max Depth = 488<LI>Call Chain = BlueSendCostTemplate &rArr; BlueCostTemplateUpload &rArr; SendBlueNetPkt &rArr; SendCKBPkt &rArr; UsartSend &rArr; SimuUartSendData &rArr; vTaskDelay &rArr; xTaskResumeAll &rArr; xTaskIncrementTick
</UL>
<BR>[Calls]<UL><LI><a href="#[9a]">&gt;&gt;</a>&nbsp;&nbsp;&nbsp;BlueCostTemplateUpload
<LI><a href="#[93]">&gt;&gt;</a>&nbsp;&nbsp;&nbsp;__aeabi_uread4
</UL>
<BR>[Called By]<UL><LI><a href="#[ab]">&gt;&gt;</a>&nbsp;&nbsp;&nbsp;BlueProtoProc
</UL>

<P><STRONG><a name="[ba]"></a>BlueSendHeartBeat</STRONG> (Thumb, 204 bytes, Stack size 104 bytes, blueproto.o(i.BlueSendHeartBeat))
<BR><BR>[Stack]<UL><LI>Max Depth = 296<LI>Call Chain = BlueSendHeartBeat &rArr; SendBlueNetPkt &rArr; SendCKBPkt &rArr; UsartSend &rArr; SimuUartSendData &rArr; vTaskDelay &rArr; xTaskResumeAll &rArr; xTaskIncrementTick
</UL>
<BR>[Calls]<UL><LI><a href="#[96]">&gt;&gt;</a>&nbsp;&nbsp;&nbsp;SendBlueNetPkt
<LI><a href="#[92]">&gt;&gt;</a>&nbsp;&nbsp;&nbsp;PrintfData
<LI><a href="#[bf]">&gt;&gt;</a>&nbsp;&nbsp;&nbsp;IsSysOnLine
<LI><a href="#[95]">&gt;&gt;</a>&nbsp;&nbsp;&nbsp;GetPktSum
<LI><a href="#[bb]">&gt;&gt;</a>&nbsp;&nbsp;&nbsp;GetNetSignal
<LI><a href="#[bd]">&gt;&gt;</a>&nbsp;&nbsp;&nbsp;GetLeftChargingTime
<LI><a href="#[be]">&gt;&gt;</a>&nbsp;&nbsp;&nbsp;GetGunStatus
<LI><a href="#[bc]">&gt;&gt;</a>&nbsp;&nbsp;&nbsp;GetCpuTemp
<LI><a href="#[98]">&gt;&gt;</a>&nbsp;&nbsp;&nbsp;__aeabi_memclr4
</UL>
<BR>[Called By]<UL><LI><a href="#[ad]">&gt;&gt;</a>&nbsp;&nbsp;&nbsp;ShakeReqProc
<LI><a href="#[3d]">&gt;&gt;</a>&nbsp;&nbsp;&nbsp;MainTask
</UL>

<P><STRONG><a name="[c0]"></a>BlueSendStartChargingAck</STRONG> (Thumb, 118 bytes, Stack size 48 bytes, blueproto.o(i.BlueSendStartChargingAck))
<BR><BR>[Stack]<UL><LI>Max Depth = 240<LI>Call Chain = BlueSendStartChargingAck &rArr; SendBlueNetPkt &rArr; SendCKBPkt &rArr; UsartSend &rArr; SimuUartSendData &rArr; vTaskDelay &rArr; xTaskResumeAll &rArr; xTaskIncrementTick
</UL>
<BR>[Calls]<UL><LI><a href="#[96]">&gt;&gt;</a>&nbsp;&nbsp;&nbsp;SendBlueNetPkt
<LI><a href="#[92]">&gt;&gt;</a>&nbsp;&nbsp;&nbsp;PrintfData
<LI><a href="#[95]">&gt;&gt;</a>&nbsp;&nbsp;&nbsp;GetPktSum
<LI><a href="#[99]">&gt;&gt;</a>&nbsp;&nbsp;&nbsp;__aeabi_uwrite4
<LI><a href="#[93]">&gt;&gt;</a>&nbsp;&nbsp;&nbsp;__aeabi_uread4
</UL>
<BR>[Called By]<UL><LI><a href="#[af]">&gt;&gt;</a>&nbsp;&nbsp;&nbsp;BlueStartCharging
</UL>

<P><STRONG><a name="[c1]"></a>BlueSendStopChargingAck</STRONG> (Thumb, 182 bytes, Stack size 40 bytes, blueproto.o(i.BlueSendStopChargingAck))
<BR><BR>[Stack]<UL><LI>Max Depth = 232<LI>Call Chain = BlueSendStopChargingAck &rArr; SendBlueNetPkt &rArr; SendCKBPkt &rArr; UsartSend &rArr; SimuUartSendData &rArr; vTaskDelay &rArr; xTaskResumeAll &rArr; xTaskIncrementTick
</UL>
<BR>[Calls]<UL><LI><a href="#[96]">&gt;&gt;</a>&nbsp;&nbsp;&nbsp;SendBlueNetPkt
<LI><a href="#[92]">&gt;&gt;</a>&nbsp;&nbsp;&nbsp;PrintfData
<LI><a href="#[95]">&gt;&gt;</a>&nbsp;&nbsp;&nbsp;GetPktSum
<LI><a href="#[a6]">&gt;&gt;</a>&nbsp;&nbsp;&nbsp;GetRtcCount
<LI><a href="#[99]">&gt;&gt;</a>&nbsp;&nbsp;&nbsp;__aeabi_uwrite4
<LI><a href="#[93]">&gt;&gt;</a>&nbsp;&nbsp;&nbsp;__aeabi_uread4
<LI><a href="#[5e]">&gt;&gt;</a>&nbsp;&nbsp;&nbsp;__aeabi_idivmod
</UL>
<BR>[Called By]<UL><LI><a href="#[b0]">&gt;&gt;</a>&nbsp;&nbsp;&nbsp;BlueStopCharging
</UL>

<P><STRONG><a name="[af]"></a>BlueStartCharging</STRONG> (Thumb, 272 bytes, Stack size 32 bytes, blueproto.o(i.BlueStartCharging))
<BR><BR>[Stack]<UL><LI>Max Depth = 752<LI>Call Chain = BlueStartCharging &rArr; StartCharging &rArr; UpdataGunDataSum &rArr; FlashWriteSysInfo &rArr; SendEventNotice &rArr; SendProtoPkt &rArr; SocketSendData &rArr; GprsSendCmd &rArr; GprsCheckRes &rArr; GetSocketState &rArr; __0sscanf &rArr; __vfscanf_char &rArr; __vfscanf &rArr; _scanf_string
</UL>
<BR>[Calls]<UL><LI><a href="#[c5]">&gt;&gt;</a>&nbsp;&nbsp;&nbsp;StartCharging
<LI><a href="#[c4]">&gt;&gt;</a>&nbsp;&nbsp;&nbsp;CheckStartPara
<LI><a href="#[c3]">&gt;&gt;</a>&nbsp;&nbsp;&nbsp;CheckOrderBuffStatus
<LI><a href="#[c0]">&gt;&gt;</a>&nbsp;&nbsp;&nbsp;BlueSendStartChargingAck
<LI><a href="#[8e]">&gt;&gt;</a>&nbsp;&nbsp;&nbsp;GetCurrentTime
<LI><a href="#[8f]">&gt;&gt;</a>&nbsp;&nbsp;&nbsp;__2printf
<LI><a href="#[c2]">&gt;&gt;</a>&nbsp;&nbsp;&nbsp;memcmp
<LI><a href="#[5e]">&gt;&gt;</a>&nbsp;&nbsp;&nbsp;__aeabi_idivmod
</UL>
<BR>[Called By]<UL><LI><a href="#[ab]">&gt;&gt;</a>&nbsp;&nbsp;&nbsp;BlueProtoProc
</UL>

<P><STRONG><a name="[b0]"></a>BlueStopCharging</STRONG> (Thumb, 214 bytes, Stack size 24 bytes, blueproto.o(i.BlueStopCharging))
<BR><BR>[Stack]<UL><LI>Max Depth = 832<LI>Call Chain = BlueStopCharging &rArr; StopCharging &rArr; UpdataGunDataSum &rArr; FlashWriteSysInfo &rArr; SendEventNotice &rArr; SendProtoPkt &rArr; SocketSendData &rArr; GprsSendCmd &rArr; GprsCheckRes &rArr; GetSocketState &rArr; __0sscanf &rArr; __vfscanf_char &rArr; __vfscanf &rArr; _scanf_string
</UL>
<BR>[Calls]<UL><LI><a href="#[c6]">&gt;&gt;</a>&nbsp;&nbsp;&nbsp;StopCharging
<LI><a href="#[c1]">&gt;&gt;</a>&nbsp;&nbsp;&nbsp;BlueSendStopChargingAck
<LI><a href="#[8e]">&gt;&gt;</a>&nbsp;&nbsp;&nbsp;GetCurrentTime
<LI><a href="#[8f]">&gt;&gt;</a>&nbsp;&nbsp;&nbsp;__2printf
<LI><a href="#[c2]">&gt;&gt;</a>&nbsp;&nbsp;&nbsp;memcmp
</UL>
<BR>[Called By]<UL><LI><a href="#[ab]">&gt;&gt;</a>&nbsp;&nbsp;&nbsp;BlueProtoProc
</UL>

<P><STRONG><a name="[c7]"></a>BlueTimingOpen</STRONG> (Thumb, 40 bytes, Stack size 8 bytes, blueproto.o(i.BlueTimingOpen))
<BR><BR>[Stack]<UL><LI>Max Depth = 192<LI>Call Chain = BlueTimingOpen &rArr; OpenBluetoothRadio &rArr; OperateMaintain &rArr; SendCKBPkt &rArr; UsartSend &rArr; SimuUartSendData &rArr; vTaskDelay &rArr; xTaskResumeAll &rArr; xTaskIncrementTick
</UL>
<BR>[Calls]<UL><LI><a href="#[b8]">&gt;&gt;</a>&nbsp;&nbsp;&nbsp;OpenBluetoothRadio
<LI><a href="#[a6]">&gt;&gt;</a>&nbsp;&nbsp;&nbsp;GetRtcCount
</UL>
<BR>[Called By]<UL><LI><a href="#[3d]">&gt;&gt;</a>&nbsp;&nbsp;&nbsp;MainTask
</UL>

<P><STRONG><a name="[c8]"></a>BlueUpLoadHistoryOrder</STRONG> (Thumb, 380 bytes, Stack size 368 bytes, blueproto.o(i.BlueUpLoadHistoryOrder))
<BR><BR>[Stack]<UL><LI>Max Depth = 560<LI>Call Chain = BlueUpLoadHistoryOrder &rArr; SendBlueNetPkt &rArr; SendCKBPkt &rArr; UsartSend &rArr; SimuUartSendData &rArr; vTaskDelay &rArr; xTaskResumeAll &rArr; xTaskIncrementTick
</UL>
<BR>[Calls]<UL><LI><a href="#[96]">&gt;&gt;</a>&nbsp;&nbsp;&nbsp;SendBlueNetPkt
<LI><a href="#[95]">&gt;&gt;</a>&nbsp;&nbsp;&nbsp;GetPktSum
<LI><a href="#[8e]">&gt;&gt;</a>&nbsp;&nbsp;&nbsp;GetCurrentTime
<LI><a href="#[99]">&gt;&gt;</a>&nbsp;&nbsp;&nbsp;__aeabi_uwrite4
<LI><a href="#[93]">&gt;&gt;</a>&nbsp;&nbsp;&nbsp;__aeabi_uread4
<LI><a href="#[8f]">&gt;&gt;</a>&nbsp;&nbsp;&nbsp;__2printf
<LI><a href="#[98]">&gt;&gt;</a>&nbsp;&nbsp;&nbsp;__aeabi_memclr4
<LI><a href="#[9b]">&gt;&gt;</a>&nbsp;&nbsp;&nbsp;__aeabi_memcpy
</UL>
<BR>[Called By]<UL><LI><a href="#[1c2]">&gt;&gt;</a>&nbsp;&nbsp;&nbsp;ProcTradeRecord
</UL>

<P><STRONG><a name="[c9]"></a>BootSetReqInfo</STRONG> (Thumb, 26 bytes, Stack size 8 bytes, cpucfg.o(i.BootSetReqInfo))
<BR><BR>[Stack]<UL><LI>Max Depth = 24<LI>Call Chain = BootSetReqInfo &rArr; HT_Flash_ByteWrite
</UL>
<BR>[Calls]<UL><LI><a href="#[ca]">&gt;&gt;</a>&nbsp;&nbsp;&nbsp;HT_Flash_PageErase
<LI><a href="#[cb]">&gt;&gt;</a>&nbsp;&nbsp;&nbsp;HT_Flash_ByteWrite
</UL>
<BR>[Called By]<UL><LI><a href="#[13a]">&gt;&gt;</a>&nbsp;&nbsp;&nbsp;WriteUpdateInfo
</UL>

<P><STRONG><a name="[cc]"></a>BtModuleHandle</STRONG> (Thumb, 288 bytes, Stack size 24 bytes, card.o(i.BtModuleHandle))
<BR><BR>[Stack]<UL><LI>Max Depth = 640<LI>Call Chain = BtModuleHandle &rArr; FlashWriteSysInfo &rArr; SendEventNotice &rArr; SendProtoPkt &rArr; SocketSendData &rArr; GprsSendCmd &rArr; GprsCheckRes &rArr; GetSocketState &rArr; __0sscanf &rArr; __vfscanf_char &rArr; __vfscanf &rArr; _scanf_string
</UL>
<BR>[Calls]<UL><LI><a href="#[cf]">&gt;&gt;</a>&nbsp;&nbsp;&nbsp;vTaskDelay
<LI><a href="#[8e]">&gt;&gt;</a>&nbsp;&nbsp;&nbsp;GetCurrentTime
<LI><a href="#[9e]">&gt;&gt;</a>&nbsp;&nbsp;&nbsp;FlashWriteSysInfo
<LI><a href="#[cd]">&gt;&gt;</a>&nbsp;&nbsp;&nbsp;OptFailNotice
<LI><a href="#[d0]">&gt;&gt;</a>&nbsp;&nbsp;&nbsp;LcdTurnOnLed
<LI><a href="#[ce]">&gt;&gt;</a>&nbsp;&nbsp;&nbsp;FIFO_S_Put
<LI><a href="#[8f]">&gt;&gt;</a>&nbsp;&nbsp;&nbsp;__2printf
</UL>
<BR>[Called By]<UL><LI><a href="#[160]">&gt;&gt;</a>&nbsp;&nbsp;&nbsp;HandleCKBData
</UL>

<P><STRONG><a name="[d1]"></a>BtRemoCtrlCloseGun</STRONG> (Thumb, 32 bytes, Stack size 24 bytes, blueproto.o(i.BtRemoCtrlCloseGun))
<BR><BR>[Stack]<UL><LI>Max Depth = 232<LI>Call Chain = BtRemoCtrlCloseGun &rArr; SendBtRemoCtrlAck &rArr; SendBlueNetPkt &rArr; SendCKBPkt &rArr; UsartSend &rArr; SimuUartSendData &rArr; vTaskDelay &rArr; xTaskResumeAll &rArr; xTaskIncrementTick
</UL>
<BR>[Calls]<UL><LI><a href="#[d2]">&gt;&gt;</a>&nbsp;&nbsp;&nbsp;TestCloseGunProc
<LI><a href="#[d3]">&gt;&gt;</a>&nbsp;&nbsp;&nbsp;SendBtRemoCtrlAck
<LI><a href="#[93]">&gt;&gt;</a>&nbsp;&nbsp;&nbsp;__aeabi_uread4
</UL>
<BR>[Called By]<UL><LI><a href="#[b5]">&gt;&gt;</a>&nbsp;&nbsp;&nbsp;RemoCtrlProc
</UL>

<P><STRONG><a name="[d4]"></a>BtRemoCtrlOpenGun</STRONG> (Thumb, 36 bytes, Stack size 24 bytes, blueproto.o(i.BtRemoCtrlOpenGun))
<BR><BR>[Stack]<UL><LI>Max Depth = 232<LI>Call Chain = BtRemoCtrlOpenGun &rArr; SendBtRemoCtrlAck &rArr; SendBlueNetPkt &rArr; SendCKBPkt &rArr; UsartSend &rArr; SimuUartSendData &rArr; vTaskDelay &rArr; xTaskResumeAll &rArr; xTaskIncrementTick
</UL>
<BR>[Calls]<UL><LI><a href="#[d5]">&gt;&gt;</a>&nbsp;&nbsp;&nbsp;TestOpenGunProc
<LI><a href="#[d3]">&gt;&gt;</a>&nbsp;&nbsp;&nbsp;SendBtRemoCtrlAck
<LI><a href="#[93]">&gt;&gt;</a>&nbsp;&nbsp;&nbsp;__aeabi_uread4
</UL>
<BR>[Called By]<UL><LI><a href="#[b5]">&gt;&gt;</a>&nbsp;&nbsp;&nbsp;RemoCtrlProc
</UL>

<P><STRONG><a name="[d6]"></a>BtRemoCtrlPrint</STRONG> (Thumb, 30 bytes, Stack size 16 bytes, blueproto.o(i.BtRemoCtrlPrint))
<BR><BR>[Stack]<UL><LI>Max Depth = 640<LI>Call Chain = BtRemoCtrlPrint &rArr; SetPrintSwitch &rArr; FlashWriteSysInfo &rArr; SendEventNotice &rArr; SendProtoPkt &rArr; SocketSendData &rArr; GprsSendCmd &rArr; GprsCheckRes &rArr; GetSocketState &rArr; __0sscanf &rArr; __vfscanf_char &rArr; __vfscanf &rArr; _scanf_string
</UL>
<BR>[Calls]<UL><LI><a href="#[d3]">&gt;&gt;</a>&nbsp;&nbsp;&nbsp;SendBtRemoCtrlAck
<LI><a href="#[d7]">&gt;&gt;</a>&nbsp;&nbsp;&nbsp;SetPrintSwitch
<LI><a href="#[93]">&gt;&gt;</a>&nbsp;&nbsp;&nbsp;__aeabi_uread4
</UL>
<BR>[Called By]<UL><LI><a href="#[b5]">&gt;&gt;</a>&nbsp;&nbsp;&nbsp;RemoCtrlProc
</UL>

<P><STRONG><a name="[d8]"></a>BtRemoCtrlReset</STRONG> (Thumb, 18 bytes, Stack size 8 bytes, blueproto.o(i.BtRemoCtrlReset))
<BR><BR>[Stack]<UL><LI>Max Depth = 216<LI>Call Chain = BtRemoCtrlReset &rArr; SendBtRemoCtrlAck &rArr; SendBlueNetPkt &rArr; SendCKBPkt &rArr; UsartSend &rArr; SimuUartSendData &rArr; vTaskDelay &rArr; xTaskResumeAll &rArr; xTaskIncrementTick
</UL>
<BR>[Calls]<UL><LI><a href="#[9f]">&gt;&gt;</a>&nbsp;&nbsp;&nbsp;ResetSysTem
[...]
</UL>

<P><STRONG><a name="[20f]"></a>vTaskDelete</STRONG> (Thumb, 150 bytes, Stack size 16 bytes, tasks.o(i.vTaskDelete))
<BR><BR>[Stack]<UL><LI>Max Depth = 80<LI>Call Chain = vTaskDelete &rArr; prvDeleteTCB &rArr; vPortFree &rArr; xTaskResumeAll &rArr; xTaskIncrementTick
</UL>
<BR>[Calls]<UL><LI><a href="#[27e]">&gt;&gt;</a>&nbsp;&nbsp;&nbsp;prvResetNextTaskUnblockTime
<LI><a href="#[271]">&gt;&gt;</a>&nbsp;&nbsp;&nbsp;prvDeleteTCB
<LI><a href="#[273]">&gt;&gt;</a>&nbsp;&nbsp;&nbsp;vPortYield
<LI><a href="#[26d]">&gt;&gt;</a>&nbsp;&nbsp;&nbsp;vPortExitCritical
<LI><a href="#[26b]">&gt;&gt;</a>&nbsp;&nbsp;&nbsp;vPortEnterCritical
<LI><a href="#[268]">&gt;&gt;</a>&nbsp;&nbsp;&nbsp;vListInsertEnd
<LI><a href="#[267]">&gt;&gt;</a>&nbsp;&nbsp;&nbsp;uxListRemove
</UL>
<BR>[Called By]<UL><LI><a href="#[1f6]">&gt;&gt;</a>&nbsp;&nbsp;&nbsp;SetUpgradeInfo
</UL>

<P><STRONG><a name="[264]"></a>vTaskStartScheduler</STRONG> (Thumb, 80 bytes, Stack size 16 bytes, tasks.o(i.vTaskStartScheduler))
<BR><BR>[Stack]<UL><LI>Max Depth = 136<LI>Call Chain = vTaskStartScheduler &rArr; xTaskCreate &rArr; pvPortMalloc &rArr; xTaskResumeAll &rArr; xTaskIncrementTick
</UL>
<BR>[Calls]<UL><LI><a href="#[1b8]">&gt;&gt;</a>&nbsp;&nbsp;&nbsp;xTaskCreate
<LI><a href="#[27f]">&gt;&gt;</a>&nbsp;&nbsp;&nbsp;xPortStartScheduler
</UL>
<BR>[Called By]<UL><LI><a href="#[30]">&gt;&gt;</a>&nbsp;&nbsp;&nbsp;main
</UL>

<P><STRONG><a name="[26f]"></a>vTaskSuspendAll</STRONG> (Thumb, 12 bytes, Stack size 0 bytes, tasks.o(i.vTaskSuspendAll))
<BR><BR>[Called By]<UL><LI><a href="#[cf]">&gt;&gt;</a>&nbsp;&nbsp;&nbsp;vTaskDelay
<LI><a href="#[26e]">&gt;&gt;</a>&nbsp;&nbsp;&nbsp;prvCheckTasksWaitingTermination
<LI><a href="#[272]">&gt;&gt;</a>&nbsp;&nbsp;&nbsp;vPortFree
<LI><a href="#[278]">&gt;&gt;</a>&nbsp;&nbsp;&nbsp;pvPortMalloc
</UL>

<P><STRONG><a name="[5d]"></a>vTaskSwitchContext</STRONG> (Thumb, 108 bytes, Stack size 0 bytes, tasks.o(i.vTaskSwitchContext))
<BR><BR>[Called By]<UL><LI><a href="#[e]">&gt;&gt;</a>&nbsp;&nbsp;&nbsp;PendSV_Handler
</UL>

<P><STRONG><a name="[25b]"></a>writecalpara</STRONG> (Thumb, 450 bytes, Stack size 16 bytes, emu.o(i.writecalpara))
<BR><BR>[Stack]<UL><LI>Max Depth = 208<LI>Call Chain = writecalpara &rArr; HT7017_Write &rArr; SendData_HT7017 &rArr; UsartSend &rArr; SimuUartSendData &rArr; vTaskDelay &rArr; xTaskResumeAll &rArr; xTaskIncrementTick
</UL>
<BR>[Calls]<UL><LI><a href="#[15f]">&gt;&gt;</a>&nbsp;&nbsp;&nbsp;HT7017_Write
</UL>
<BR>[Called By]<UL><LI><a href="#[3a]">&gt;&gt;</a>&nbsp;&nbsp;&nbsp;emuTask
</UL>

<P><STRONG><a name="[27f]"></a>xPortStartScheduler</STRONG> (Thumb, 48 bytes, Stack size 8 bytes, port.o(i.xPortStartScheduler))
<BR><BR>[Stack]<UL><LI>Max Depth = 8<LI>Call Chain = xPortStartScheduler
</UL>
<BR>[Calls]<UL><LI><a href="#[280]">&gt;&gt;</a>&nbsp;&nbsp;&nbsp;prvSetupTimerInterrupt
<LI><a href="#[281]">&gt;&gt;</a>&nbsp;&nbsp;&nbsp;__asm___6_port_c_39a90d8d__prvPortStartFirstTask
</UL>
<BR>[Called By]<UL><LI><a href="#[264]">&gt;&gt;</a>&nbsp;&nbsp;&nbsp;vTaskStartScheduler
</UL>

<P><STRONG><a name="[1b8]"></a>xTaskCreate</STRONG> (Thumb, 92 bytes, Stack size 56 bytes, tasks.o(i.xTaskCreate))
<BR><BR>[Stack]<UL><LI>Max Depth = 120<LI>Call Chain = xTaskCreate &rArr; pvPortMalloc &rArr; xTaskResumeAll &rArr; xTaskIncrementTick
</UL>
<BR>[Calls]<UL><LI><a href="#[274]">&gt;&gt;</a>&nbsp;&nbsp;&nbsp;prvInitialiseNewTask
<LI><a href="#[26a]">&gt;&gt;</a>&nbsp;&nbsp;&nbsp;prvAddNewTaskToReadyList
<LI><a href="#[272]">&gt;&gt;</a>&nbsp;&nbsp;&nbsp;vPortFree
<LI><a href="#[278]">&gt;&gt;</a>&nbsp;&nbsp;&nbsp;pvPortMalloc
</UL>
<BR>[Called By]<UL><LI><a href="#[264]">&gt;&gt;</a>&nbsp;&nbsp;&nbsp;vTaskStartScheduler
<LI><a href="#[30]">&gt;&gt;</a>&nbsp;&nbsp;&nbsp;main
<LI><a href="#[3d]">&gt;&gt;</a>&nbsp;&nbsp;&nbsp;MainTask
</UL>

<P><STRONG><a name="[1c6]"></a>xTaskGetCurrentTaskHandle</STRONG> (Thumb, 6 bytes, Stack size 0 bytes, tasks.o(i.xTaskGetCurrentTaskHandle))
<BR><BR>[Called By]<UL><LI><a href="#[13f]">&gt;&gt;</a>&nbsp;&nbsp;&nbsp;MuxSempTake
</UL>

<P><STRONG><a name="[240]"></a>xTaskIncrementTick</STRONG> (Thumb, 218 bytes, Stack size 24 bytes, tasks.o(i.xTaskIncrementTick))
<BR><BR>[Stack]<UL><LI>Max Depth = 24<LI>Call Chain = xTaskIncrementTick
</UL>
<BR>[Calls]<UL><LI><a href="#[27e]">&gt;&gt;</a>&nbsp;&nbsp;&nbsp;prvResetNextTaskUnblockTime
<LI><a href="#[268]">&gt;&gt;</a>&nbsp;&nbsp;&nbsp;vListInsertEnd
<LI><a href="#[267]">&gt;&gt;</a>&nbsp;&nbsp;&nbsp;uxListRemove
</UL>
<BR>[Called By]<UL><LI><a href="#[270]">&gt;&gt;</a>&nbsp;&nbsp;&nbsp;xTaskResumeAll
<LI><a href="#[f]">&gt;&gt;</a>&nbsp;&nbsp;&nbsp;SysTick_Handler
</UL>

<P><STRONG><a name="[270]"></a>xTaskResumeAll</STRONG> (Thumb, 196 bytes, Stack size 16 bytes, tasks.o(i.xTaskResumeAll))
<BR><BR>[Stack]<UL><LI>Max Depth = 40<LI>Call Chain = xTaskResumeAll &rArr; xTaskIncrementTick
</UL>
<BR>[Calls]<UL><LI><a href="#[240]">&gt;&gt;</a>&nbsp;&nbsp;&nbsp;xTaskIncrementTick
<LI><a href="#[27e]">&gt;&gt;</a>&nbsp;&nbsp;&nbsp;prvResetNextTaskUnblockTime
<LI><a href="#[26d]">&gt;&gt;</a>&nbsp;&nbsp;&nbsp;vPortExitCritical
<LI><a href="#[26b]">&gt;&gt;</a>&nbsp;&nbsp;&nbsp;vPortEnterCritical
<LI><a href="#[268]">&gt;&gt;</a>&nbsp;&nbsp;&nbsp;vListInsertEnd
<LI><a href="#[267]">&gt;&gt;</a>&nbsp;&nbsp;&nbsp;uxListRemove
</UL>
<BR>[Called By]<UL><LI><a href="#[cf]">&gt;&gt;</a>&nbsp;&nbsp;&nbsp;vTaskDelay
<LI><a href="#[26e]">&gt;&gt;</a>&nbsp;&nbsp;&nbsp;prvCheckTasksWaitingTermination
<LI><a href="#[272]">&gt;&gt;</a>&nbsp;&nbsp;&nbsp;vPortFree
<LI><a href="#[278]">&gt;&gt;</a>&nbsp;&nbsp;&nbsp;pvPortMalloc
</UL>
<P>
<H3>
Local Symbols
</H3>
<P><STRONG><a name="[8d]"></a>SaveEmuCalation</STRONG> (Thumb, 32 bytes, Stack size 8 bytes, emu.o(i.SaveEmuCalation))
<BR><BR>[Stack]<UL><LI>Max Depth = 272<LI>Call Chain = SaveEmuCalation &rArr; FlashWritMatrix &rArr; EepromWriteData &rArr; at24c64_eepromWrite &rArr; at24c64_eepromRead &rArr; I2C_ReadNByte &rArr; MuxSempTake &rArr; vTaskDelay &rArr; xTaskResumeAll &rArr; xTaskIncrementTick
</UL>
<BR>[Calls]<UL><LI><a href="#[95]">&gt;&gt;</a>&nbsp;&nbsp;&nbsp;GetPktSum
<LI><a href="#[12e]">&gt;&gt;</a>&nbsp;&nbsp;&nbsp;FlashWritMatrix
</UL>
<BR>[Called By]<UL><LI><a href="#[123]">&gt;&gt;</a>&nbsp;&nbsp;&nbsp;EmuMatrixInit
<LI><a href="#[8a]">&gt;&gt;</a>&nbsp;&nbsp;&nbsp;AutoLearnMatrix
</UL>

<P><STRONG><a name="[16b]"></a>NVIC_ClearPendingIRQ</STRONG> (Thumb, 14 bytes, Stack size 0 bytes, i2c.o(i.NVIC_ClearPendingIRQ))
<BR><BR>[Called By]<UL><LI><a href="#[169]">&gt;&gt;</a>&nbsp;&nbsp;&nbsp;I2C_Init
</UL>

<P><STRONG><a name="[16d]"></a>NVIC_EnableIRQ</STRONG> (Thumb, 14 bytes, Stack size 0 bytes, i2c.o(i.NVIC_EnableIRQ))
<BR><BR>[Called By]<UL><LI><a href="#[169]">&gt;&gt;</a>&nbsp;&nbsp;&nbsp;I2C_Init
</UL>

<P><STRONG><a name="[16c]"></a>NVIC_SetPriority</STRONG> (Thumb, 110 bytes, Stack size 8 bytes, i2c.o(i.NVIC_SetPriority))
<BR><BR>[Stack]<UL><LI>Max Depth = 8<LI>Call Chain = NVIC_SetPriority
</UL>
<BR>[Called By]<UL><LI><a href="#[169]">&gt;&gt;</a>&nbsp;&nbsp;&nbsp;I2C_Init
</UL>

<P><STRONG><a name="[1b0]"></a>HT_LCD_Init</STRONG> (Thumb, 30 bytes, Stack size 0 bytes, lcd.o(i.HT_LCD_Init))
<BR><BR>[Called By]<UL><LI><a href="#[1af]">&gt;&gt;</a>&nbsp;&nbsp;&nbsp;Lcd_Init
</UL>

<P><STRONG><a name="[189]"></a>HT_LCD_Read</STRONG> (Thumb, 12 bytes, Stack size 0 bytes, lcd.o(i.HT_LCD_Read))
<BR><BR>[Called By]<UL><LI><a href="#[188]">&gt;&gt;</a>&nbsp;&nbsp;&nbsp;LcdDisplay
<LI><a href="#[51]">&gt;&gt;</a>&nbsp;&nbsp;&nbsp;LcdDisplayZero
<LI><a href="#[53]">&gt;&gt;</a>&nbsp;&nbsp;&nbsp;LcdDisplayTwo
<LI><a href="#[54]">&gt;&gt;</a>&nbsp;&nbsp;&nbsp;LcdDisplayThree
<LI><a href="#[57]">&gt;&gt;</a>&nbsp;&nbsp;&nbsp;LcdDisplaySix
<LI><a href="#[58]">&gt;&gt;</a>&nbsp;&nbsp;&nbsp;LcdDisplaySeven
<LI><a href="#[52]">&gt;&gt;</a>&nbsp;&nbsp;&nbsp;LcdDisplayOne
<LI><a href="#[5a]">&gt;&gt;</a>&nbsp;&nbsp;&nbsp;LcdDisplayNine
<LI><a href="#[55]">&gt;&gt;</a>&nbsp;&nbsp;&nbsp;LcdDisplayFour
<LI><a href="#[56]">&gt;&gt;</a>&nbsp;&nbsp;&nbsp;LcdDisplayFive
<LI><a href="#[59]">&gt;&gt;</a>&nbsp;&nbsp;&nbsp;LcdDisplayEight
<LI><a href="#[187]">&gt;&gt;</a>&nbsp;&nbsp;&nbsp;LcdClrData
</UL>

<P><STRONG><a name="[1ae]"></a>Lcd_All_SegCom_IO_Config</STRONG> (Thumb, 88 bytes, Stack size 8 bytes, lcd.o(i.Lcd_All_SegCom_IO_Config))
<BR><BR>[Stack]<UL><LI>Max Depth = 60<LI>Call Chain = Lcd_All_SegCom_IO_Config &rArr; GPIO_Cfg &rArr; HT_GPIO_Init
</UL>
<BR>[Calls]<UL><LI><a href="#[109]">&gt;&gt;</a>&nbsp;&nbsp;&nbsp;GPIO_Cfg
</UL>
<BR>[Called By]<UL><LI><a href="#[1af]">&gt;&gt;</a>&nbsp;&nbsp;&nbsp;Lcd_Init
</UL>

<P><STRONG><a name="[201]"></a>NVIC_SetPriority</STRONG> (Thumb, 110 bytes, Stack size 8 bytes, rtc.o(i.NVIC_SetPriority))
<BR><BR>[Stack]<UL><LI>Max Depth = 8<LI>Call Chain = NVIC_SetPriority
</UL>
<BR>[Called By]<UL><LI><a href="#[1b5]">&gt;&gt;</a>&nbsp;&nbsp;&nbsp;RtcInit
</UL>

<P><STRONG><a name="[215]"></a>NVIC_ClearPendingIRQ</STRONG> (Thumb, 14 bytes, Stack size 0 bytes, simuart.o(i.NVIC_ClearPendingIRQ))
<BR><BR>[Called By]<UL><LI><a href="#[214]">&gt;&gt;</a>&nbsp;&nbsp;&nbsp;SimuartGpioInit
</UL>

<P><STRONG><a name="[217]"></a>NVIC_EnableIRQ</STRONG> (Thumb, 14 bytes, Stack size 0 bytes, simuart.o(i.NVIC_EnableIRQ))
<BR><BR>[Called By]<UL><LI><a href="#[1b4]">&gt;&gt;</a>&nbsp;&nbsp;&nbsp;SimuartInit
<LI><a href="#[214]">&gt;&gt;</a>&nbsp;&nbsp;&nbsp;SimuartGpioInit
</UL>

<P><STRONG><a name="[216]"></a>NVIC_SetPriority</STRONG> (Thumb, 110 bytes, Stack size 8 bytes, simuart.o(i.NVIC_SetPriority))
<BR><BR>[Stack]<UL><LI>Max Depth = 8<LI>Call Chain = NVIC_SetPriority
</UL>
<BR>[Called By]<UL><LI><a href="#[214]">&gt;&gt;</a>&nbsp;&nbsp;&nbsp;SimuartGpioInit
</UL>

<P><STRONG><a name="[243]"></a>NVIC_SetPriority</STRONG> (Thumb, 110 bytes, Stack size 8 bytes, systick.o(i.NVIC_SetPriority))
<BR><BR>[Stack]<UL><LI>Max Depth = 8<LI>Call Chain = NVIC_SetPriority
</UL>
<BR>[Called By]<UL><LI><a href="#[242]">&gt;&gt;</a>&nbsp;&nbsp;&nbsp;SysTick_Init
</UL>

<P><STRONG><a name="[176]"></a>NVIC_ClearPendingIRQ</STRONG> (Thumb, 14 bytes, Stack size 0 bytes, usart.o(i.NVIC_ClearPendingIRQ))
<BR><BR>[Called By]<UL><LI><a href="#[1]">&gt;&gt;</a>&nbsp;&nbsp;&nbsp;Init_Uart1
<LI><a href="#[6]">&gt;&gt;</a>&nbsp;&nbsp;&nbsp;Init_Uart6
<LI><a href="#[5]">&gt;&gt;</a>&nbsp;&nbsp;&nbsp;Init_Uart5
<LI><a href="#[4]">&gt;&gt;</a>&nbsp;&nbsp;&nbsp;Init_Uart4
<LI><a href="#[3]">&gt;&gt;</a>&nbsp;&nbsp;&nbsp;Init_Uart3
<LI><a href="#[2]">&gt;&gt;</a>&nbsp;&nbsp;&nbsp;Init_Uart2
<LI><a href="#[0]">&gt;&gt;</a>&nbsp;&nbsp;&nbsp;Init_Uart0
</UL>

<P><STRONG><a name="[174]"></a>NVIC_DisableIRQ</STRONG> (Thumb, 14 bytes, Stack size 0 bytes, usart.o(i.NVIC_DisableIRQ))
<BR><BR>[Called By]<UL><LI><a href="#[1]">&gt;&gt;</a>&nbsp;&nbsp;&nbsp;Init_Uart1
<LI><a href="#[6]">&gt;&gt;</a>&nbsp;&nbsp;&nbsp;Init_Uart6
<LI><a href="#[5]">&gt;&gt;</a>&nbsp;&nbsp;&nbsp;Init_Uart5
<LI><a href="#[4]">&gt;&gt;</a>&nbsp;&nbsp;&nbsp;Init_Uart4
<LI><a href="#[3]">&gt;&gt;</a>&nbsp;&nbsp;&nbsp;Init_Uart3
<LI><a href="#[2]">&gt;&gt;</a>&nbsp;&nbsp;&nbsp;Init_Uart2
<LI><a href="#[0]">&gt;&gt;</a>&nbsp;&nbsp;&nbsp;Init_Uart0
</UL>

<P><STRONG><a name="[178]"></a>NVIC_EnableIRQ</STRONG> (Thumb, 14 bytes, Stack size 0 bytes, usart.o(i.NVIC_EnableIRQ))
<BR><BR>[Called By]<UL><LI><a href="#[1]">&gt;&gt;</a>&nbsp;&nbsp;&nbsp;Init_Uart1
<LI><a href="#[6]">&gt;&gt;</a>&nbsp;&nbsp;&nbsp;Init_Uart6
<LI><a href="#[5]">&gt;&gt;</a>&nbsp;&nbsp;&nbsp;Init_Uart5
<LI><a href="#[4]">&gt;&gt;</a>&nbsp;&nbsp;&nbsp;Init_Uart4
<LI><a href="#[3]">&gt;&gt;</a>&nbsp;&nbsp;&nbsp;Init_Uart3
<LI><a href="#[2]">&gt;&gt;</a>&nbsp;&nbsp;&nbsp;Init_Uart2
<LI><a href="#[0]">&gt;&gt;</a>&nbsp;&nbsp;&nbsp;Init_Uart0
</UL>

<P><STRONG><a name="[177]"></a>NVIC_SetPriority</STRONG> (Thumb, 110 bytes, Stack size 8 bytes, usart.o(i.NVIC_SetPriority))
<BR><BR>[Stack]<UL><LI>Max Depth = 8<LI>Call Chain = NVIC_SetPriority
</UL>
<BR>[Called By]<UL><LI><a href="#[1]">&gt;&gt;</a>&nbsp;&nbsp;&nbsp;Init_Uart1
<LI><a href="#[6]">&gt;&gt;</a>&nbsp;&nbsp;&nbsp;Init_Uart6
<LI><a href="#[5]">&gt;&gt;</a>&nbsp;&nbsp;&nbsp;Init_Uart5
<LI><a href="#[4]">&gt;&gt;</a>&nbsp;&nbsp;&nbsp;Init_Uart4
<LI><a href="#[3]">&gt;&gt;</a>&nbsp;&nbsp;&nbsp;Init_Uart3
<LI><a href="#[2]">&gt;&gt;</a>&nbsp;&nbsp;&nbsp;Init_Uart2
<LI><a href="#[0]">&gt;&gt;</a>&nbsp;&nbsp;&nbsp;Init_Uart0
</UL>

<P><STRONG><a name="[266]"></a>prvAddCurrentTaskToDelayedList</STRONG> (Thumb, 100 bytes, Stack size 24 bytes, tasks.o(i.prvAddCurrentTaskToDelayedList))
<BR><BR>[Stack]<UL><LI>Max Depth = 32<LI>Call Chain = prvAddCurrentTaskToDelayedList &rArr; vListInsert
</UL>
<BR>[Calls]<UL><LI><a href="#[268]">&gt;&gt;</a>&nbsp;&nbsp;&nbsp;vListInsertEnd
<LI><a href="#[269]">&gt;&gt;</a>&nbsp;&nbsp;&nbsp;vListInsert
<LI><a href="#[267]">&gt;&gt;</a>&nbsp;&nbsp;&nbsp;uxListRemove
</UL>
<BR>[Called By]<UL><LI><a href="#[cf]">&gt;&gt;</a>&nbsp;&nbsp;&nbsp;vTaskDelay
</UL>

<P><STRONG><a name="[26a]"></a>prvAddNewTaskToReadyList</STRONG> (Thumb, 134 bytes, Stack size 8 bytes, tasks.o(i.prvAddNewTaskToReadyList))
<BR><BR>[Stack]<UL><LI>Max Depth = 16<LI>Call Chain = prvAddNewTaskToReadyList &rArr; prvInitialiseTaskLists
</UL>
<BR>[Calls]<UL><LI><a href="#[26c]">&gt;&gt;</a>&nbsp;&nbsp;&nbsp;prvInitialiseTaskLists
<LI><a href="#[26d]">&gt;&gt;</a>&nbsp;&nbsp;&nbsp;vPortExitCritical
<LI><a href="#[26b]">&gt;&gt;</a>&nbsp;&nbsp;&nbsp;vPortEnterCritical
<LI><a href="#[268]">&gt;&gt;</a>&nbsp;&nbsp;&nbsp;vListInsertEnd
</UL>
<BR>[Called By]<UL><LI><a href="#[1b8]">&gt;&gt;</a>&nbsp;&nbsp;&nbsp;xTaskCreate
</UL>

<P><STRONG><a name="[26e]"></a>prvCheckTasksWaitingTermination</STRONG> (Thumb, 90 bytes, Stack size 16 bytes, tasks.o(i.prvCheckTasksWaitingTermination))
<BR><BR>[Stack]<UL><LI>Max Depth = 80<LI>Call Chain = prvCheckTasksWaitingTermination &rArr; prvDeleteTCB &rArr; vPortFree &rArr; xTaskResumeAll &rArr; xTaskIncrementTick
</UL>
<BR>[Calls]<UL><LI><a href="#[271]">&gt;&gt;</a>&nbsp;&nbsp;&nbsp;prvDeleteTCB
<LI><a href="#[270]">&gt;&gt;</a>&nbsp;&nbsp;&nbsp;xTaskResumeAll
<LI><a href="#[26f]">&gt;&gt;</a>&nbsp;&nbsp;&nbsp;vTaskSuspendAll
<LI><a href="#[26d]">&gt;&gt;</a>&nbsp;&nbsp;&nbsp;vPortExitCritical
<LI><a href="#[26b]">&gt;&gt;</a>&nbsp;&nbsp;&nbsp;vPortEnterCritical
<LI><a href="#[267]">&gt;&gt;</a>&nbsp;&nbsp;&nbsp;uxListRemove
</UL>
<BR>[Called By]<UL><LI><a href="#[3f]">&gt;&gt;</a>&nbsp;&nbsp;&nbsp;prvIdleTask
</UL>

<P><STRONG><a name="[271]"></a>prvDeleteTCB</STRONG> (Thumb, 18 bytes, Stack size 8 bytes, tasks.o(i.prvDeleteTCB))
<BR><BR>[Stack]<UL><LI>Max Depth = 64<LI>Call Chain = prvDeleteTCB &rArr; vPortFree &rArr; xTaskResumeAll &rArr; xTaskIncrementTick
</UL>
<BR>[Calls]<UL><LI><a href="#[272]">&gt;&gt;</a>&nbsp;&nbsp;&nbsp;vPortFree
</UL>
<BR>[Called By]<UL><LI><a href="#[20f]">&gt;&gt;</a>&nbsp;&nbsp;&nbsp;vTaskDelete
<LI><a href="#[26e]">&gt;&gt;</a>&nbsp;&nbsp;&nbsp;prvCheckTasksWaitingTermination
</UL>

<P><STRONG><a name="[3f]"></a>prvIdleTask</STRONG> (Thumb, 12 bytes, Stack size 0 bytes, tasks.o(i.prvIdleTask))
<BR><BR>[Stack]<UL><LI>Max Depth = 80<LI>Call Chain = prvIdleTask &rArr; prvCheckTasksWaitingTermination &rArr; prvDeleteTCB &rArr; vPortFree &rArr; xTaskResumeAll &rArr; xTaskIncrementTick
</UL>
<BR>[Calls]<UL><LI><a href="#[26e]">&gt;&gt;</a>&nbsp;&nbsp;&nbsp;prvCheckTasksWaitingTermination
<LI><a href="#[273]">&gt;&gt;</a>&nbsp;&nbsp;&nbsp;vPortYield
</UL>
<BR>[Address Reference Count : 1]<UL><LI> tasks.o(i.vTaskStartScheduler)
</UL>
<P><STRONG><a name="[274]"></a>prvInitialiseNewTask</STRONG> (Thumb, 176 bytes, Stack size 40 bytes, tasks.o(i.prvInitialiseNewTask))
<BR><BR>[Stack]<UL><LI>Max Depth = 40<LI>Call Chain = prvInitialiseNewTask
</UL>
<BR>[Calls]<UL><LI><a href="#[276]">&gt;&gt;</a>&nbsp;&nbsp;&nbsp;pxPortInitialiseStack
<LI><a href="#[275]">&gt;&gt;</a>&nbsp;&nbsp;&nbsp;vListInitialiseItem
<LI><a href="#[63]">&gt;&gt;</a>&nbsp;&nbsp;&nbsp;__aeabi_memset
</UL>
<BR>[Called By]<UL><LI><a href="#[1b8]">&gt;&gt;</a>&nbsp;&nbsp;&nbsp;xTaskCreate
</UL>

<P><STRONG><a name="[26c]"></a>prvInitialiseTaskLists</STRONG> (Thumb, 68 bytes, Stack size 8 bytes, tasks.o(i.prvInitialiseTaskLists))
<BR><BR>[Stack]<UL><LI>Max Depth = 8<LI>Call Chain = prvInitialiseTaskLists
</UL>
<BR>[Calls]<UL><LI><a href="#[277]">&gt;&gt;</a>&nbsp;&nbsp;&nbsp;vListInitialise
</UL>
<BR>[Called By]<UL><LI><a href="#[26a]">&gt;&gt;</a>&nbsp;&nbsp;&nbsp;prvAddNewTaskToReadyList
</UL>

<P><STRONG><a name="[27e]"></a>prvResetNextTaskUnblockTime</STRONG> (Thumb, 46 bytes, Stack size 0 bytes, tasks.o(i.prvResetNextTaskUnblockTime))
<BR><BR>[Called By]<UL><LI><a href="#[20f]">&gt;&gt;</a>&nbsp;&nbsp;&nbsp;vTaskDelete
<LI><a href="#[240]">&gt;&gt;</a>&nbsp;&nbsp;&nbsp;xTaskIncrementTick
<LI><a href="#[270]">&gt;&gt;</a>&nbsp;&nbsp;&nbsp;xTaskResumeAll
</UL>

<P><STRONG><a name="[280]"></a>prvSetupTimerInterrupt</STRONG> (Thumb, 12 bytes, Stack size 0 bytes, port.o(i.prvSetupTimerInterrupt))
<BR><BR>[Called By]<UL><LI><a href="#[27f]">&gt;&gt;</a>&nbsp;&nbsp;&nbsp;xPortStartScheduler
</UL>

<P><STRONG><a name="[3e]"></a>prvTaskExitError</STRONG> (Thumb, 32 bytes, Stack size 0 bytes, port.o(i.prvTaskExitError))
<BR>[Address Reference Count : 1]<UL><LI> port.o(i.pxPortInitialiseStack)
</UL>
<P><STRONG><a name="[279]"></a>prvHeapInit</STRONG> (Thumb, 100 bytes, Stack size 12 bytes, heap_4.o(i.prvHeapInit))
<BR><BR>[Stack]<UL><LI>Max Depth = 12<LI>Call Chain = prvHeapInit
</UL>
<BR>[Called By]<UL><LI><a href="#[278]">&gt;&gt;</a>&nbsp;&nbsp;&nbsp;pvPortMalloc
</UL>

<P><STRONG><a name="[27a]"></a>prvInsertBlockIntoFreeList</STRONG> (Thumb, 96 bytes, Stack size 8 bytes, heap_4.o(i.prvInsertBlockIntoFreeList))
<BR><BR>[Stack]<UL><LI>Max Depth = 8<LI>Call Chain = prvInsertBlockIntoFreeList
</UL>
<BR>[Called By]<UL><LI><a href="#[272]">&gt;&gt;</a>&nbsp;&nbsp;&nbsp;vPortFree
<LI><a href="#[278]">&gt;&gt;</a>&nbsp;&nbsp;&nbsp;pvPortMalloc
</UL>

<P><STRONG><a name="[256]"></a>_printf_core</STRONG> (Thumb, 1020 bytes, Stack size 104 bytes, printf8.o(i._printf_core), UNUSED)
<BR><BR>[Calls]<UL><LI><a href="#[258]">&gt;&gt;</a>&nbsp;&nbsp;&nbsp;_printf_pre_padding
<LI><a href="#[259]">&gt;&gt;</a>&nbsp;&nbsp;&nbsp;_printf_post_padding
<LI><a href="#[7e]">&gt;&gt;</a>&nbsp;&nbsp;&nbsp;__aeabi_uldivmod
</UL>
<BR>[Called By]<UL><LI><a href="#[257]">&gt;&gt;</a>&nbsp;&nbsp;&nbsp;__0sprintf$8
<LI><a href="#[255]">&gt;&gt;</a>&nbsp;&nbsp;&nbsp;__0printf$8
</UL>

<P><STRONG><a name="[259]"></a>_printf_post_padding</STRONG> (Thumb, 32 bytes, Stack size 24 bytes, printf8.o(i._printf_post_padding), UNUSED)
<BR><BR>[Called By]<UL><LI><a href="#[256]">&gt;&gt;</a>&nbsp;&nbsp;&nbsp;_printf_core
</UL>

<P><STRONG><a name="[258]"></a>_printf_pre_padding</STRONG> (Thumb, 44 bytes, Stack size 40 bytes, printf8.o(i._printf_pre_padding), UNUSED)
<BR><BR>[Called By]<UL><LI><a href="#[256]">&gt;&gt;</a>&nbsp;&nbsp;&nbsp;_printf_core
</UL>

<P><STRONG><a name="[3c]"></a>_sputc</STRONG> (Thumb, 10 bytes, Stack size 0 bytes, printf8.o(i._sputc))
<BR><BR>[Called By]<UL><LI><a href="#[257]">&gt;&gt;</a>&nbsp;&nbsp;&nbsp;__0sprintf$8
</UL>
<BR>[Address Reference Count : 1]<UL><LI> printf8.o(i.__0sprintf$8)
</UL>
<P><STRONG><a name="[35]"></a>_scanf_char_input</STRONG> (Thumb, 12 bytes, Stack size 0 bytes, scanf_char.o(.text))
<BR>[Address Reference Count : 1]<UL><LI> scanf_char.o(.text)
</UL><P>
<H3>
Undefined Global Symbols
</H3>
<P><STRONG><a name="[87]"></a>_scanf_int</STRONG> (ARM, 0 bytes, Stack size 0 bytes, UNDEFINED)
<BR><BR>[Called By]<UL><LI><a href="#[80]">&gt;&gt;</a>&nbsp;&nbsp;&nbsp;__vfscanf
</UL>

<P><STRONG><a name="[86]"></a>_scanf_longlong</STRONG> (ARM, 0 bytes, Stack size 0 bytes, UNDEFINED)
<BR><BR>[Called By]<UL><LI><a href="#[80]">&gt;&gt;</a>&nbsp;&nbsp;&nbsp;__vfscanf
</UL>

<P><STRONG><a name="[85]"></a>_scanf_real</STRONG> (ARM, 0 bytes, Stack size 0 bytes, UNDEFINED)
<BR><BR>[Called By]<UL><LI><a href="#[80]">&gt;&gt;</a>&nbsp;&nbsp;&nbsp;__vfscanf
</UL>
<HR></body></html>
